Archive member included to satisfy reference by file (symbol)

/Users/dominicfrugoli/Desktop/ProgrammingCode/DaisyCode/DaisyExamples/libDaisy/build/libdaisy.a(daisy_seed.o)
                              build/sardinia.o (daisy::DaisySeed::StartAudio(void (*)(float const* const*, float**, unsigned int)))
/Users/dominicfrugoli/Desktop/ProgrammingCode/DaisyCode/DaisyExamples/libDaisy/build/libdaisy.a(codec_ak4556.o)
                              /Users/dominicfrugoli/Desktop/ProgrammingCode/DaisyCode/DaisyExamples/libDaisy/build/libdaisy.a(daisy_seed.o) (daisy::Ak4556::Init(dsy_gpio_pin))
/Users/dominicfrugoli/Desktop/ProgrammingCode/DaisyCode/DaisyExamples/libDaisy/build/libdaisy.a(codec_wm8731.o)
                              /Users/dominicfrugoli/Desktop/ProgrammingCode/DaisyCode/DaisyExamples/libDaisy/build/libdaisy.a(daisy_seed.o) (daisy::Wm8731::Init(daisy::Wm8731::Config const&, daisy::I2CHandle))
/Users/dominicfrugoli/Desktop/ProgrammingCode/DaisyCode/DaisyExamples/libDaisy/build/libdaisy.a(lcd_hd44780.o)
                              build/sardinia.o (daisy::LcdHD44780::Print(char const*))
/Users/dominicfrugoli/Desktop/ProgrammingCode/DaisyCode/DaisyExamples/libDaisy/build/libdaisy.a(sdram.o)
                              /Users/dominicfrugoli/Desktop/ProgrammingCode/DaisyCode/DaisyExamples/libDaisy/build/libdaisy.a(daisy_seed.o) (SdramHandle::Init())
/Users/dominicfrugoli/Desktop/ProgrammingCode/DaisyCode/DaisyExamples/libDaisy/build/libdaisy.a(audio.o)
                              /Users/dominicfrugoli/Desktop/ProgrammingCode/DaisyCode/DaisyExamples/libDaisy/build/libdaisy.a(daisy_seed.o) (daisy::AudioHandle::Init(daisy::AudioHandle::Config const&, daisy::SaiHandle))
/Users/dominicfrugoli/Desktop/ProgrammingCode/DaisyCode/DaisyExamples/libDaisy/build/libdaisy.a(encoder.o)
                              build/sardinia.o (daisy::Encoder::Init(dsy_gpio_pin, dsy_gpio_pin, dsy_gpio_pin, float))
/Users/dominicfrugoli/Desktop/ProgrammingCode/DaisyCode/DaisyExamples/libDaisy/build/libdaisy.a(switch.o)
                              build/sardinia.o (daisy::Switch::Init(dsy_gpio_pin, float))
/Users/dominicfrugoli/Desktop/ProgrammingCode/DaisyCode/DaisyExamples/libDaisy/build/libdaisy.a(adc.o)
                              build/sardinia.o (daisy::AdcChannelConfig::InitMux(dsy_gpio_pin, unsigned int, dsy_gpio_pin, dsy_gpio_pin, dsy_gpio_pin, daisy::AdcChannelConfig::ConversionSpeed))
/Users/dominicfrugoli/Desktop/ProgrammingCode/DaisyCode/DaisyExamples/libDaisy/build/libdaisy.a(gpio.o)
                              /Users/dominicfrugoli/Desktop/ProgrammingCode/DaisyCode/DaisyExamples/libDaisy/build/libdaisy.a(daisy_seed.o) (daisy::GPIO::Init(daisy::Pin, daisy::GPIO::Mode, daisy::GPIO::Pull, daisy::GPIO::Speed))
/Users/dominicfrugoli/Desktop/ProgrammingCode/DaisyCode/DaisyExamples/libDaisy/build/libdaisy.a(i2c.o)
                              /Users/dominicfrugoli/Desktop/ProgrammingCode/DaisyCode/DaisyExamples/libDaisy/build/libdaisy.a(daisy_seed.o) (daisy::I2CHandle::Init(daisy::I2CHandle::Config const&))
/Users/dominicfrugoli/Desktop/ProgrammingCode/DaisyCode/DaisyExamples/libDaisy/build/libdaisy.a(qspi.o)
                              /Users/dominicfrugoli/Desktop/ProgrammingCode/DaisyCode/DaisyExamples/libDaisy/build/libdaisy.a(daisy_seed.o) (daisy::QSPIHandle::Init(daisy::QSPIHandle::Config const&))
/Users/dominicfrugoli/Desktop/ProgrammingCode/DaisyCode/DaisyExamples/libDaisy/build/libdaisy.a(sai.o)
                              /Users/dominicfrugoli/Desktop/ProgrammingCode/DaisyCode/DaisyExamples/libDaisy/build/libdaisy.a(daisy_seed.o) (daisy::SaiHandle::Init(daisy::SaiHandle::Config const&))
/Users/dominicfrugoli/Desktop/ProgrammingCode/DaisyCode/DaisyExamples/libDaisy/build/libdaisy.a(system.o)
                              /Users/dominicfrugoli/Desktop/ProgrammingCode/DaisyCode/DaisyExamples/libDaisy/build/libdaisy.a(daisy_seed.o) (daisy::System::DeInit())
/Users/dominicfrugoli/Desktop/ProgrammingCode/DaisyCode/DaisyExamples/libDaisy/build/libdaisy.a(system_stm32h7xx.o)
                              build/startup_stm32h750xx.o (SystemInit)
/Users/dominicfrugoli/Desktop/ProgrammingCode/DaisyCode/DaisyExamples/libDaisy/build/libdaisy.a(usbd_conf.o)
                              /Users/dominicfrugoli/Desktop/ProgrammingCode/DaisyCode/DaisyExamples/libDaisy/build/libdaisy.a(system.o) (hpcd_USB_OTG_HS)
/Users/dominicfrugoli/Desktop/ProgrammingCode/DaisyCode/DaisyExamples/libDaisy/build/libdaisy.a(usbh_conf.o)
                              /Users/dominicfrugoli/Desktop/ProgrammingCode/DaisyCode/DaisyExamples/libDaisy/build/libdaisy.a(system.o) (hhcd_USB_OTG_HS)
/Users/dominicfrugoli/Desktop/ProgrammingCode/DaisyCode/DaisyExamples/libDaisy/build/libdaisy.a(hal_map.o)
                              /Users/dominicfrugoli/Desktop/ProgrammingCode/DaisyCode/DaisyExamples/libDaisy/build/libdaisy.a(gpio.o) (dsy_hal_map_get_port)
[...]
Memory Configuration

Name             Origin             Length             Attributes
FLASH            0x0000000008000000 0x0000000000020000 xr
DTCMRAM          0x0000000020000000 0x0000000000020000 xrw
SRAM             0x0000000024000000 0x0000000000080000 xrw
RAM_D2           0x0000000030000000 0x0000000000048000 xrw
RAM_D3           0x0000000038000000 0x0000000000010000 xrw
BACKUP_SRAM      0x0000000038800000 0x0000000000001000 xrw
ITCMRAM          0x0000000000000000 0x0000000000010000 xrw
SDRAM            0x00000000c0000000 0x0000000004000000 xrw
QSPIFLASH        0x0000000090000000 0x0000000000800000 xr
*default*        0x0000000000000000 0xffffffffffffffff

Linker script and memory map

LOAD /Applications/ARM/bin/../lib/gcc/arm-none-eabi/10.3.1/thumb/v7e-m+dp/hard/crti.o
LOAD /Applications/ARM/bin/../lib/gcc/arm-none-eabi/10.3.1/thumb/v7e-m+dp/hard/crtbegin.o
LOAD /Applications/ARM/bin/../lib/gcc/arm-none-eabi/10.3.1/../../../../arm-none-eabi/lib/thumb/v7e-m+dp/hard/crt0.o
LOAD build/startup_stm32h750xx.o
LOAD build/sardinia.o
LOAD /Users/dominicfrugoli/Desktop/ProgrammingCode/DaisyCode/DaisyExamples/libDaisy/build/libdaisy.a
LOAD /Applications/ARM/bin/../lib/gcc/arm-none-eabi/10.3.1/../../../../arm-none-eabi/lib/thumb/v7e-m+dp/hard/libnosys.a
LOAD /Users/dominicfrugoli/Desktop/ProgrammingCode/DaisyCode/DaisyExamples/DaisySP/build/libdaisysp.a
LOAD /Applications/ARM/bin/../lib/gcc/arm-none-eabi/10.3.1/../../../../arm-none-eabi/lib/thumb/v7e-m+dp/hard/libstdc++_nano.a
LOAD /Applications/ARM/bin/../lib/gcc/arm-none-eabi/10.3.1/../../../../arm-none-eabi/lib/thumb/v7e-m+dp/hard/libm.a
LOAD /Applications/ARM/bin/../lib/gcc/arm-none-eabi/10.3.1/../../../../arm-none-eabi/lib/thumb/v7e-m+dp/hard/libc_nano.a
START GROUP
LOAD /Applications/ARM/bin/../lib/gcc/arm-none-eabi/10.3.1/thumb/v7e-m+dp/hard/libgcc.a
LOAD /Applications/ARM/bin/../lib/gcc/arm-none-eabi/10.3.1/../../../../arm-none-eabi/lib/thumb/v7e-m+dp/hard/libc_nano.a
END GROUP
START GROUP
LOAD /Applications/ARM/bin/../lib/gcc/arm-none-eabi/10.3.1/thumb/v7e-m+dp/hard/libgcc.a
LOAD /Applications/ARM/bin/../lib/gcc/arm-none-eabi/10.3.1/../../../../arm-none-eabi/lib/thumb/v7e-m+dp/hard/libc_nano.a
LOAD /Applications/ARM/bin/../lib/gcc/arm-none-eabi/10.3.1/../../../../arm-none-eabi/lib/thumb/v7e-m+dp/hard/libnosys.a
END GROUP
START GROUP
LOAD /Applications/ARM/bin/../lib/gcc/arm-none-eabi/10.3.1/thumb/v7e-m+dp/hard/libgcc.a
LOAD /Applications/ARM/bin/../lib/gcc/arm-none-eabi/10.3.1/../../../../arm-none-eabi/lib/thumb/v7e-m+dp/hard/libc_nano.a
LOAD /Applications/ARM/bin/../lib/gcc/arm-none-eabi/10.3.1/../../../../arm-none-eabi/lib/thumb/v7e-m+dp/hard/libnosys.a
END GROUP
LOAD /Applications/ARM/bin/../lib/gcc/arm-none-eabi/10.3.1/thumb/v7e-m+dp/hard/crtend.o
LOAD /Applications/ARM/bin/../lib/gcc/arm-none-eabi/10.3.1/thumb/v7e-m+dp/hard/crtn.o
                0x0000000020020000                _estack = 0x20020000

.isr_vector     0x0000000008000000      0x298
                0x0000000008000000                . = ALIGN (0x4)
 *(.isr_vector)
 .isr_vector    0x0000000008000000      0x298 build/startup_stm32h750xx.o
                0x0000000008000000                g_pfnVectors
                0x0000000008000298                . = ALIGN (0x4)

.text           0x0000000008000298    0x14998
                0x0000000008000298                . = ALIGN (0x4)
                0x0000000008000298                _stext = .
 *(.text)
 .text          0x0000000008000298       0x40 /Applications/ARM/bin/../lib/gcc/arm-none-eabi/10.3.1/thumb/v7e-m+dp/hard/crtbegin.o
 .text          0x00000000080002d8       0x10 /Applications/ARM/bin/../lib/gcc/arm-none-eabi/10.3.1/../../../../arm-none-eabi/lib/thumb/v7e-m+dp/hard/libc_nano.a(lib_a-strlen.o)
                0x00000000080002d8                strlen
 .text          0x00000000080002e8      0x378 /Applications/ARM/bin/../lib/gcc/arm-none-eabi/10.3.1/thumb/v7e-m+dp/hard/libgcc.a(_arm_addsubdf3.o)
                0x00000000080002e8                __aeabi_drsub
                0x00000000080002f0                __subdf3
                0x00000000080002f0                __aeabi_dsub
                0x00000000080002f4                __aeabi_dadd
                0x00000000080002f4                __adddf3
                0x000000000800056c                __aeabi_ui2d
                0x000000000800056c                __floatunsidf
                0x000000000800058c                __floatsidf
                0x000000000800058c                __aeabi_i2d
                0x00000000080005b0                __extendsfdf2
                0x00000000080005b0                __aeabi_f2d
                0x00000000080005f4                __aeabi_ul2d
                0x00000000080005f4                __floatundidf
                0x0000000008000604                __aeabi_l2d
                0x0000000008000604                __floatdidf
 .text          0x0000000008000660       0x30 /Applications/ARM/bin/../lib/gcc/arm-none-eabi/10.3.1/thumb/v7e-m+dp/hard/libgcc.a(_aeabi_uldivmod.o)
                0x0000000008000660                __aeabi_uldivmod
 .text          0x0000000008000690      0x2d0 /Applications/ARM/bin/../lib/gcc/arm-none-eabi/10.3.1/thumb/v7e-m+dp/hard/libgcc.a(_udivmoddi4.o)
                0x0000000008000690                __udivmoddi4
 .text          0x0000000008000960        0x4 /Applications/ARM/bin/../lib/gcc/arm-none-eabi/10.3.1/thumb/v7e-m+dp/hard/libgcc.a(_dvmd_tls.o)
                0x0000000008000960                __aeabi_ldiv0
                0x0000000008000960                __aeabi_idiv0
 *(.text*)
 .text.Default_Handler
                0x0000000008000964        0x4 build/startup_stm32h750xx.o
                0x0000000008000964                SAI1_IRQHandler
                0x0000000008000964                HASH_RNG_IRQHandler
                0x0000000008000964                EXTI2_IRQHandler
                0x0000000008000964                TIM8_CC_IRQHandler
                0x0000000008000964                HRTIM1_Master_IRQHandler
                0x0000000008000964                DebugMon_Handler
                0x0000000008000964                TIM1_CC_IRQHandler
                0x0000000008000964                BDMA_Channel6_IRQHandler
                0x0000000008000964                DMA2_Stream5_IRQHandler
                0x0000000008000964                HRTIM1_FLT_IRQHandler
                0x0000000008000964                JPEG_IRQHandler
                0x0000000008000964                BDMA_Channel1_IRQHandler
                0x0000000008000964                HRTIM1_TIMD_IRQHandler
                0x0000000008000964                TAMP_STAMP_IRQHandler
                0x0000000008000964                PendSV_Handler
                0x0000000008000964                NMI_Handler
                0x0000000008000964                EXTI3_IRQHandler
                0x0000000008000964                LPTIM4_IRQHandler
                0x0000000008000964                TIM8_TRG_COM_TIM14_IRQHandler
                0x0000000008000964                LPTIM2_IRQHandler
                0x0000000008000964                DFSDM1_FLT1_IRQHandler
                0x0000000008000964                DMAMUX2_OVR_IRQHandler
                0x0000000008000964                TIM8_UP_TIM13_IRQHandler
                0x0000000008000964                I2C3_ER_IRQHandler
                0x0000000008000964                DFSDM1_FLT2_IRQHandler
                0x0000000008000964                MDMA_IRQHandler
                0x0000000008000964                LPTIM3_IRQHandler
                0x0000000008000964                HSEM1_IRQHandler
                0x0000000008000964                EXTI0_IRQHandler
                0x0000000008000964                FPU_IRQHandler
                0x0000000008000964                OTG_HS_WKUP_IRQHandler
                0x0000000008000964                FDCAN1_IT1_IRQHandler
                0x0000000008000964                UsageFault_Handler
                0x0000000008000964                LTDC_ER_IRQHandler
                0x0000000008000964                HRTIM1_TIME_IRQHandler
                0x0000000008000964                TIM6_DAC_IRQHandler
                0x0000000008000964                DCMI_IRQHandler
                0x0000000008000964                HRTIM1_TIMC_IRQHandler
                0x0000000008000964                SAI2_IRQHandler
                0x0000000008000964                DFSDM1_FLT3_IRQHandler
                0x0000000008000964                TIM17_IRQHandler
                0x0000000008000964                CRYP_IRQHandler
                0x0000000008000964                BDMA_Channel7_IRQHandler
                0x0000000008000964                LPTIM5_IRQHandler
                0x0000000008000964                ADC3_IRQHandler
                0x0000000008000964                DMA2_Stream0_IRQHandler
                0x0000000008000964                BDMA_Channel2_IRQHandler
                0x0000000008000964                DMAMUX1_OVR_IRQHandler
                0x0000000008000964                TIM16_IRQHandler
                0x0000000008000964                BDMA_Channel5_IRQHandler
                0x0000000008000964                RCC_IRQHandler
                0x0000000008000964                TIM8_BRK_TIM12_IRQHandler
                0x0000000008000964                TIM1_TRG_COM_IRQHandler
                0x0000000008000964                Default_Handler
                0x0000000008000964                ECC_IRQHandler
                0x0000000008000964                CEC_IRQHandler
                0x0000000008000964                EXTI15_10_IRQHandler
                0x0000000008000964                BDMA_Channel0_IRQHandler
                0x0000000008000964                ADC_IRQHandler
                0x0000000008000964                DMA1_Stream7_IRQHandler
                0x0000000008000964                HRTIM1_TIMA_IRQHandler
                0x0000000008000964                TIM7_IRQHandler
                0x0000000008000964                SDMMC1_IRQHandler
                0x0000000008000964                DMA2_Stream7_IRQHandler
                0x0000000008000964                TIM15_IRQHandler
                0x0000000008000964                PVD_AVD_IRQHandler
                0x0000000008000964                EXTI9_5_IRQHandler
                0x0000000008000964                RTC_WKUP_IRQHandler
                0x0000000008000964                LTDC_IRQHandler
                0x0000000008000964                SAI3_IRQHandler
                0x0000000008000964                ETH_WKUP_IRQHandler
                0x0000000008000964                SPDIF_RX_IRQHandler
                0x0000000008000964                MemManage_Handler
                0x0000000008000964                SVC_Handler
                0x0000000008000964                CRS_IRQHandler
                0x0000000008000964                EXTI4_IRQHandler
                0x0000000008000964                HRTIM1_TIMB_IRQHandler
                0x0000000008000964                FDCAN2_IT1_IRQHandler
                0x0000000008000964                ETH_IRQHandler
                0x0000000008000964                TIM1_UP_IRQHandler
                0x0000000008000964                BDMA_Channel4_IRQHandler
                0x0000000008000964                WWDG_IRQHandler
                0x0000000008000964                SPI6_IRQHandler
                0x0000000008000964                I2C4_EV_IRQHandler
                0x0000000008000964                MDIOS_IRQHandler
                0x0000000008000964                FDCAN2_IT0_IRQHandler
                0x0000000008000964                FDCAN1_IT0_IRQHandler
                0x0000000008000964                OTG_FS_WKUP_IRQHandler
                0x0000000008000964                DMA2D_IRQHandler
                0x0000000008000964                TIM1_BRK_IRQHandler
                0x0000000008000964                EXTI1_IRQHandler
                0x0000000008000964                SDMMC2_IRQHandler
                0x0000000008000964                OTG_FS_EP1_OUT_IRQHandler
                0x0000000008000964                BDMA_Channel3_IRQHandler
                0x0000000008000964                MDIOS_WKUP_IRQHandler
                0x0000000008000964                DFSDM1_FLT0_IRQHandler
                0x0000000008000964                SAI4_IRQHandler
                0x0000000008000964                I2C2_ER_IRQHandler
                0x0000000008000964                DMA2_Stream1_IRQHandler
                0x0000000008000964                FLASH_IRQHandler
                0x0000000008000964                BusFault_Handler
                0x0000000008000964                OTG_FS_IRQHandler
                0x0000000008000964                WAKEUP_PIN_IRQHandler
                0x0000000008000964                OTG_FS_EP1_IN_IRQHandler
                0x0000000008000964                I2C1_ER_IRQHandler
                0x0000000008000964                FMC_IRQHandler
                0x0000000008000964                FDCAN_CAL_IRQHandler
                0x0000000008000964                SWPMI1_IRQHandler
                0x0000000008000964                COMP1_IRQHandler
                0x0000000008000964                LPTIM1_IRQHandler
                0x0000000008000964                I2C4_ER_IRQHandler
                0x0000000008000964                DMA2_Stream6_IRQHandler
                0x0000000008000964                RTC_Alarm_IRQHandler
 .text.Reset_Handler
                0x0000000008000968       0x44 build/startup_stm32h750xx.o
                0x0000000008000968                Reset_Handler
 .text._ZN5daisy6SwitchD2Ev
                0x00000000080009ac        0x4 build/sardinia.o
                0x00000000080009ac                daisy::Switch::~Switch()
                0x00000000080009ac                daisy::Switch::~Switch()
 .text._ZN5daisy7EncoderD2Ev
                0x00000000080009b0        0x4 build/sardinia.o
                0x00000000080009b0                daisy::Encoder::~Encoder()
                0x00000000080009b0                daisy::Encoder::~Encoder()
 .text._ZN5daisy10LcdHD44780D2Ev
                0x00000000080009b4        0x4 build/sardinia.o
                0x00000000080009b4                daisy::LcdHD44780::~LcdHD44780()
                0x00000000080009b4                daisy::LcdHD44780::~LcdHD44780()
 .text._ZN5daisy9DaisySeedD2Ev
                0x00000000080009b8        0x4 build/sardinia.o
                0x00000000080009b8                daisy::DaisySeed::~DaisySeed()
                0x00000000080009b8                daisy::DaisySeed::~DaisySeed()
 .text._ZN7daisysp3SvfD2Ev
                0x00000000080009bc        0x4 build/sardinia.o
                0x00000000080009bc                daisysp::Svf::~Svf()
                0x00000000080009bc                daisysp::Svf::~Svf()
 .text._ZN7daisysp6ChorusD2Ev
                0x00000000080009c0        0x4 build/sardinia.o
                0x00000000080009c0                daisysp::Chorus::~Chorus()
                0x00000000080009c0                daisysp::Chorus::~Chorus()
 .text._ZN7daisysp9OverdriveD2Ev
                0x00000000080009c4        0x4 build/sardinia.o
                0x00000000080009c4                daisysp::Overdrive::~Overdrive()
                0x00000000080009c4                daisysp::Overdrive::~Overdrive()
 .text._ZN7daisysp7OnePoleD2Ev
                0x00000000080009c8        0x4 build/sardinia.o
                0x00000000080009c8                daisysp::OnePole::~OnePole()
                0x00000000080009c8                daisysp::OnePole::~OnePole()
 .text._Z16AdvanceReadIndexv.part.0
                0x00000000080009cc       0x64 build/sardinia.o
 .text._Z12InitControlsv
                0x0000000008000a30      0x218 build/sardinia.o
                0x0000000008000a30                InitControls()
 .text._Z10InitBufferv
                0x0000000008000c48       0x60 build/sardinia.o
                0x0000000008000c48                InitBuffer()
 .text._Z19FullSampleGetSamplev
                0x0000000008000ca8       0x94 build/sardinia.o
                0x0000000008000ca8                FullSampleGetSample()
 .text._Z21SpliceBufferGetSampleiii
                0x0000000008000d3c      0x2d4 build/sardinia.o
                0x0000000008000d3c                SpliceBufferGetSample(int, int, int)
 .text._Z17StoreSpliceBufferi
                0x0000000008001010      0x308 build/sardinia.o
                0x0000000008001010                StoreSpliceBuffer(int)
 .text._Z12SetKeyIndexsv
                0x0000000008001318       0xcc build/sardinia.o
                0x0000000008001318                SetKeyIndexs()
 .text._Z7InitLCDv
                0x00000000080013e4       0x64 build/sardinia.o
                0x00000000080013e4                InitLCD()
 .text._Z9PrintMenufPb
                0x0000000008001448       0xdc build/sardinia.o
                0x0000000008001448                PrintMenu(float, bool*)
 .text._Z11InitEffectsf
                0x0000000008001524       0xd0 build/sardinia.o
                0x0000000008001524                InitEffects(float)
 .text._Z14ProcessEffectsf
                0x00000000080015f4       0xbc build/sardinia.o
                0x00000000080015f4                ProcessEffects(float)
 .text._Z23ProcessEffectParametersv
                0x00000000080016b0       0xbc build/sardinia.o
                0x00000000080016b0                ProcessEffectParameters()
 .text.startup.main
                0x000000000800176c       0x84 build/sardinia.o
                0x000000000800176c                main
 .text._Z18RecordModeControlsv
                0x00000000080017f0      0x148 build/sardinia.o
                0x00000000080017f0                RecordModeControls()
 .text._Z16PlayModeControlsv
                0x0000000008001938       0x8c build/sardinia.o
                0x0000000008001938                PlayModeControls()
 .text._Z17ProcessControlsARv
                0x00000000080019c4       0xec build/sardinia.o
                0x00000000080019c4                ProcessControlsAR()
 .text._Z10UpdateKeysv
                0x0000000008001ab0       0xec build/sardinia.o
                0x0000000008001ab0                UpdateKeys()
 .text._Z17ProcessControlsKRv
                0x0000000008001b9c      0x238 build/sardinia.o
                0x0000000008001b9c                ProcessControlsKR()
 .text._Z13AudioCallbackPKPKfPPfj
                0x0000000008001dd4      0x1fc build/sardinia.o
                0x0000000008001dd4                AudioCallback(float const* const*, float**, unsigned int)
 .text.startup._GLOBAL__sub_I_adcConfig
                0x0000000008001fd0       0xb8 build/sardinia.o
 .text._ZN5daisy9DaisySeed10StartAudioEPFvPKPKfPPfjE
                0x0000000008002088        0x8 /Users/dominicfrugoli/Desktop/ProgrammingCode/DaisyCode/DaisyExamples/libDaisy/build/libdaisy.a(daisy_seed.o)
                0x0000000008002088                daisy::DaisySeed::StartAudio(void (*)(float const* const*, float**, unsigned int))
 .text._ZN5daisy9DaisySeed18SetAudioSampleRateENS_9SaiHandle6Config10SampleRateE
                0x0000000008002090       0x38 /Users/dominicfrugoli/Desktop/ProgrammingCode/DaisyCode/DaisyExamples/libDaisy/build/libdaisy.a(daisy_seed.o)
                0x0000000008002090                daisy::DaisySeed::SetAudioSampleRate(daisy::SaiHandle::Config::SampleRate)
 .text._ZN5daisy9DaisySeed15AudioSampleRateEv
                0x00000000080020c8        0x8 /Users/dominicfrugoli/Desktop/ProgrammingCode/DaisyCode/DaisyExamples/libDaisy/build/libdaisy.a(daisy_seed.o)
                0x00000000080020c8                daisy::DaisySeed::AudioSampleRate()
 .text._ZN5daisy9DaisySeed17SetAudioBlockSizeEj
                0x00000000080020d0       0x38 /Users/dominicfrugoli/Desktop/ProgrammingCode/DaisyCode/DaisyExamples/libDaisy/build/libdaisy.a(daisy_seed.o)
                0x00000000080020d0                daisy::DaisySeed::SetAudioBlockSize(unsigned int)
 .text._ZN5daisy9DaisySeed17CheckBoardVersionEv
                0x0000000008002108       0x6c /Users/dominicfrugoli/Desktop/ProgrammingCode/DaisyCode/DaisyExamples/libDaisy/build/libdaisy.a(daisy_seed.o)
                0x0000000008002108                daisy::DaisySeed::CheckBoardVersion()
 .text._ZN5daisy9DaisySeed14ConfigureAudioEv
                0x0000000008002174      0x10c /Users/dominicfrugoli/Desktop/ProgrammingCode/DaisyCode/DaisyExamples/libDaisy/build/libdaisy.a(daisy_seed.o)
                0x0000000008002174                daisy::DaisySeed::ConfigureAudio()
 .text._ZN5daisy9DaisySeed4InitEb
                0x0000000008002280      0x108 /Users/dominicfrugoli/Desktop/ProgrammingCode/DaisyCode/DaisyExamples/libDaisy/build/libdaisy.a(daisy_seed.o)
                0x0000000008002280                daisy::DaisySeed::Init(bool)
 .text._ZN5daisy6Ak45564InitE12dsy_gpio_pin
                0x0000000008002388       0x44 /Users/dominicfrugoli/Desktop/ProgrammingCode/DaisyCode/DaisyExamples/libDaisy/build/libdaisy.a(codec_ak4556.o)
                0x0000000008002388                daisy::Ak4556::Init(dsy_gpio_pin)
 .text._ZN5daisy6Wm873120WriteControlRegisterEht
                0x00000000080023cc       0x3c /Users/dominicfrugoli/Desktop/ProgrammingCode/DaisyCode/DaisyExamples/libDaisy/build/libdaisy.a(codec_wm8731.o)
                0x00000000080023cc                daisy::Wm8731::WriteControlRegister(unsigned char, unsigned short)
 .text._ZN5daisy6Wm87314InitERKNS0_6ConfigENS_9I2CHandleE
                0x0000000008002408      0x1bc /Users/dominicfrugoli/Desktop/ProgrammingCode/DaisyCode/DaisyExamples/libDaisy/build/libdaisy.a(codec_wm8731.o)
                0x0000000008002408                daisy::Wm8731::Init(daisy::Wm8731::Config const&, daisy::I2CHandle)
 .text._ZN5daisy10LcdHD447805PrintEPKc
                0x00000000080025c4       0xc0 /Users/dominicfrugoli/Desktop/ProgrammingCode/DaisyCode/DaisyExamples/libDaisy/build/libdaisy.a(lcd_hd44780.o)
                0x00000000080025c4                daisy::LcdHD44780::Print(char const*)
 .text._ZN5daisy10LcdHD4478012WriteCommandEh
                0x0000000008002684       0x84 /Users/dominicfrugoli/Desktop/ProgrammingCode/DaisyCode/DaisyExamples/libDaisy/build/libdaisy.a(lcd_hd44780.o)
                0x0000000008002684                daisy::LcdHD44780::WriteCommand(unsigned char)
 .text._ZN5daisy10LcdHD447804InitERKNS0_6ConfigE
                0x0000000008002708       0xb0 /Users/dominicfrugoli/Desktop/ProgrammingCode/DaisyCode/DaisyExamples/libDaisy/build/libdaisy.a(lcd_hd44780.o)
                0x0000000008002708                daisy::LcdHD44780::Init(daisy::LcdHD44780::Config const&)
 .text._ZN5daisy10LcdHD447809SetCursorEhh
                0x00000000080027b8       0x10 /Users/dominicfrugoli/Desktop/ProgrammingCode/DaisyCode/DaisyExamples/libDaisy/build/libdaisy.a(lcd_hd44780.o)
                0x00000000080027b8                daisy::LcdHD44780::SetCursor(unsigned char, unsigned char)
 .text._ZN5daisy10LcdHD447805ClearEv
                0x00000000080027c8        0x8 /Users/dominicfrugoli/Desktop/ProgrammingCode/DaisyCode/DaisyExamples/libDaisy/build/libdaisy.a(lcd_hd44780.o)
                0x00000000080027c8                daisy::LcdHD44780::Clear()
 .text._ZN11SdramHandle10DeviceInitEv
                0x00000000080027d0       0x98 /Users/dominicfrugoli/Desktop/ProgrammingCode/DaisyCode/DaisyExamples/libDaisy/build/libdaisy.a(sdram.o)
                0x00000000080027d0                SdramHandle::DeviceInit()
 .text._ZN11SdramHandle4InitEv
                0x0000000008002868       0x7c /Users/dominicfrugoli/Desktop/ProgrammingCode/DaisyCode/DaisyExamples/libDaisy/build/libdaisy.a(sdram.o)
                0x0000000008002868                SdramHandle::Init()
 .text.HAL_SDRAM_MspInit
                0x00000000080028e4      0x1a8 /Users/dominicfrugoli/Desktop/ProgrammingCode/DaisyCode/DaisyExamples/libDaisy/build/libdaisy.a(sdram.o)
                0x00000000080028e4                HAL_SDRAM_MspInit
 .text._ZN5daisy11AudioHandle4Impl16InternalCallbackEPlS2_j
                0x0000000008002a8c      0xbbc /Users/dominicfrugoli/Desktop/ProgrammingCode/DaisyCode/DaisyExamples/libDaisy/build/libdaisy.a(audio.o)
                0x0000000008002a8c                daisy::AudioHandle::Impl::InternalCallback(long*, long*, unsigned int)
 .text._ZN5daisy11AudioHandle4InitERKNS0_6ConfigENS_9SaiHandleE
                0x0000000008003648       0x70 /Users/dominicfrugoli/Desktop/ProgrammingCode/DaisyCode/DaisyExamples/libDaisy/build/libdaisy.a(audio.o)
                0x0000000008003648                daisy::AudioHandle::Init(daisy::AudioHandle::Config const&, daisy::SaiHandle)
 .text._ZNK5daisy11AudioHandle9GetConfigEv
                0x00000000080036b8        0x8 /Users/dominicfrugoli/Desktop/ProgrammingCode/DaisyCode/DaisyExamples/libDaisy/build/libdaisy.a(audio.o)
                0x00000000080036b8                daisy::AudioHandle::GetConfig() const
 .text._ZN5daisy11AudioHandle12SetBlockSizeEj
                0x00000000080036c0       0x1c /Users/dominicfrugoli/Desktop/ProgrammingCode/DaisyCode/DaisyExamples/libDaisy/build/libdaisy.a(audio.o)
                0x00000000080036c0                daisy::AudioHandle::SetBlockSize(unsigned int)
 .text._ZN5daisy11AudioHandle13GetSampleRateEv
                0x00000000080036dc        0x8 /Users/dominicfrugoli/Desktop/ProgrammingCode/DaisyCode/DaisyExamples/libDaisy/build/libdaisy.a(audio.o)
                0x00000000080036dc                daisy::AudioHandle::GetSampleRate()
 .text._ZN5daisy11AudioHandle13SetSampleRateENS_9SaiHandle6Config10SampleRateE
                0x00000000080036e4       0x88 /Users/dominicfrugoli/Desktop/ProgrammingCode/DaisyCode/DaisyExamples/libDaisy/build/libdaisy.a(audio.o)
                0x00000000080036e4                daisy::AudioHandle::SetSampleRate(daisy::SaiHandle::Config::SampleRate)
 .text._ZN5daisy11AudioHandle5StartEPFvPKPKfPPfjE
                0x000000000800376c       0x44 /Users/dominicfrugoli/Desktop/ProgrammingCode/DaisyCode/DaisyExamples/libDaisy/build/libdaisy.a(audio.o)
                0x000000000800376c                daisy::AudioHandle::Start(void (*)(float const* const*, float**, unsigned int))
 .text.startup._GLOBAL__sub_I__ZN5daisy11AudioHandle4Impl4InitENS0_6ConfigENS_9SaiHandleE
                0x00000000080037b0       0x24 /Users/dominicfrugoli/Desktop/ProgrammingCode/DaisyCode/DaisyExamples/libDaisy/build/libdaisy.a(audio.o)
 .text._ZN5daisy7Encoder4InitE12dsy_gpio_pinS1_S1_f
                0x00000000080037d4       0x60 /Users/dominicfrugoli/Desktop/ProgrammingCode/DaisyCode/DaisyExamples/libDaisy/build/libdaisy.a(encoder.o)
                0x00000000080037d4                daisy::Encoder::Init(dsy_gpio_pin, dsy_gpio_pin, dsy_gpio_pin, float)
 .text._ZN5daisy7Encoder8DebounceEv
                0x0000000008003834       0x7c /Users/dominicfrugoli/Desktop/ProgrammingCode/DaisyCode/DaisyExamples/libDaisy/build/libdaisy.a(encoder.o)
                0x0000000008003834                daisy::Encoder::Debounce()
 .text._ZN5daisy6Switch4InitE12dsy_gpio_pinf
                0x00000000080038b0       0x34 /Users/dominicfrugoli/Desktop/ProgrammingCode/DaisyCode/DaisyExamples/libDaisy/build/libdaisy.a(switch.o)
                0x00000000080038b0                daisy::Switch::Init(dsy_gpio_pin, float)
 .text._ZN5daisy6Switch8DebounceEv
                0x00000000080038e4       0x5c /Users/dominicfrugoli/Desktop/ProgrammingCode/DaisyCode/DaisyExamples/libDaisy/build/libdaisy.a(switch.o)
                0x00000000080038e4                daisy::Switch::Debounce()
 .text._ZN5daisy16AdcChannelConfig7InitMuxE12dsy_gpio_pinjS1_S1_S1_NS0_15ConversionSpeedE
                0x0000000008003940       0x74 /Users/dominicfrugoli/Desktop/ProgrammingCode/DaisyCode/DaisyExamples/libDaisy/build/libdaisy.a(adc.o)
                0x0000000008003940                daisy::AdcChannelConfig::InitMux(dsy_gpio_pin, unsigned int, dsy_gpio_pin, dsy_gpio_pin, dsy_gpio_pin, daisy::AdcChannelConfig::ConversionSpeed)
 .text._ZN5daisy9AdcHandle4InitEPNS_16AdcChannelConfigEjNS0_12OverSamplingE
                0x00000000080039b4      0x41c /Users/dominicfrugoli/Desktop/ProgrammingCode/DaisyCode/DaisyExamples/libDaisy/build/libdaisy.a(adc.o)
                0x00000000080039b4                daisy::AdcHandle::Init(daisy::AdcChannelConfig*, unsigned int, daisy::AdcHandle::OverSampling)
 .text._ZN5daisy9AdcHandle5StartEv
                0x0000000008003dd0       0x2c /Users/dominicfrugoli/Desktop/ProgrammingCode/DaisyCode/DaisyExamples/libDaisy/build/libdaisy.a(adc.o)
                0x0000000008003dd0                daisy::AdcHandle::Start()
 .text._ZNK5daisy9AdcHandle11GetMuxFloatEhh
                0x0000000008003dfc       0x20 /Users/dominicfrugoli/Desktop/ProgrammingCode/DaisyCode/DaisyExamples/libDaisy/build/libdaisy.a(adc.o)
                0x0000000008003dfc                daisy::AdcHandle::GetMuxFloat(unsigned char, unsigned char) const
 .text.HAL_ADC_MspInit
                0x0000000008003e1c       0x98 /Users/dominicfrugoli/Desktop/ProgrammingCode/DaisyCode/DaisyExamples/libDaisy/build/libdaisy.a(adc.o)
                0x0000000008003e1c                HAL_ADC_MspInit
 .text.DMA1_Stream2_IRQHandler
                0x0000000008003eb4        0xc /Users/dominicfrugoli/Desktop/ProgrammingCode/DaisyCode/DaisyExamples/libDaisy/build/libdaisy.a(adc.o)
                0x0000000008003eb4                DMA1_Stream2_IRQHandler
 .text.HAL_ADC_ConvCpltCallback
                0x0000000008003ec0      0x148 /Users/dominicfrugoli/Desktop/ProgrammingCode/DaisyCode/DaisyExamples/libDaisy/build/libdaisy.a(adc.o)
                0x0000000008003ec0                HAL_ADC_ConvCpltCallback
 .text.HAL_ADC_ErrorCallback
                0x0000000008004008        0x4 /Users/dominicfrugoli/Desktop/ProgrammingCode/DaisyCode/DaisyExamples/libDaisy/build/libdaisy.a(adc.o)
                0x0000000008004008                HAL_ADC_ErrorCallback
 .text._ZN5daisy4GPIO4InitENS_3PinENS0_4ModeENS0_4PullENS0_5SpeedE
                0x000000000800400c      0x1cc /Users/dominicfrugoli/Desktop/ProgrammingCode/DaisyCode/DaisyExamples/libDaisy/build/libdaisy.a(gpio.o)
                0x000000000800400c                daisy::GPIO::Init(daisy::Pin, daisy::GPIO::Mode, daisy::GPIO::Pull, daisy::GPIO::Speed)
 .text._ZN5daisy4GPIO4ReadEv
                0x00000000080041d8       0x18 /Users/dominicfrugoli/Desktop/ProgrammingCode/DaisyCode/DaisyExamples/libDaisy/build/libdaisy.a(gpio.o)
                0x00000000080041d8                daisy::GPIO::Read()
 .text._ZN5daisy4GPIO5WriteEb
                0x00000000080041f0       0x14 /Users/dominicfrugoli/Desktop/ProgrammingCode/DaisyCode/DaisyExamples/libDaisy/build/libdaisy.a(gpio.o)
                0x00000000080041f0                daisy::GPIO::Write(bool)
 .text.dsy_gpio_init
                0x0000000008004204      0x1b8 /Users/dominicfrugoli/Desktop/ProgrammingCode/DaisyCode/DaisyExamples/libDaisy/build/libdaisy.a(gpio.o)
                0x0000000008004204                dsy_gpio_init
 .text.dsy_gpio_read
                0x00000000080043bc       0x1c /Users/dominicfrugoli/Desktop/ProgrammingCode/DaisyCode/DaisyExamples/libDaisy/build/libdaisy.a(gpio.o)
                0x00000000080043bc                dsy_gpio_read
 .text.dsy_gpio_write
                0x00000000080043d8       0x24 /Users/dominicfrugoli/Desktop/ProgrammingCode/DaisyCode/DaisyExamples/libDaisy/build/libdaisy.a(gpio.o)
                0x00000000080043d8                dsy_gpio_write
 .text._ZN5daisy9I2CHandle4Impl8InitPinsEv
                0x00000000080043fc       0x58 /Users/dominicfrugoli/Desktop/ProgrammingCode/DaisyCode/DaisyExamples/libDaisy/build/libdaisy.a(i2c.o)
                0x00000000080043fc                daisy::I2CHandle::Impl::InitPins()
 .text.HAL_I2C_MspInit
                0x0000000008004454      0x1b4 /Users/dominicfrugoli/Desktop/ProgrammingCode/DaisyCode/DaisyExamples/libDaisy/build/libdaisy.a(i2c.o)
                0x0000000008004454                HAL_I2C_MspInit
 .text.dsy_i2c_global_init
                0x0000000008004608       0x78 /Users/dominicfrugoli/Desktop/ProgrammingCode/DaisyCode/DaisyExamples/libDaisy/build/libdaisy.a(i2c.o)
                0x0000000008004608                dsy_i2c_global_init
 .text.DMA1_Stream6_IRQHandler
                0x0000000008004680       0x34 /Users/dominicfrugoli/Desktop/ProgrammingCode/DaisyCode/DaisyExamples/libDaisy/build/libdaisy.a(i2c.o)
                0x0000000008004680                DMA1_Stream6_IRQHandler
 .text.I2C1_EV_IRQHandler
                0x00000000080046b4        0xc /Users/dominicfrugoli/Desktop/ProgrammingCode/DaisyCode/DaisyExamples/libDaisy/build/libdaisy.a(i2c.o)
                0x00000000080046b4                I2C1_EV_IRQHandler
 .text.I2C2_EV_IRQHandler
                0x00000000080046c0        0xc /Users/dominicfrugoli/Desktop/ProgrammingCode/DaisyCode/DaisyExamples/libDaisy/build/libdaisy.a(i2c.o)
                0x00000000080046c0                I2C2_EV_IRQHandler
 .text.I2C3_EV_IRQHandler
                0x00000000080046cc        0xc /Users/dominicfrugoli/Desktop/ProgrammingCode/DaisyCode/DaisyExamples/libDaisy/build/libdaisy.a(i2c.o)
                0x00000000080046cc                I2C3_EV_IRQHandler
 .text._ZN5daisy9I2CHandle4InitERKNS0_6ConfigE
                0x00000000080046d8      0x12c /Users/dominicfrugoli/Desktop/ProgrammingCode/DaisyCode/DaisyExamples/libDaisy/build/libdaisy.a(i2c.o)
                0x00000000080046d8                daisy::I2CHandle::Init(daisy::I2CHandle::Config const&)
 .text._ZN5daisy9I2CHandle16TransmitBlockingEtPhtm
                0x0000000008004804       0x50 /Users/dominicfrugoli/Desktop/ProgrammingCode/DaisyCode/DaisyExamples/libDaisy/build/libdaisy.a(i2c.o)
                0x0000000008004804                daisy::I2CHandle::TransmitBlocking(unsigned short, unsigned char*, unsigned short, unsigned long)
 .text.startup._GLOBAL__sub_I__ZN5daisy9I2CHandle4Impl10GlobalInitEv
                0x0000000008004854       0x18 /Users/dominicfrugoli/Desktop/ProgrammingCode/DaisyCode/DaisyExamples/libDaisy/build/libdaisy.a(i2c.o)
 .text._ZN5daisy10QSPIHandle4Impl11WriteEnableEv
                0x000000000800486c       0x8c /Users/dominicfrugoli/Desktop/ProgrammingCode/DaisyCode/DaisyExamples/libDaisy/build/libdaisy.a(qspi.o)
                0x000000000800486c                daisy::QSPIHandle::Impl::WriteEnable()
 .text._ZN5daisy10QSPIHandle4Impl17DummyCyclesConfigENS0_6Config6DeviceE
                0x00000000080048f8      0x118 /Users/dominicfrugoli/Desktop/ProgrammingCode/DaisyCode/DaisyExamples/libDaisy/build/libdaisy.a(qspi.o)
                0x00000000080048f8                daisy::QSPIHandle::Impl::DummyCyclesConfig(daisy::QSPIHandle::Config::Device)
 .text._ZN5daisy10QSPIHandle4Impl10QuadEnableEv
                0x0000000008004a10      0x158 /Users/dominicfrugoli/Desktop/ProgrammingCode/DaisyCode/DaisyExamples/libDaisy/build/libdaisy.a(qspi.o)
                0x0000000008004a10                daisy::QSPIHandle::Impl::QuadEnable()
 .text._ZN5daisy10QSPIHandle4InitERKNS0_6ConfigE
                0x0000000008004b68      0x198 /Users/dominicfrugoli/Desktop/ProgrammingCode/DaisyCode/DaisyExamples/libDaisy/build/libdaisy.a(qspi.o)
                0x0000000008004b68                daisy::QSPIHandle::Init(daisy::QSPIHandle::Config const&)
 .text.HAL_QSPI_MspInit
                0x0000000008004d00      0x11c /Users/dominicfrugoli/Desktop/ProgrammingCode/DaisyCode/DaisyExamples/libDaisy/build/libdaisy.a(qspi.o)
                0x0000000008004d00                HAL_QSPI_MspInit
 .text.HAL_QSPI_MspDeInit
                0x0000000008004e1c       0x54 /Users/dominicfrugoli/Desktop/ProgrammingCode/DaisyCode/DaisyExamples/libDaisy/build/libdaisy.a(qspi.o)
                0x0000000008004e1c                HAL_QSPI_MspDeInit
 .text.QUADSPI_IRQHandler
                0x0000000008004e70        0xc /Users/dominicfrugoli/Desktop/ProgrammingCode/DaisyCode/DaisyExamples/libDaisy/build/libdaisy.a(qspi.o)
                0x0000000008004e70                QUADSPI_IRQHandler
 .text.startup._GLOBAL__sub_I__ZN5daisy10QSPIHandle4Impl4InitERKNS0_6ConfigE
                0x0000000008004e7c       0x28 /Users/dominicfrugoli/Desktop/ProgrammingCode/DaisyCode/DaisyExamples/libDaisy/build/libdaisy.a(qspi.o)
 .text._ZN5daisy9SaiHandle4Impl7InitDmaENS1_15PeripheralBlockE
                0x0000000008004ea4       0xa0 /Users/dominicfrugoli/Desktop/ProgrammingCode/DaisyCode/DaisyExamples/libDaisy/build/libdaisy.a(sai.o)
                0x0000000008004ea4                daisy::SaiHandle::Impl::InitDma(daisy::SaiHandle::Impl::PeripheralBlock)
 .text._ZN5daisy9SaiHandle4Impl8InitPinsEv
                0x0000000008004f44       0xa8 /Users/dominicfrugoli/Desktop/ProgrammingCode/DaisyCode/DaisyExamples/libDaisy/build/libdaisy.a(sai.o)
                0x0000000008004f44                daisy::SaiHandle::Impl::InitPins()
 .text.HAL_SAI_MspInit
                0x0000000008004fec      0x164 /Users/dominicfrugoli/Desktop/ProgrammingCode/DaisyCode/DaisyExamples/libDaisy/build/libdaisy.a(sai.o)
                0x0000000008004fec                HAL_SAI_MspInit
 .text.DMA1_Stream0_IRQHandler
                0x0000000008005150        0xc /Users/dominicfrugoli/Desktop/ProgrammingCode/DaisyCode/DaisyExamples/libDaisy/build/libdaisy.a(sai.o)
                0x0000000008005150                DMA1_Stream0_IRQHandler
 .text.DMA1_Stream1_IRQHandler
                0x000000000800515c        0xc /Users/dominicfrugoli/Desktop/ProgrammingCode/DaisyCode/DaisyExamples/libDaisy/build/libdaisy.a(sai.o)
                0x000000000800515c                DMA1_Stream1_IRQHandler
 .text.DMA1_Stream3_IRQHandler
                0x0000000008005168        0xc /Users/dominicfrugoli/Desktop/ProgrammingCode/DaisyCode/DaisyExamples/libDaisy/build/libdaisy.a(sai.o)
                0x0000000008005168                DMA1_Stream3_IRQHandler
 .text.DMA1_Stream4_IRQHandler
                0x0000000008005174        0xc /Users/dominicfrugoli/Desktop/ProgrammingCode/DaisyCode/DaisyExamples/libDaisy/build/libdaisy.a(sai.o)
                0x0000000008005174                DMA1_Stream4_IRQHandler
 .text.HAL_SAI_RxHalfCpltCallback
                0x0000000008005180       0x78 /Users/dominicfrugoli/Desktop/ProgrammingCode/DaisyCode/DaisyExamples/libDaisy/build/libdaisy.a(sai.o)
                0x0000000008005180                HAL_SAI_RxHalfCpltCallback
 .text.HAL_SAI_RxCpltCallback
                0x00000000080051f8       0x70 /Users/dominicfrugoli/Desktop/ProgrammingCode/DaisyCode/DaisyExamples/libDaisy/build/libdaisy.a(sai.o)
                0x00000000080051f8                HAL_SAI_RxCpltCallback
 .text._ZN5daisy9SaiHandle4InitERKNS0_6ConfigE
                0x0000000008005268      0x1f0 /Users/dominicfrugoli/Desktop/ProgrammingCode/DaisyCode/DaisyExamples/libDaisy/build/libdaisy.a(sai.o)
                0x0000000008005268                daisy::SaiHandle::Init(daisy::SaiHandle::Config const&)
 .text._ZNK5daisy9SaiHandle9GetConfigEv
                0x0000000008005458        0x4 /Users/dominicfrugoli/Desktop/ProgrammingCode/DaisyCode/DaisyExamples/libDaisy/build/libdaisy.a(sai.o)
                0x0000000008005458                daisy::SaiHandle::GetConfig() const
 .text._ZN5daisy9SaiHandle8StartDmaEPlS1_jPFvS1_S1_jE
                0x000000000800545c       0xbc /Users/dominicfrugoli/Desktop/ProgrammingCode/DaisyCode/DaisyExamples/libDaisy/build/libdaisy.a(sai.o)
                0x000000000800545c                daisy::SaiHandle::StartDma(long*, long*, unsigned int, void (*)(long*, long*, unsigned int))
 .text._ZN5daisy9SaiHandle13GetSampleRateEv
                0x0000000008005518       0x24 /Users/dominicfrugoli/Desktop/ProgrammingCode/DaisyCode/DaisyExamples/libDaisy/build/libdaisy.a(sai.o)
                0x0000000008005518                daisy::SaiHandle::GetSampleRate()
 .text._ZNK5daisy9SaiHandle9GetOffsetEv
                0x000000000800553c        0x8 /Users/dominicfrugoli/Desktop/ProgrammingCode/DaisyCode/DaisyExamples/libDaisy/build/libdaisy.a(sai.o)
                0x000000000800553c                daisy::SaiHandle::GetOffset() const
 .text._ZN5daisy11TimerHandleD2Ev
                0x0000000008005544        0x4 /Users/dominicfrugoli/Desktop/ProgrammingCode/DaisyCode/DaisyExamples/libDaisy/build/libdaisy.a(system.o)
                0x0000000008005544                daisy::TimerHandle::~TimerHandle()
                0x0000000008005544                daisy::TimerHandle::~TimerHandle()
 .text.SysTick_Handler
                0x0000000008005548       0x10 /Users/dominicfrugoli/Desktop/ProgrammingCode/DaisyCode/DaisyExamples/libDaisy/build/libdaisy.a(system.o)
                0x0000000008005548                SysTick_Handler
 .text.OTG_HS_EP1_OUT_IRQHandler
                0x0000000008005558       0x24 /Users/dominicfrugoli/Desktop/ProgrammingCode/DaisyCode/DaisyExamples/libDaisy/build/libdaisy.a(system.o)
                0x0000000008005558                OTG_HS_EP1_OUT_IRQHandler
 .text.OTG_HS_EP1_IN_IRQHandler
                0x000000000800557c       0x24 /Users/dominicfrugoli/Desktop/ProgrammingCode/DaisyCode/DaisyExamples/libDaisy/build/libdaisy.a(system.o)
                0x000000000800557c                OTG_HS_EP1_IN_IRQHandler
 .text.OTG_HS_IRQHandler
                0x00000000080055a0       0x24 /Users/dominicfrugoli/Desktop/ProgrammingCode/DaisyCode/DaisyExamples/libDaisy/build/libdaisy.a(system.o)
                0x00000000080055a0                OTG_HS_IRQHandler
 .text.HardFault_Handler
                0x00000000080055c4       0xe0 /Users/dominicfrugoli/Desktop/ProgrammingCode/DaisyCode/DaisyExamples/libDaisy/build/libdaisy.a(system.o)
                0x00000000080055c4                HardFault_Handler
 .text._ZN5daisy6System6GetNowEv
                0x00000000080056a4        0x4 /Users/dominicfrugoli/Desktop/ProgrammingCode/DaisyCode/DaisyExamples/libDaisy/build/libdaisy.a(system.o)
                0x00000000080056a4                daisy::System::GetNow()
 .text._ZN5daisy6System5DelayEm
                0x00000000080056a8        0x4 /Users/dominicfrugoli/Desktop/ProgrammingCode/DaisyCode/DaisyExamples/libDaisy/build/libdaisy.a(system.o)
                0x00000000080056a8                daisy::System::Delay(unsigned long)
 .text._ZN5daisy6System20GetBootloaderVersionEv
                0x00000000080056ac       0x34 /Users/dominicfrugoli/Desktop/ProgrammingCode/DaisyCode/DaisyExamples/libDaisy/build/libdaisy.a(system.o)
                0x00000000080056ac                daisy::System::GetBootloaderVersion()
 .text._ZN5daisy6System15ConfigureClocksEv
                0x00000000080056e0      0x194 /Users/dominicfrugoli/Desktop/ProgrammingCode/DaisyCode/DaisyExamples/libDaisy/build/libdaisy.a(system.o)
                0x00000000080056e0                daisy::System::ConfigureClocks()
 .text._ZN5daisy6System12ConfigureMpuEv
                0x0000000008005874       0x7c /Users/dominicfrugoli/Desktop/ProgrammingCode/DaisyCode/DaisyExamples/libDaisy/build/libdaisy.a(system.o)
                0x0000000008005874                daisy::System::ConfigureMpu()
 .text._ZN5daisy6System4InitERKNS0_6ConfigE
                0x00000000080058f0       0xec /Users/dominicfrugoli/Desktop/ProgrammingCode/DaisyCode/DaisyExamples/libDaisy/build/libdaisy.a(system.o)
                0x00000000080058f0                daisy::System::Init(daisy::System::Config const&)
 .text._ZN5daisy6System12GetPClk1FreqEv
                0x00000000080059dc        0x4 /Users/dominicfrugoli/Desktop/ProgrammingCode/DaisyCode/DaisyExamples/libDaisy/build/libdaisy.a(system.o)
                0x00000000080059dc                daisy::System::GetPClk1Freq()
 .text._ZN5daisy6System22GetProgramMemoryRegionEv
                0x00000000080059e0       0x78 /Users/dominicfrugoli/Desktop/ProgrammingCode/DaisyCode/DaisyExamples/libDaisy/build/libdaisy.a(system.o)
                0x00000000080059e0                daisy::System::GetProgramMemoryRegion()
 .text.startup._GLOBAL__sub_I__ZN5daisy9boot_infoE
                0x0000000008005a58       0x1c /Users/dominicfrugoli/Desktop/ProgrammingCode/DaisyCode/DaisyExamples/libDaisy/build/libdaisy.a(system.o)
 .text.SystemInit
                0x0000000008005a74       0x9c /Users/dominicfrugoli/Desktop/ProgrammingCode/DaisyCode/DaisyExamples/libDaisy/build/libdaisy.a(system_stm32h7xx.o)
                0x0000000008005a74                SystemInit
 .text.HAL_PCD_SetupStageCallback
                0x0000000008005b10        0xc /Users/dominicfrugoli/Desktop/ProgrammingCode/DaisyCode/DaisyExamples/libDaisy/build/libdaisy.a(usbd_conf.o)
                0x0000000008005b10                HAL_PCD_SetupStageCallback
 .text.HAL_PCD_DataOutStageCallback
                0x0000000008005b1c       0x14 /Users/dominicfrugoli/Desktop/ProgrammingCode/DaisyCode/DaisyExamples/libDaisy/build/libdaisy.a(usbd_conf.o)
                0x0000000008005b1c                HAL_PCD_DataOutStageCallback
 .text.HAL_PCD_DataInStageCallback
                0x0000000008005b30       0x14 /Users/dominicfrugoli/Desktop/ProgrammingCode/DaisyCode/DaisyExamples/libDaisy/build/libdaisy.a(usbd_conf.o)
                0x0000000008005b30                HAL_PCD_DataInStageCallback
 .text.HAL_PCD_SOFCallback
                0x0000000008005b44        0x8 /Users/dominicfrugoli/Desktop/ProgrammingCode/DaisyCode/DaisyExamples/libDaisy/build/libdaisy.a(usbd_conf.o)
                0x0000000008005b44                HAL_PCD_SOFCallback
 .text.HAL_PCD_ResetCallback
                0x0000000008005b4c       0x24 /Users/dominicfrugoli/Desktop/ProgrammingCode/DaisyCode/DaisyExamples/libDaisy/build/libdaisy.a(usbd_conf.o)
                0x0000000008005b4c                HAL_PCD_ResetCallback
 .text.HAL_PCD_SuspendCallback
                0x0000000008005b70       0x30 /Users/dominicfrugoli/Desktop/ProgrammingCode/DaisyCode/DaisyExamples/libDaisy/build/libdaisy.a(usbd_conf.o)
                0x0000000008005b70                HAL_PCD_SuspendCallback
 .text.HAL_PCD_ResumeCallback
                0x0000000008005ba0        0x8 /Users/dominicfrugoli/Desktop/ProgrammingCode/DaisyCode/DaisyExamples/libDaisy/build/libdaisy.a(usbd_conf.o)
                0x0000000008005ba0                HAL_PCD_ResumeCallback
 .text.HAL_PCD_ISOOUTIncompleteCallback
                0x0000000008005ba8        0x8 /Users/dominicfrugoli/Desktop/ProgrammingCode/DaisyCode/DaisyExamples/libDaisy/build/libdaisy.a(usbd_conf.o)
                0x0000000008005ba8                HAL_PCD_ISOOUTIncompleteCallback
 .text.HAL_PCD_ISOINIncompleteCallback
                0x0000000008005bb0        0x8 /Users/dominicfrugoli/Desktop/ProgrammingCode/DaisyCode/DaisyExamples/libDaisy/build/libdaisy.a(usbd_conf.o)
                0x0000000008005bb0                HAL_PCD_ISOINIncompleteCallback
 .text.HAL_PCD_ConnectCallback
                0x0000000008005bb8        0x8 /Users/dominicfrugoli/Desktop/ProgrammingCode/DaisyCode/DaisyExamples/libDaisy/build/libdaisy.a(usbd_conf.o)
                0x0000000008005bb8                HAL_PCD_ConnectCallback
 .text.HAL_PCD_DisconnectCallback
                0x0000000008005bc0        0x8 /Users/dominicfrugoli/Desktop/ProgrammingCode/DaisyCode/DaisyExamples/libDaisy/build/libdaisy.a(usbd_conf.o)
                0x0000000008005bc0                HAL_PCD_DisconnectCallback
 .text.USBD_LL_OpenEP
                0x0000000008005bc8       0x24 /Users/dominicfrugoli/Desktop/ProgrammingCode/DaisyCode/DaisyExamples/libDaisy/build/libdaisy.a(usbd_conf.o)
                0x0000000008005bc8                USBD_LL_OpenEP
 .text.USBD_LL_StallEP
                0x0000000008005bec       0x1c /Users/dominicfrugoli/Desktop/ProgrammingCode/DaisyCode/DaisyExamples/libDaisy/build/libdaisy.a(usbd_conf.o)
                0x0000000008005bec                USBD_LL_StallEP
 .text.USBD_LL_ClearStallEP
                0x0000000008005c08       0x1c /Users/dominicfrugoli/Desktop/ProgrammingCode/DaisyCode/DaisyExamples/libDaisy/build/libdaisy.a(usbd_conf.o)
                0x0000000008005c08                USBD_LL_ClearStallEP
 .text.USBD_LL_IsStallEP
                0x0000000008005c24       0x28 /Users/dominicfrugoli/Desktop/ProgrammingCode/DaisyCode/DaisyExamples/libDaisy/build/libdaisy.a(usbd_conf.o)
                0x0000000008005c24                USBD_LL_IsStallEP
 .text.USBD_LL_SetUSBAddress
                0x0000000008005c4c       0x1c /Users/dominicfrugoli/Desktop/ProgrammingCode/DaisyCode/DaisyExamples/libDaisy/build/libdaisy.a(usbd_conf.o)
                0x0000000008005c4c                USBD_LL_SetUSBAddress
 .text.USBD_LL_Transmit
                0x0000000008005c68       0x1c /Users/dominicfrugoli/Desktop/ProgrammingCode/DaisyCode/DaisyExamples/libDaisy/build/libdaisy.a(usbd_conf.o)
                0x0000000008005c68                USBD_LL_Transmit
 .text.USBD_LL_PrepareReceive
                0x0000000008005c84       0x1c /Users/dominicfrugoli/Desktop/ProgrammingCode/DaisyCode/DaisyExamples/libDaisy/build/libdaisy.a(usbd_conf.o)
                0x0000000008005c84                USBD_LL_PrepareReceive
 .text.HAL_HCD_SOF_Callback
                0x0000000008005ca0        0x8 /Users/dominicfrugoli/Desktop/ProgrammingCode/DaisyCode/DaisyExamples/libDaisy/build/libdaisy.a(usbh_conf.o)
                0x0000000008005ca0                HAL_HCD_SOF_Callback
 .text.HAL_HCD_Connect_Callback
                0x0000000008005ca8        0x8 /Users/dominicfrugoli/Desktop/ProgrammingCode/DaisyCode/DaisyExamples/libDaisy/build/libdaisy.a(usbh_conf.o)
                0x0000000008005ca8                HAL_HCD_Connect_Callback
 .text.HAL_HCD_Disconnect_Callback
                0x0000000008005cb0        0x8 /Users/dominicfrugoli/Desktop/ProgrammingCode/DaisyCode/DaisyExamples/libDaisy/build/libdaisy.a(usbh_conf.o)
                0x0000000008005cb0                HAL_HCD_Disconnect_Callback
 .text.HAL_HCD_HC_NotifyURBChange_Callback
                0x0000000008005cb8        0x4 /Users/dominicfrugoli/Desktop/ProgrammingCode/DaisyCode/DaisyExamples/libDaisy/build/libdaisy.a(usbh_conf.o)
                0x0000000008005cb8                HAL_HCD_HC_NotifyURBChange_Callback
 .text.HAL_HCD_PortEnabled_Callback
                0x0000000008005cbc        0x8 /Users/dominicfrugoli/Desktop/ProgrammingCode/DaisyCode/DaisyExamples/libDaisy/build/libdaisy.a(usbh_conf.o)
                0x0000000008005cbc                HAL_HCD_PortEnabled_Callback
 .text.HAL_HCD_PortDisabled_Callback
                0x0000000008005cc4        0x8 /Users/dominicfrugoli/Desktop/ProgrammingCode/DaisyCode/DaisyExamples/libDaisy/build/libdaisy.a(usbh_conf.o)
                0x0000000008005cc4                HAL_HCD_PortDisabled_Callback
 .text.USBH_LL_Stop
                0x0000000008005ccc       0x1c /Users/dominicfrugoli/Desktop/ProgrammingCode/DaisyCode/DaisyExamples/libDaisy/build/libdaisy.a(usbh_conf.o)
                0x0000000008005ccc                USBH_LL_Stop
 .text.dsy_hal_map_get_port
                0x0000000008005ce8       0x10 /Users/dominicfrugoli/Desktop/ProgrammingCode/DaisyCode/DaisyExamples/libDaisy/build/libdaisy.a(hal_map.o)
                0x0000000008005ce8                dsy_hal_map_get_port
 .text.dsy_hal_map_get_pin
                0x0000000008005cf8       0x10 /Users/dominicfrugoli/Desktop/ProgrammingCode/DaisyCode/DaisyExamples/libDaisy/build/libdaisy.a(hal_map.o)
                0x0000000008005cf8                dsy_hal_map_get_pin
 .text.dsy_hal_map_gpio_clk_enable
                0x0000000008005d08      0x150 /Users/dominicfrugoli/Desktop/ProgrammingCode/DaisyCode/DaisyExamples/libDaisy/build/libdaisy.a(hal_map.o)
                0x0000000008005d08                dsy_hal_map_gpio_clk_enable
 .text.HAL_MspInit
                0x0000000008005e58        0x4 /Users/dominicfrugoli/Desktop/ProgrammingCode/DaisyCode/DaisyExamples/libDaisy/build/libdaisy.a(stm32h7xx_hal.o)
                0x0000000008005e58                HAL_MspInit
 .text.HAL_InitTick
                0x0000000008005e5c       0x4c /Users/dominicfrugoli/Desktop/ProgrammingCode/DaisyCode/DaisyExamples/libDaisy/build/libdaisy.a(stm32h7xx_hal.o)
                0x0000000008005e5c                HAL_InitTick
 .text.HAL_Init
                0x0000000008005ea8       0x60 /Users/dominicfrugoli/Desktop/ProgrammingCode/DaisyCode/DaisyExamples/libDaisy/build/libdaisy.a(stm32h7xx_hal.o)
                0x0000000008005ea8                HAL_Init
 .text.HAL_IncTick
                0x0000000008005f08       0x18 /Users/dominicfrugoli/Desktop/ProgrammingCode/DaisyCode/DaisyExamples/libDaisy/build/libdaisy.a(stm32h7xx_hal.o)
                0x0000000008005f08                HAL_IncTick
 .text.HAL_GetTick
                0x0000000008005f20        0xc /Users/dominicfrugoli/Desktop/ProgrammingCode/DaisyCode/DaisyExamples/libDaisy/build/libdaisy.a(stm32h7xx_hal.o)
                0x0000000008005f20                HAL_GetTick
 .text.HAL_Delay
                0x0000000008005f2c       0x24 /Users/dominicfrugoli/Desktop/ProgrammingCode/DaisyCode/DaisyExamples/libDaisy/build/libdaisy.a(stm32h7xx_hal.o)
                0x0000000008005f2c                HAL_Delay
 .text.HAL_GetREVID
                0x0000000008005f50        0xc /Users/dominicfrugoli/Desktop/ProgrammingCode/DaisyCode/DaisyExamples/libDaisy/build/libdaisy.a(stm32h7xx_hal.o)
                0x0000000008005f50                HAL_GetREVID
 .text.HAL_ADC_ConvHalfCpltCallback
                0x0000000008005f5c        0x4 /Users/dominicfrugoli/Desktop/ProgrammingCode/DaisyCode/DaisyExamples/libDaisy/build/libdaisy.a(stm32h7xx_hal_adc.o)
                0x0000000008005f5c                HAL_ADC_ConvHalfCpltCallback
 .text.ADC_DMAHalfConvCplt
                0x0000000008005f60        0xc /Users/dominicfrugoli/Desktop/ProgrammingCode/DaisyCode/DaisyExamples/libDaisy/build/libdaisy.a(stm32h7xx_hal_adc.o)
                0x0000000008005f60                ADC_DMAHalfConvCplt
 .text.ADC_DMAConvCplt
                0x0000000008005f6c       0x6c /Users/dominicfrugoli/Desktop/ProgrammingCode/DaisyCode/DaisyExamples/libDaisy/build/libdaisy.a(stm32h7xx_hal_adc.o)
                0x0000000008005f6c                ADC_DMAConvCplt
 .text.ADC_DMAError
                0x0000000008005fd8       0x1c /Users/dominicfrugoli/Desktop/ProgrammingCode/DaisyCode/DaisyExamples/libDaisy/build/libdaisy.a(stm32h7xx_hal_adc.o)
                0x0000000008005fd8                ADC_DMAError
 .text.HAL_ADC_ConfigChannel
                0x0000000008005ff4      0x3fc /Users/dominicfrugoli/Desktop/ProgrammingCode/DaisyCode/DaisyExamples/libDaisy/build/libdaisy.a(stm32h7xx_hal_adc.o)
                0x0000000008005ff4                HAL_ADC_ConfigChannel
 .text.ADC_Enable
                0x00000000080063f0       0xac /Users/dominicfrugoli/Desktop/ProgrammingCode/DaisyCode/DaisyExamples/libDaisy/build/libdaisy.a(stm32h7xx_hal_adc.o)
                0x00000000080063f0                ADC_Enable
 .text.HAL_ADC_Start_DMA
                0x000000000800649c      0x114 /Users/dominicfrugoli/Desktop/ProgrammingCode/DaisyCode/DaisyExamples/libDaisy/build/libdaisy.a(stm32h7xx_hal_adc.o)
                0x000000000800649c                HAL_ADC_Start_DMA
 .text.ADC_Disable
                0x00000000080065b0       0x68 /Users/dominicfrugoli/Desktop/ProgrammingCode/DaisyCode/DaisyExamples/libDaisy/build/libdaisy.a(stm32h7xx_hal_adc.o)
                0x00000000080065b0                ADC_Disable
 .text.ADC_ConfigureBoostMode
                0x0000000008006618      0x184 /Users/dominicfrugoli/Desktop/ProgrammingCode/DaisyCode/DaisyExamples/libDaisy/build/libdaisy.a(stm32h7xx_hal_adc.o)
                0x0000000008006618                ADC_ConfigureBoostMode
 .text.HAL_ADC_Init
                0x000000000800679c      0x218 /Users/dominicfrugoli/Desktop/ProgrammingCode/DaisyCode/DaisyExamples/libDaisy/build/libdaisy.a(stm32h7xx_hal_adc.o)
                0x000000000800679c                HAL_ADC_Init
 .text.HAL_ADCEx_Calibration_Start
                0x00000000080069b4       0xa4 /Users/dominicfrugoli/Desktop/ProgrammingCode/DaisyCode/DaisyExamples/libDaisy/build/libdaisy.a(stm32h7xx_hal_adc_ex.o)
                0x00000000080069b4                HAL_ADCEx_Calibration_Start
 .text.HAL_ADCEx_MultiModeConfigChannel
                0x0000000008006a58       0xc4 /Users/dominicfrugoli/Desktop/ProgrammingCode/DaisyCode/DaisyExamples/libDaisy/build/libdaisy.a(stm32h7xx_hal_adc_ex.o)
                0x0000000008006a58                HAL_ADCEx_MultiModeConfigChannel
 .text.HAL_NVIC_SetPriorityGrouping
                0x0000000008006b1c       0x24 /Users/dominicfrugoli/Desktop/ProgrammingCode/DaisyCode/DaisyExamples/libDaisy/build/libdaisy.a(stm32h7xx_hal_cortex.o)
                0x0000000008006b1c                HAL_NVIC_SetPriorityGrouping
 .text.HAL_NVIC_SetPriority
                0x0000000008006b40       0x7c /Users/dominicfrugoli/Desktop/ProgrammingCode/DaisyCode/DaisyExamples/libDaisy/build/libdaisy.a(stm32h7xx_hal_cortex.o)
                0x0000000008006b40                HAL_NVIC_SetPriority
 .text.HAL_NVIC_EnableIRQ
                0x0000000008006bbc       0x1c /Users/dominicfrugoli/Desktop/ProgrammingCode/DaisyCode/DaisyExamples/libDaisy/build/libdaisy.a(stm32h7xx_hal_cortex.o)
                0x0000000008006bbc                HAL_NVIC_EnableIRQ
 .text.HAL_NVIC_DisableIRQ
                0x0000000008006bd8       0x28 /Users/dominicfrugoli/Desktop/ProgrammingCode/DaisyCode/DaisyExamples/libDaisy/build/libdaisy.a(stm32h7xx_hal_cortex.o)
                0x0000000008006bd8                HAL_NVIC_DisableIRQ
 .text.HAL_SYSTICK_Config
                0x0000000008006c00       0x2c /Users/dominicfrugoli/Desktop/ProgrammingCode/DaisyCode/DaisyExamples/libDaisy/build/libdaisy.a(stm32h7xx_hal_cortex.o)
                0x0000000008006c00                HAL_SYSTICK_Config
 .text.HAL_MPU_Disable
                0x0000000008006c2c       0x1c /Users/dominicfrugoli/Desktop/ProgrammingCode/DaisyCode/DaisyExamples/libDaisy/build/libdaisy.a(stm32h7xx_hal_cortex.o)
                0x0000000008006c2c                HAL_MPU_Disable
 .text.HAL_MPU_Enable
                0x0000000008006c48       0x20 /Users/dominicfrugoli/Desktop/ProgrammingCode/DaisyCode/DaisyExamples/libDaisy/build/libdaisy.a(stm32h7xx_hal_cortex.o)
                0x0000000008006c48                HAL_MPU_Enable
 .text.HAL_MPU_ConfigRegion
                0x0000000008006c68       0x64 /Users/dominicfrugoli/Desktop/ProgrammingCode/DaisyCode/DaisyExamples/libDaisy/build/libdaisy.a(stm32h7xx_hal_cortex.o)
                0x0000000008006c68                HAL_MPU_ConfigRegion
 .text.HAL_SYSTICK_Callback
                0x0000000008006ccc        0x4 /Users/dominicfrugoli/Desktop/ProgrammingCode/DaisyCode/DaisyExamples/libDaisy/build/libdaisy.a(stm32h7xx_hal_cortex.o)
                0x0000000008006ccc                HAL_SYSTICK_Callback
 .text.HAL_SYSTICK_IRQHandler
                0x0000000008006cd0        0x8 /Users/dominicfrugoli/Desktop/ProgrammingCode/DaisyCode/DaisyExamples/libDaisy/build/libdaisy.a(stm32h7xx_hal_cortex.o)
                0x0000000008006cd0                HAL_SYSTICK_IRQHandler
 .text.DMA_CalcBaseAndBitshift
                0x0000000008006cd8       0xf4 /Users/dominicfrugoli/Desktop/ProgrammingCode/DaisyCode/DaisyExamples/libDaisy/build/libdaisy.a(stm32h7xx_hal_dma.o)
 .text.DMA_CalcDMAMUXChannelBaseAndMask
                0x0000000008006dcc       0xd8 /Users/dominicfrugoli/Desktop/ProgrammingCode/DaisyCode/DaisyExamples/libDaisy/build/libdaisy.a(stm32h7xx_hal_dma.o)
 .text.HAL_DMA_Init
                0x0000000008006ea4      0x37c /Users/dominicfrugoli/Desktop/ProgrammingCode/DaisyCode/DaisyExamples/libDaisy/build/libdaisy.a(stm32h7xx_hal_dma.o)
                0x0000000008006ea4                HAL_DMA_Init
 .text.HAL_DMA_Start_IT
                0x0000000008007220      0x240 /Users/dominicfrugoli/Desktop/ProgrammingCode/DaisyCode/DaisyExamples/libDaisy/build/libdaisy.a(stm32h7xx_hal_dma.o)
                0x0000000008007220                HAL_DMA_Start_IT
 .text.HAL_DMA_Abort_IT
                0x0000000008007460      0x134 /Users/dominicfrugoli/Desktop/ProgrammingCode/DaisyCode/DaisyExamples/libDaisy/build/libdaisy.a(stm32h7xx_hal_dma.o)
                0x0000000008007460                HAL_DMA_Abort_IT
 .text.HAL_DMA_IRQHandler
                0x0000000008007594      0x6a0 /Users/dominicfrugoli/Desktop/ProgrammingCode/DaisyCode/DaisyExamples/libDaisy/build/libdaisy.a(stm32h7xx_hal_dma.o)
                0x0000000008007594                HAL_DMA_IRQHandler
 .text.HAL_DMA_GetError
                0x0000000008007c34        0x4 /Users/dominicfrugoli/Desktop/ProgrammingCode/DaisyCode/DaisyExamples/libDaisy/build/libdaisy.a(stm32h7xx_hal_dma.o)
                0x0000000008007c34                HAL_DMA_GetError
 .text.HAL_GPIO_Init
                0x0000000008007c38      0x280 /Users/dominicfrugoli/Desktop/ProgrammingCode/DaisyCode/DaisyExamples/libDaisy/build/libdaisy.a(stm32h7xx_hal_gpio.o)
                0x0000000008007c38                HAL_GPIO_Init
 .text.HAL_GPIO_DeInit
                0x0000000008007eb8      0x190 /Users/dominicfrugoli/Desktop/ProgrammingCode/DaisyCode/DaisyExamples/libDaisy/build/libdaisy.a(stm32h7xx_hal_gpio.o)
                0x0000000008007eb8                HAL_GPIO_DeInit
 .text.HAL_GPIO_ReadPin
                0x0000000008008048        0xc /Users/dominicfrugoli/Desktop/ProgrammingCode/DaisyCode/DaisyExamples/libDaisy/build/libdaisy.a(stm32h7xx_hal_gpio.o)
                0x0000000008008048                HAL_GPIO_ReadPin
 .text.HAL_GPIO_WritePin
                0x0000000008008054        0x8 /Users/dominicfrugoli/Desktop/ProgrammingCode/DaisyCode/DaisyExamples/libDaisy/build/libdaisy.a(stm32h7xx_hal_gpio.o)
                0x0000000008008054                HAL_GPIO_WritePin
 .text.HAL_HCD_IRQHandler
                0x000000000800805c      0x780 /Users/dominicfrugoli/Desktop/ProgrammingCode/DaisyCode/DaisyExamples/libDaisy/build/libdaisy.a(stm32h7xx_hal_hcd.o)
                0x000000000800805c                HAL_HCD_IRQHandler
 .text.HAL_HCD_Stop
                0x00000000080087dc       0x28 /Users/dominicfrugoli/Desktop/ProgrammingCode/DaisyCode/DaisyExamples/libDaisy/build/libdaisy.a(stm32h7xx_hal_hcd.o)
                0x00000000080087dc                HAL_HCD_Stop
 .text.I2C_WaitOnTXISFlagUntilTimeout
                0x0000000008008804       0xb8 /Users/dominicfrugoli/Desktop/ProgrammingCode/DaisyCode/DaisyExamples/libDaisy/build/libdaisy.a(stm32h7xx_hal_i2c.o)
 .text.I2C_WaitOnSTOPFlagUntilTimeout
                0x00000000080088bc       0xac /Users/dominicfrugoli/Desktop/ProgrammingCode/DaisyCode/DaisyExamples/libDaisy/build/libdaisy.a(stm32h7xx_hal_i2c.o)
 .text.HAL_I2C_Init
                0x0000000008008968       0xac /Users/dominicfrugoli/Desktop/ProgrammingCode/DaisyCode/DaisyExamples/libDaisy/build/libdaisy.a(stm32h7xx_hal_i2c.o)
                0x0000000008008968                HAL_I2C_Init
 .text.HAL_I2C_Master_Transmit
                0x0000000008008a14      0x1a8 /Users/dominicfrugoli/Desktop/ProgrammingCode/DaisyCode/DaisyExamples/libDaisy/build/libdaisy.a(stm32h7xx_hal_i2c.o)
                0x0000000008008a14                HAL_I2C_Master_Transmit
 .text.HAL_I2C_Slave_Transmit
                0x0000000008008bbc      0x1c8 /Users/dominicfrugoli/Desktop/ProgrammingCode/DaisyCode/DaisyExamples/libDaisy/build/libdaisy.a(stm32h7xx_hal_i2c.o)
                0x0000000008008bbc                HAL_I2C_Slave_Transmit
 .text.HAL_I2C_EV_IRQHandler
                0x0000000008008d84       0x10 /Users/dominicfrugoli/Desktop/ProgrammingCode/DaisyCode/DaisyExamples/libDaisy/build/libdaisy.a(stm32h7xx_hal_i2c.o)
                0x0000000008008d84                HAL_I2C_EV_IRQHandler
 .text.HAL_I2C_GetState
                0x0000000008008d94        0x8 /Users/dominicfrugoli/Desktop/ProgrammingCode/DaisyCode/DaisyExamples/libDaisy/build/libdaisy.a(stm32h7xx_hal_i2c.o)
                0x0000000008008d94                HAL_I2C_GetState
 .text.HAL_I2CEx_ConfigAnalogFilter
                0x0000000008008d9c       0x54 /Users/dominicfrugoli/Desktop/ProgrammingCode/DaisyCode/DaisyExamples/libDaisy/build/libdaisy.a(stm32h7xx_hal_i2c_ex.o)
                0x0000000008008d9c                HAL_I2CEx_ConfigAnalogFilter
 .text.HAL_I2CEx_ConfigDigitalFilter
                0x0000000008008df0       0x58 /Users/dominicfrugoli/Desktop/ProgrammingCode/DaisyCode/DaisyExamples/libDaisy/build/libdaisy.a(stm32h7xx_hal_i2c_ex.o)
                0x0000000008008df0                HAL_I2CEx_ConfigDigitalFilter
 .text.HAL_PCD_IRQHandler
                0x0000000008008e48      0x69c /Users/dominicfrugoli/Desktop/ProgrammingCode/DaisyCode/DaisyExamples/libDaisy/build/libdaisy.a(stm32h7xx_hal_pcd.o)
                0x0000000008008e48                HAL_PCD_IRQHandler
 .text.HAL_PCD_SetAddress
                0x00000000080094e4       0x2c /Users/dominicfrugoli/Desktop/ProgrammingCode/DaisyCode/DaisyExamples/libDaisy/build/libdaisy.a(stm32h7xx_hal_pcd.o)
                0x00000000080094e4                HAL_PCD_SetAddress
 .text.HAL_PCD_EP_Open
                0x0000000008009510       0x7c /Users/dominicfrugoli/Desktop/ProgrammingCode/DaisyCode/DaisyExamples/libDaisy/build/libdaisy.a(stm32h7xx_hal_pcd.o)
                0x0000000008009510                HAL_PCD_EP_Open
 .text.HAL_PCD_EP_Receive
                0x000000000800958c       0x50 /Users/dominicfrugoli/Desktop/ProgrammingCode/DaisyCode/DaisyExamples/libDaisy/build/libdaisy.a(stm32h7xx_hal_pcd.o)
                0x000000000800958c                HAL_PCD_EP_Receive
 .text.HAL_PCD_EP_Transmit
                0x00000000080095dc       0x50 /Users/dominicfrugoli/Desktop/ProgrammingCode/DaisyCode/DaisyExamples/libDaisy/build/libdaisy.a(stm32h7xx_hal_pcd.o)
                0x00000000080095dc                HAL_PCD_EP_Transmit
 .text.HAL_PCD_EP_SetStall
                0x000000000800962c       0x88 /Users/dominicfrugoli/Desktop/ProgrammingCode/DaisyCode/DaisyExamples/libDaisy/build/libdaisy.a(stm32h7xx_hal_pcd.o)
                0x000000000800962c                HAL_PCD_EP_SetStall
 .text.HAL_PCD_EP_ClrStall
                0x00000000080096b4       0x78 /Users/dominicfrugoli/Desktop/ProgrammingCode/DaisyCode/DaisyExamples/libDaisy/build/libdaisy.a(stm32h7xx_hal_pcd.o)
                0x00000000080096b4                HAL_PCD_EP_ClrStall
 .text.HAL_PCDEx_LPM_Callback
                0x000000000800972c        0x4 /Users/dominicfrugoli/Desktop/ProgrammingCode/DaisyCode/DaisyExamples/libDaisy/build/libdaisy.a(stm32h7xx_hal_pcd_ex.o)
                0x000000000800972c                HAL_PCDEx_LPM_Callback
 .text.HAL_PWREx_ConfigSupply
                0x0000000008009730       0x4c /Users/dominicfrugoli/Desktop/ProgrammingCode/DaisyCode/DaisyExamples/libDaisy/build/libdaisy.a(stm32h7xx_hal_pwr_ex.o)
                0x0000000008009730                HAL_PWREx_ConfigSupply
 .text.HAL_PWREx_EnableUSBVoltageDetector
                0x000000000800977c       0x10 /Users/dominicfrugoli/Desktop/ProgrammingCode/DaisyCode/DaisyExamples/libDaisy/build/libdaisy.a(stm32h7xx_hal_pwr_ex.o)
                0x000000000800977c                HAL_PWREx_EnableUSBVoltageDetector
 .text.QSPI_Config
                0x000000000800978c      0x174 /Users/dominicfrugoli/Desktop/ProgrammingCode/DaisyCode/DaisyExamples/libDaisy/build/libdaisy.a(stm32h7xx_hal_qspi.o)
 .text.HAL_QSPI_Init
                0x0000000008009900       0xd8 /Users/dominicfrugoli/Desktop/ProgrammingCode/DaisyCode/DaisyExamples/libDaisy/build/libdaisy.a(stm32h7xx_hal_qspi.o)
                0x0000000008009900                HAL_QSPI_Init
 .text.HAL_QSPI_DeInit
                0x00000000080099d8       0x3c /Users/dominicfrugoli/Desktop/ProgrammingCode/DaisyCode/DaisyExamples/libDaisy/build/libdaisy.a(stm32h7xx_hal_qspi.o)
                0x00000000080099d8                HAL_QSPI_DeInit
 .text.HAL_QSPI_Command
                0x0000000008009a14       0xd4 /Users/dominicfrugoli/Desktop/ProgrammingCode/DaisyCode/DaisyExamples/libDaisy/build/libdaisy.a(stm32h7xx_hal_qspi.o)
                0x0000000008009a14                HAL_QSPI_Command
 .text.HAL_QSPI_Transmit
                0x0000000008009ae8       0xfc /Users/dominicfrugoli/Desktop/ProgrammingCode/DaisyCode/DaisyExamples/libDaisy/build/libdaisy.a(stm32h7xx_hal_qspi.o)
                0x0000000008009ae8                HAL_QSPI_Transmit
 .text.HAL_QSPI_Receive
                0x0000000008009be4      0x108 /Users/dominicfrugoli/Desktop/ProgrammingCode/DaisyCode/DaisyExamples/libDaisy/build/libdaisy.a(stm32h7xx_hal_qspi.o)
                0x0000000008009be4                HAL_QSPI_Receive
 .text.HAL_QSPI_AutoPolling
                0x0000000008009cec       0xf0 /Users/dominicfrugoli/Desktop/ProgrammingCode/DaisyCode/DaisyExamples/libDaisy/build/libdaisy.a(stm32h7xx_hal_qspi.o)
                0x0000000008009cec                HAL_QSPI_AutoPolling
 .text.HAL_QSPI_MemoryMapped
                0x0000000008009ddc       0xc0 /Users/dominicfrugoli/Desktop/ProgrammingCode/DaisyCode/DaisyExamples/libDaisy/build/libdaisy.a(stm32h7xx_hal_qspi.o)
                0x0000000008009ddc                HAL_QSPI_MemoryMapped
 .text.HAL_QSPI_ErrorCallback
                0x0000000008009e9c        0x4 /Users/dominicfrugoli/Desktop/ProgrammingCode/DaisyCode/DaisyExamples/libDaisy/build/libdaisy.a(stm32h7xx_hal_qspi.o)
                0x0000000008009e9c                HAL_QSPI_ErrorCallback
 .text.QSPI_DMAAbortCplt
                0x0000000008009ea0       0x38 /Users/dominicfrugoli/Desktop/ProgrammingCode/DaisyCode/DaisyExamples/libDaisy/build/libdaisy.a(stm32h7xx_hal_qspi.o)
 .text.HAL_QSPI_AbortCpltCallback
                0x0000000008009ed8        0x4 /Users/dominicfrugoli/Desktop/ProgrammingCode/DaisyCode/DaisyExamples/libDaisy/build/libdaisy.a(stm32h7xx_hal_qspi.o)
                0x0000000008009ed8                HAL_QSPI_AbortCpltCallback
 .text.HAL_QSPI_CmdCpltCallback
                0x0000000008009edc        0x4 /Users/dominicfrugoli/Desktop/ProgrammingCode/DaisyCode/DaisyExamples/libDaisy/build/libdaisy.a(stm32h7xx_hal_qspi.o)
                0x0000000008009edc                HAL_QSPI_CmdCpltCallback
 .text.HAL_QSPI_RxCpltCallback
                0x0000000008009ee0        0x4 /Users/dominicfrugoli/Desktop/ProgrammingCode/DaisyCode/DaisyExamples/libDaisy/build/libdaisy.a(stm32h7xx_hal_qspi.o)
                0x0000000008009ee0                HAL_QSPI_RxCpltCallback
 .text.HAL_QSPI_TxCpltCallback
                0x0000000008009ee4        0x4 /Users/dominicfrugoli/Desktop/ProgrammingCode/DaisyCode/DaisyExamples/libDaisy/build/libdaisy.a(stm32h7xx_hal_qspi.o)
                0x0000000008009ee4                HAL_QSPI_TxCpltCallback
 .text.HAL_QSPI_FifoThresholdCallback
                0x0000000008009ee8        0x4 /Users/dominicfrugoli/Desktop/ProgrammingCode/DaisyCode/DaisyExamples/libDaisy/build/libdaisy.a(stm32h7xx_hal_qspi.o)
                0x0000000008009ee8                HAL_QSPI_FifoThresholdCallback
 .text.HAL_QSPI_StatusMatchCallback
                0x0000000008009eec        0x4 /Users/dominicfrugoli/Desktop/ProgrammingCode/DaisyCode/DaisyExamples/libDaisy/build/libdaisy.a(stm32h7xx_hal_qspi.o)
                0x0000000008009eec                HAL_QSPI_StatusMatchCallback
 .text.HAL_QSPI_TimeOutCallback
                0x0000000008009ef0        0x4 /Users/dominicfrugoli/Desktop/ProgrammingCode/DaisyCode/DaisyExamples/libDaisy/build/libdaisy.a(stm32h7xx_hal_qspi.o)
                0x0000000008009ef0                HAL_QSPI_TimeOutCallback
 .text.HAL_QSPI_IRQHandler
                0x0000000008009ef4      0x210 /Users/dominicfrugoli/Desktop/ProgrammingCode/DaisyCode/DaisyExamples/libDaisy/build/libdaisy.a(stm32h7xx_hal_qspi.o)
                0x0000000008009ef4                HAL_QSPI_IRQHandler
 .text.HAL_RCC_OscConfig
                0x000000000800a104      0x51c /Users/dominicfrugoli/Desktop/ProgrammingCode/DaisyCode/DaisyExamples/libDaisy/build/libdaisy.a(stm32h7xx_hal_rcc.o)
                0x000000000800a104                HAL_RCC_OscConfig
 .text.HAL_RCC_GetSysClockFreq
                0x000000000800a620      0x140 /Users/dominicfrugoli/Desktop/ProgrammingCode/DaisyCode/DaisyExamples/libDaisy/build/libdaisy.a(stm32h7xx_hal_rcc.o)
                0x000000000800a620                HAL_RCC_GetSysClockFreq
 .text.HAL_RCC_ClockConfig
                0x000000000800a760      0x234 /Users/dominicfrugoli/Desktop/ProgrammingCode/DaisyCode/DaisyExamples/libDaisy/build/libdaisy.a(stm32h7xx_hal_rcc.o)
                0x000000000800a760                HAL_RCC_ClockConfig
 .text.HAL_RCC_GetHCLKFreq
                0x000000000800a994       0x2c /Users/dominicfrugoli/Desktop/ProgrammingCode/DaisyCode/DaisyExamples/libDaisy/build/libdaisy.a(stm32h7xx_hal_rcc.o)
                0x000000000800a994                HAL_RCC_GetHCLKFreq
 .text.HAL_RCC_GetPCLK1Freq
                0x000000000800a9c0       0x38 /Users/dominicfrugoli/Desktop/ProgrammingCode/DaisyCode/DaisyExamples/libDaisy/build/libdaisy.a(stm32h7xx_hal_rcc.o)
                0x000000000800a9c0                HAL_RCC_GetPCLK1Freq
 .text.HAL_RCC_GetPCLK2Freq
                0x000000000800a9f8       0x38 /Users/dominicfrugoli/Desktop/ProgrammingCode/DaisyCode/DaisyExamples/libDaisy/build/libdaisy.a(stm32h7xx_hal_rcc.o)
                0x000000000800a9f8                HAL_RCC_GetPCLK2Freq
 .text.RCCEx_PLL2_Config
                0x000000000800aa30       0xf4 /Users/dominicfrugoli/Desktop/ProgrammingCode/DaisyCode/DaisyExamples/libDaisy/build/libdaisy.a(stm32h7xx_hal_rcc_ex.o)
 .text.RCCEx_PLL3_Config
                0x000000000800ab24       0xf4 /Users/dominicfrugoli/Desktop/ProgrammingCode/DaisyCode/DaisyExamples/libDaisy/build/libdaisy.a(stm32h7xx_hal_rcc_ex.o)
 .text.HAL_RCCEx_PeriphCLKConfig
                0x000000000800ac18      0xa7c /Users/dominicfrugoli/Desktop/ProgrammingCode/DaisyCode/DaisyExamples/libDaisy/build/libdaisy.a(stm32h7xx_hal_rcc_ex.o)
                0x000000000800ac18                HAL_RCCEx_PeriphCLKConfig
 .text.HAL_RCCEx_GetD3PCLK1Freq
                0x000000000800b694       0x24 /Users/dominicfrugoli/Desktop/ProgrammingCode/DaisyCode/DaisyExamples/libDaisy/build/libdaisy.a(stm32h7xx_hal_rcc_ex.o)
                0x000000000800b694                HAL_RCCEx_GetD3PCLK1Freq
 .text.HAL_RCCEx_GetPLL2ClockFreq
                0x000000000800b6b8      0x17c /Users/dominicfrugoli/Desktop/ProgrammingCode/DaisyCode/DaisyExamples/libDaisy/build/libdaisy.a(stm32h7xx_hal_rcc_ex.o)
                0x000000000800b6b8                HAL_RCCEx_GetPLL2ClockFreq
 .text.HAL_RCCEx_GetPLL3ClockFreq
                0x000000000800b834      0x17c /Users/dominicfrugoli/Desktop/ProgrammingCode/DaisyCode/DaisyExamples/libDaisy/build/libdaisy.a(stm32h7xx_hal_rcc_ex.o)
                0x000000000800b834                HAL_RCCEx_GetPLL3ClockFreq
 .text.HAL_RCCEx_GetPLL1ClockFreq
                0x000000000800b9b0      0x17c /Users/dominicfrugoli/Desktop/ProgrammingCode/DaisyCode/DaisyExamples/libDaisy/build/libdaisy.a(stm32h7xx_hal_rcc_ex.o)
                0x000000000800b9b0                HAL_RCCEx_GetPLL1ClockFreq
 .text.HAL_RCCEx_GetPeriphCLKFreq
                0x000000000800bb2c      0x198 /Users/dominicfrugoli/Desktop/ProgrammingCode/DaisyCode/DaisyExamples/libDaisy/build/libdaisy.a(stm32h7xx_hal_rcc_ex.o)
                0x000000000800bb2c                HAL_RCCEx_GetPeriphCLKFreq
 .text.HAL_RCCEx_GetD1SysClockFreq
                0x000000000800bcc4       0x2c /Users/dominicfrugoli/Desktop/ProgrammingCode/DaisyCode/DaisyExamples/libDaisy/build/libdaisy.a(stm32h7xx_hal_rcc_ex.o)
                0x000000000800bcc4                HAL_RCCEx_GetD1SysClockFreq
 .text.HAL_SAI_Init.part.0
                0x000000000800bcf0      0x348 /Users/dominicfrugoli/Desktop/ProgrammingCode/DaisyCode/DaisyExamples/libDaisy/build/libdaisy.a(stm32h7xx_hal_sai.o)
 .text.HAL_SAI_InitProtocol
                0x000000000800c038      0x178 /Users/dominicfrugoli/Desktop/ProgrammingCode/DaisyCode/DaisyExamples/libDaisy/build/libdaisy.a(stm32h7xx_hal_sai.o)
                0x000000000800c038                HAL_SAI_InitProtocol
 .text.HAL_SAI_Transmit_DMA
                0x000000000800c1b0      0x124 /Users/dominicfrugoli/Desktop/ProgrammingCode/DaisyCode/DaisyExamples/libDaisy/build/libdaisy.a(stm32h7xx_hal_sai.o)
                0x000000000800c1b0                HAL_SAI_Transmit_DMA
 .text.HAL_SAI_Receive_DMA
                0x000000000800c2d4       0xd0 /Users/dominicfrugoli/Desktop/ProgrammingCode/DaisyCode/DaisyExamples/libDaisy/build/libdaisy.a(stm32h7xx_hal_sai.o)
                0x000000000800c2d4                HAL_SAI_Receive_DMA
 .text.HAL_SAI_TxCpltCallback
                0x000000000800c3a4        0x4 /Users/dominicfrugoli/Desktop/ProgrammingCode/DaisyCode/DaisyExamples/libDaisy/build/libdaisy.a(stm32h7xx_hal_sai.o)
                0x000000000800c3a4                HAL_SAI_TxCpltCallback
 .text.SAI_DMATxCplt
                0x000000000800c3a8       0x64 /Users/dominicfrugoli/Desktop/ProgrammingCode/DaisyCode/DaisyExamples/libDaisy/build/libdaisy.a(stm32h7xx_hal_sai.o)
 .text.HAL_SAI_TxHalfCpltCallback
                0x000000000800c40c        0x4 /Users/dominicfrugoli/Desktop/ProgrammingCode/DaisyCode/DaisyExamples/libDaisy/build/libdaisy.a(stm32h7xx_hal_sai.o)
                0x000000000800c40c                HAL_SAI_TxHalfCpltCallback
 .text.SAI_DMATxHalfCplt
                0x000000000800c410        0xc /Users/dominicfrugoli/Desktop/ProgrammingCode/DaisyCode/DaisyExamples/libDaisy/build/libdaisy.a(stm32h7xx_hal_sai.o)
 .text.SAI_DMARxCplt
                0x000000000800c41c       0x64 /Users/dominicfrugoli/Desktop/ProgrammingCode/DaisyCode/DaisyExamples/libDaisy/build/libdaisy.a(stm32h7xx_hal_sai.o)
 .text.SAI_DMARxHalfCplt
                0x000000000800c480        0xc /Users/dominicfrugoli/Desktop/ProgrammingCode/DaisyCode/DaisyExamples/libDaisy/build/libdaisy.a(stm32h7xx_hal_sai.o)
 .text.HAL_SAI_ErrorCallback
                0x000000000800c48c        0x4 /Users/dominicfrugoli/Desktop/ProgrammingCode/DaisyCode/DaisyExamples/libDaisy/build/libdaisy.a(stm32h7xx_hal_sai.o)
                0x000000000800c48c                HAL_SAI_ErrorCallback
 .text.SAI_DMAError
                0x000000000800c490       0x6c /Users/dominicfrugoli/Desktop/ProgrammingCode/DaisyCode/DaisyExamples/libDaisy/build/libdaisy.a(stm32h7xx_hal_sai.o)
 .text.HAL_SDRAM_Init
                0x000000000800c4fc       0x54 /Users/dominicfrugoli/Desktop/ProgrammingCode/DaisyCode/DaisyExamples/libDaisy/build/libdaisy.a(stm32h7xx_hal_sdram.o)
                0x000000000800c4fc                HAL_SDRAM_Init
 .text.HAL_SDRAM_SendCommand
                0x000000000800c550       0x40 /Users/dominicfrugoli/Desktop/ProgrammingCode/DaisyCode/DaisyExamples/libDaisy/build/libdaisy.a(stm32h7xx_hal_sdram.o)
                0x000000000800c550                HAL_SDRAM_SendCommand
 .text.HAL_SDRAM_ProgramRefreshRate
                0x000000000800c590       0x30 /Users/dominicfrugoli/Desktop/ProgrammingCode/DaisyCode/DaisyExamples/libDaisy/build/libdaisy.a(stm32h7xx_hal_sdram.o)
                0x000000000800c590                HAL_SDRAM_ProgramRefreshRate
 .text.FMC_SDRAM_Init
                0x000000000800c5c0       0x7c /Users/dominicfrugoli/Desktop/ProgrammingCode/DaisyCode/DaisyExamples/libDaisy/build/libdaisy.a(stm32h7xx_ll_fmc.o)
                0x000000000800c5c0                FMC_SDRAM_Init
 .text.FMC_SDRAM_Timing_Init
                0x000000000800c63c       0x98 /Users/dominicfrugoli/Desktop/ProgrammingCode/DaisyCode/DaisyExamples/libDaisy/build/libdaisy.a(stm32h7xx_ll_fmc.o)
                0x000000000800c63c                FMC_SDRAM_Timing_Init
 .text.FMC_SDRAM_SendCommand
                0x000000000800c6d4       0x28 /Users/dominicfrugoli/Desktop/ProgrammingCode/DaisyCode/DaisyExamples/libDaisy/build/libdaisy.a(stm32h7xx_ll_fmc.o)
                0x000000000800c6d4                FMC_SDRAM_SendCommand
 .text.FMC_SDRAM_ProgramRefreshRate
                0x000000000800c6fc       0x1c /Users/dominicfrugoli/Desktop/ProgrammingCode/DaisyCode/DaisyExamples/libDaisy/build/libdaisy.a(stm32h7xx_ll_fmc.o)
                0x000000000800c6fc                FMC_SDRAM_ProgramRefreshRate
 .text.USB_SetTurnaroundTime
                0x000000000800c718      0x104 /Users/dominicfrugoli/Desktop/ProgrammingCode/DaisyCode/DaisyExamples/libDaisy/build/libdaisy.a(stm32h7xx_ll_usb.o)
                0x000000000800c718                USB_SetTurnaroundTime
 .text.USB_FlushTxFifo
                0x000000000800c81c       0x34 /Users/dominicfrugoli/Desktop/ProgrammingCode/DaisyCode/DaisyExamples/libDaisy/build/libdaisy.a(stm32h7xx_ll_usb.o)
                0x000000000800c81c                USB_FlushTxFifo
 .text.USB_GetDevSpeed
                0x000000000800c850       0x24 /Users/dominicfrugoli/Desktop/ProgrammingCode/DaisyCode/DaisyExamples/libDaisy/build/libdaisy.a(stm32h7xx_ll_usb.o)
                0x000000000800c850                USB_GetDevSpeed
 .text.USB_ActivateEndpoint
                0x000000000800c874       0x90 /Users/dominicfrugoli/Desktop/ProgrammingCode/DaisyCode/DaisyExamples/libDaisy/build/libdaisy.a(stm32h7xx_ll_usb.o)
                0x000000000800c874                USB_ActivateEndpoint
 .text.USB_EPStartXfer
                0x000000000800c904      0x230 /Users/dominicfrugoli/Desktop/ProgrammingCode/DaisyCode/DaisyExamples/libDaisy/build/libdaisy.a(stm32h7xx_ll_usb.o)
                0x000000000800c904                USB_EPStartXfer
 .text.USB_EP0StartXfer
                0x000000000800cb34      0x174 /Users/dominicfrugoli/Desktop/ProgrammingCode/DaisyCode/DaisyExamples/libDaisy/build/libdaisy.a(stm32h7xx_ll_usb.o)
                0x000000000800cb34                USB_EP0StartXfer
 .text.USB_WritePacket
                0x000000000800cca8       0x2c /Users/dominicfrugoli/Desktop/ProgrammingCode/DaisyCode/DaisyExamples/libDaisy/build/libdaisy.a(stm32h7xx_ll_usb.o)
                0x000000000800cca8                USB_WritePacket
 .text.USB_ReadPacket
                0x000000000800ccd4       0x20 /Users/dominicfrugoli/Desktop/ProgrammingCode/DaisyCode/DaisyExamples/libDaisy/build/libdaisy.a(stm32h7xx_ll_usb.o)
                0x000000000800ccd4                USB_ReadPacket
 .text.USB_EPSetStall
                0x000000000800ccf4       0x68 /Users/dominicfrugoli/Desktop/ProgrammingCode/DaisyCode/DaisyExamples/libDaisy/build/libdaisy.a(stm32h7xx_ll_usb.o)
                0x000000000800ccf4                USB_EPSetStall
 .text.USB_EPClearStall
                0x000000000800cd5c       0x58 /Users/dominicfrugoli/Desktop/ProgrammingCode/DaisyCode/DaisyExamples/libDaisy/build/libdaisy.a(stm32h7xx_ll_usb.o)
                0x000000000800cd5c                USB_EPClearStall
 .text.USB_SetDevAddress
                0x000000000800cdb4       0x24 /Users/dominicfrugoli/Desktop/ProgrammingCode/DaisyCode/DaisyExamples/libDaisy/build/libdaisy.a(stm32h7xx_ll_usb.o)
                0x000000000800cdb4                USB_SetDevAddress
 .text.USB_ReadInterrupts
                0x000000000800cdd8       0x14 /Users/dominicfrugoli/Desktop/ProgrammingCode/DaisyCode/DaisyExamples/libDaisy/build/libdaisy.a(stm32h7xx_ll_usb.o)
                0x000000000800cdd8                USB_ReadInterrupts
 .text.USB_ReadDevAllOutEpInterrupt
                0x000000000800cdec       0x1c /Users/dominicfrugoli/Desktop/ProgrammingCode/DaisyCode/DaisyExamples/libDaisy/build/libdaisy.a(stm32h7xx_ll_usb.o)
                0x000000000800cdec                USB_ReadDevAllOutEpInterrupt
 .text.USB_ReadDevAllInEpInterrupt
                0x000000000800ce08       0x1c /Users/dominicfrugoli/Desktop/ProgrammingCode/DaisyCode/DaisyExamples/libDaisy/build/libdaisy.a(stm32h7xx_ll_usb.o)
                0x000000000800ce08                USB_ReadDevAllInEpInterrupt
 .text.USB_ReadDevOutEPInterrupt
                0x000000000800ce24       0x1c /Users/dominicfrugoli/Desktop/ProgrammingCode/DaisyCode/DaisyExamples/libDaisy/build/libdaisy.a(stm32h7xx_ll_usb.o)
                0x000000000800ce24                USB_ReadDevOutEPInterrupt
 .text.USB_ReadDevInEPInterrupt
                0x000000000800ce40       0x38 /Users/dominicfrugoli/Desktop/ProgrammingCode/DaisyCode/DaisyExamples/libDaisy/build/libdaisy.a(stm32h7xx_ll_usb.o)
                0x000000000800ce40                USB_ReadDevInEPInterrupt
 .text.USB_GetMode
                0x000000000800ce78        0x8 /Users/dominicfrugoli/Desktop/ProgrammingCode/DaisyCode/DaisyExamples/libDaisy/build/libdaisy.a(stm32h7xx_ll_usb.o)
                0x000000000800ce78                USB_GetMode
 .text.USB_ActivateSetup
                0x000000000800ce80       0x38 /Users/dominicfrugoli/Desktop/ProgrammingCode/DaisyCode/DaisyExamples/libDaisy/build/libdaisy.a(stm32h7xx_ll_usb.o)
                0x000000000800ce80                USB_ActivateSetup
 .text.USB_EP0_OutStart
                0x000000000800ceb8       0x58 /Users/dominicfrugoli/Desktop/ProgrammingCode/DaisyCode/DaisyExamples/libDaisy/build/libdaisy.a(stm32h7xx_ll_usb.o)
                0x000000000800ceb8                USB_EP0_OutStart
 .text.USB_InitFSLSPClkSel
                0x000000000800cf10       0x44 /Users/dominicfrugoli/Desktop/ProgrammingCode/DaisyCode/DaisyExamples/libDaisy/build/libdaisy.a(stm32h7xx_ll_usb.o)
                0x000000000800cf10                USB_InitFSLSPClkSel
 .text.USB_HC_ReadInterrupt
                0x000000000800cf54        0x8 /Users/dominicfrugoli/Desktop/ProgrammingCode/DaisyCode/DaisyExamples/libDaisy/build/libdaisy.a(stm32h7xx_ll_usb.o)
                0x000000000800cf54                USB_HC_ReadInterrupt
 .text.USB_HC_Halt
                0x000000000800cf5c       0xc0 /Users/dominicfrugoli/Desktop/ProgrammingCode/DaisyCode/DaisyExamples/libDaisy/build/libdaisy.a(stm32h7xx_ll_usb.o)
                0x000000000800cf5c                USB_HC_Halt
 .text.USB_StopHost
                0x000000000800d01c      0x2ec /Users/dominicfrugoli/Desktop/ProgrammingCode/DaisyCode/DaisyExamples/libDaisy/build/libdaisy.a(stm32h7xx_ll_usb.o)
                0x000000000800d01c                USB_StopHost
 .text.USBD_SetClassConfig
                0x000000000800d308       0x14 /Users/dominicfrugoli/Desktop/ProgrammingCode/DaisyCode/DaisyExamples/libDaisy/build/libdaisy.a(usbd_core.o)
                0x000000000800d308                USBD_SetClassConfig
 .text.USBD_ClrClassConfig
                0x000000000800d31c       0x10 /Users/dominicfrugoli/Desktop/ProgrammingCode/DaisyCode/DaisyExamples/libDaisy/build/libdaisy.a(usbd_core.o)
                0x000000000800d31c                USBD_ClrClassConfig
 .text.USBD_LL_SetupStage
                0x000000000800d32c       0x5c /Users/dominicfrugoli/Desktop/ProgrammingCode/DaisyCode/DaisyExamples/libDaisy/build/libdaisy.a(usbd_core.o)
                0x000000000800d32c                USBD_LL_SetupStage
 .text.USBD_LL_DataOutStage
                0x000000000800d388       0x7c /Users/dominicfrugoli/Desktop/ProgrammingCode/DaisyCode/DaisyExamples/libDaisy/build/libdaisy.a(usbd_core.o)
                0x000000000800d388                USBD_LL_DataOutStage
 .text.USBD_LL_DataInStage
                0x000000000800d404       0xcc /Users/dominicfrugoli/Desktop/ProgrammingCode/DaisyCode/DaisyExamples/libDaisy/build/libdaisy.a(usbd_core.o)
                0x000000000800d404                USBD_LL_DataInStage
 .text.USBD_LL_Reset
                0x000000000800d4d0       0x50 /Users/dominicfrugoli/Desktop/ProgrammingCode/DaisyCode/DaisyExamples/libDaisy/build/libdaisy.a(usbd_core.o)
                0x000000000800d4d0                USBD_LL_Reset
 .text.USBD_LL_SetSpeed
                0x000000000800d520        0x8 /Users/dominicfrugoli/Desktop/ProgrammingCode/DaisyCode/DaisyExamples/libDaisy/build/libdaisy.a(usbd_core.o)
                0x000000000800d520                USBD_LL_SetSpeed
 .text.USBD_LL_Suspend
                0x000000000800d528       0x14 /Users/dominicfrugoli/Desktop/ProgrammingCode/DaisyCode/DaisyExamples/libDaisy/build/libdaisy.a(usbd_core.o)
                0x000000000800d528                USBD_LL_Suspend
 .text.USBD_LL_Resume
                0x000000000800d53c       0x10 /Users/dominicfrugoli/Desktop/ProgrammingCode/DaisyCode/DaisyExamples/libDaisy/build/libdaisy.a(usbd_core.o)
                0x000000000800d53c                USBD_LL_Resume
 .text.USBD_LL_SOF
                0x000000000800d54c       0x1c /Users/dominicfrugoli/Desktop/ProgrammingCode/DaisyCode/DaisyExamples/libDaisy/build/libdaisy.a(usbd_core.o)
                0x000000000800d54c                USBD_LL_SOF
 .text.USBD_LL_IsoINIncomplete
                0x000000000800d568        0x4 /Users/dominicfrugoli/Desktop/ProgrammingCode/DaisyCode/DaisyExamples/libDaisy/build/libdaisy.a(usbd_core.o)
                0x000000000800d568                USBD_LL_IsoINIncomplete
 .text.USBD_LL_IsoOUTIncomplete
                0x000000000800d56c        0x4 /Users/dominicfrugoli/Desktop/ProgrammingCode/DaisyCode/DaisyExamples/libDaisy/build/libdaisy.a(usbd_core.o)
                0x000000000800d56c                USBD_LL_IsoOUTIncomplete
 .text.USBD_LL_DevConnected
                0x000000000800d570        0x4 /Users/dominicfrugoli/Desktop/ProgrammingCode/DaisyCode/DaisyExamples/libDaisy/build/libdaisy.a(usbd_core.o)
                0x000000000800d570                USBD_LL_DevConnected
 .text.USBD_LL_DevDisconnected
                0x000000000800d574       0x18 /Users/dominicfrugoli/Desktop/ProgrammingCode/DaisyCode/DaisyExamples/libDaisy/build/libdaisy.a(usbd_core.o)
                0x000000000800d574                USBD_LL_DevDisconnected
 .text.USBD_StdDevReq
                0x000000000800d58c      0x304 /Users/dominicfrugoli/Desktop/ProgrammingCode/DaisyCode/DaisyExamples/libDaisy/build/libdaisy.a(usbd_ctlreq.o)
                0x000000000800d58c                USBD_StdDevReq
 .text.USBD_StdItfReq
                0x000000000800d890       0x68 /Users/dominicfrugoli/Desktop/ProgrammingCode/DaisyCode/DaisyExamples/libDaisy/build/libdaisy.a(usbd_ctlreq.o)
                0x000000000800d890                USBD_StdItfReq
 .text.USBD_StdEPReq
                0x000000000800d8f8      0x13c /Users/dominicfrugoli/Desktop/ProgrammingCode/DaisyCode/DaisyExamples/libDaisy/build/libdaisy.a(usbd_ctlreq.o)
                0x000000000800d8f8                USBD_StdEPReq
 .text.USBD_ParseSetupRequest
                0x000000000800da34       0x28 /Users/dominicfrugoli/Desktop/ProgrammingCode/DaisyCode/DaisyExamples/libDaisy/build/libdaisy.a(usbd_ctlreq.o)
                0x000000000800da34                USBD_ParseSetupRequest
 .text.USBD_CtlSendData
                0x000000000800da5c       0x1c /Users/dominicfrugoli/Desktop/ProgrammingCode/DaisyCode/DaisyExamples/libDaisy/build/libdaisy.a(usbd_ioreq.o)
                0x000000000800da5c                USBD_CtlSendData
 .text.USBD_CtlContinueSendData
                0x000000000800da78       0x14 /Users/dominicfrugoli/Desktop/ProgrammingCode/DaisyCode/DaisyExamples/libDaisy/build/libdaisy.a(usbd_ioreq.o)
                0x000000000800da78                USBD_CtlContinueSendData
 .text.USBD_CtlContinueRx
                0x000000000800da8c       0x14 /Users/dominicfrugoli/Desktop/ProgrammingCode/DaisyCode/DaisyExamples/libDaisy/build/libdaisy.a(usbd_ioreq.o)
                0x000000000800da8c                USBD_CtlContinueRx
 .text.USBD_CtlSendStatus
                0x000000000800daa0       0x18 /Users/dominicfrugoli/Desktop/ProgrammingCode/DaisyCode/DaisyExamples/libDaisy/build/libdaisy.a(usbd_ioreq.o)
                0x000000000800daa0                USBD_CtlSendStatus
 .text.USBD_CtlReceiveStatus
                0x000000000800dab8       0x18 /Users/dominicfrugoli/Desktop/ProgrammingCode/DaisyCode/DaisyExamples/libDaisy/build/libdaisy.a(usbd_ioreq.o)
                0x000000000800dab8                USBD_CtlReceiveStatus
 .text.USBH_LL_IncTimer
                0x000000000800dad0       0x20 /Users/dominicfrugoli/Desktop/ProgrammingCode/DaisyCode/DaisyExamples/libDaisy/build/libdaisy.a(usbh_core.o)
                0x000000000800dad0                USBH_LL_IncTimer
 .text.USBH_LL_PortEnabled
                0x000000000800daf0        0x8 /Users/dominicfrugoli/Desktop/ProgrammingCode/DaisyCode/DaisyExamples/libDaisy/build/libdaisy.a(usbh_core.o)
                0x000000000800daf0                USBH_LL_PortEnabled
 .text.USBH_LL_PortDisabled
                0x000000000800daf8        0x8 /Users/dominicfrugoli/Desktop/ProgrammingCode/DaisyCode/DaisyExamples/libDaisy/build/libdaisy.a(usbh_core.o)
                0x000000000800daf8                USBH_LL_PortDisabled
 .text.USBH_LL_Connect
                0x000000000800db00       0x18 /Users/dominicfrugoli/Desktop/ProgrammingCode/DaisyCode/DaisyExamples/libDaisy/build/libdaisy.a(usbh_core.o)
                0x000000000800db00                USBH_LL_Connect
 .text.USBH_LL_Disconnect
                0x000000000800db18       0x2c /Users/dominicfrugoli/Desktop/ProgrammingCode/DaisyCode/DaisyExamples/libDaisy/build/libdaisy.a(usbh_core.o)
                0x000000000800db18                USBH_LL_Disconnect
 .text.USBH_FreePipe
                0x000000000800db44       0x18 /Users/dominicfrugoli/Desktop/ProgrammingCode/DaisyCode/DaisyExamples/libDaisy/build/libdaisy.a(usbh_pipes.o)
                0x000000000800db44                USBH_FreePipe
 .text._ZN5daisy6Random4InitEv
                0x000000000800db5c       0x3c /Users/dominicfrugoli/Desktop/ProgrammingCode/DaisyCode/DaisyExamples/libDaisy/build/libdaisy.a(rng.o)
                0x000000000800db5c                daisy::Random::Init()
 .text._ZN5daisy9SpiHandle4Impl7InitDmaEv
                0x000000000800db98       0xec /Users/dominicfrugoli/Desktop/ProgrammingCode/DaisyCode/DaisyExamples/libDaisy/build/libdaisy.a(spi.o)
                0x000000000800db98                daisy::SpiHandle::Impl::InitDma()
 .text._ZN5daisy9SpiHandle4Impl10StartDmaTxEPhjPFvPvEPFvS3_NS0_6ResultEES3_
                0x000000000800dc84       0xc8 /Users/dominicfrugoli/Desktop/ProgrammingCode/DaisyCode/DaisyExamples/libDaisy/build/libdaisy.a(spi.o)
                0x000000000800dc84                daisy::SpiHandle::Impl::StartDmaTx(unsigned char*, unsigned int, void (*)(void*), void (*)(void*, daisy::SpiHandle::Result), void*)
 .text._ZN5daisy9SpiHandle4Impl10StartDmaRxEPhjPFvPvEPFvS3_NS0_6ResultEES3_
                0x000000000800dd4c       0xc8 /Users/dominicfrugoli/Desktop/ProgrammingCode/DaisyCode/DaisyExamples/libDaisy/build/libdaisy.a(spi.o)
                0x000000000800dd4c                daisy::SpiHandle::Impl::StartDmaRx(unsigned char*, unsigned int, void (*)(void*), void (*)(void*, daisy::SpiHandle::Result), void*)