Archive member included to satisfy reference by file (symbol)

/Users/dominicfrugoli/Desktop/ProgrammingCode/DaisyCode/DaisyExamples/libDaisy/build/libdaisy.a(daisy_seed.o)
                              build/sardinia.o (daisy::DaisySeed::StartAudio(void (*)(float const* const*, float**, unsigned int)))
/Users/dominicfrugoli/Desktop/ProgrammingCode/DaisyCode/DaisyExamples/libDaisy/build/libdaisy.a(codec_ak4556.o)
                              /Users/dominicfrugoli/Desktop/ProgrammingCode/DaisyCode/DaisyExamples/libDaisy/build/libdaisy.a(daisy_seed.o) (daisy::Ak4556::Init(dsy_gpio_pin))
/Users/dominicfrugoli/Desktop/ProgrammingCode/DaisyCode/DaisyExamples/libDaisy/build/libdaisy.a(codec_wm8731.o)
                              /Users/dominicfrugoli/Desktop/ProgrammingCode/DaisyCode/DaisyExamples/libDaisy/build/libdaisy.a(daisy_seed.o) (daisy::Wm8731::Init(daisy::Wm8731::Config const&, daisy::I2CHandle))
/Users/dominicfrugoli/Desktop/ProgrammingCode/DaisyCode/DaisyExamples/libDaisy/build/libdaisy.a(lcd_hd44780.o)
                              build/sardinia.o (daisy::LcdHD44780::Print(char const*))
/Users/dominicfrugoli/Desktop/ProgrammingCode/DaisyCode/DaisyExamples/libDaisy/build/libdaisy.a(sdram.o)
                              /Users/dominicfrugoli/Desktop/ProgrammingCode/DaisyCode/DaisyExamples/libDaisy/build/libdaisy.a(daisy_seed.o) (SdramHandle::Init())
/Users/dominicfrugoli/Desktop/ProgrammingCode/DaisyCode/DaisyExamples/libDaisy/build/libdaisy.a(audio.o)
                              /Users/dominicfrugoli/Desktop/ProgrammingCode/DaisyCode/DaisyExamples/libDaisy/build/libdaisy.a(daisy_seed.o) (daisy::AudioHandle::Init(daisy::AudioHandle::Config const&, daisy::SaiHandle))
/Users/dominicfrugoli/Desktop/ProgrammingCode/DaisyCode/DaisyExamples/libDaisy/build/libdaisy.a(encoder.o)
                              build/sardinia.o (daisy::Encoder::Init(dsy_gpio_pin, dsy_gpio_pin, dsy_gpio_pin, float))
/Users/dominicfrugoli/Desktop/ProgrammingCode/DaisyCode/DaisyExamples/libDaisy/build/libdaisy.a(switch.o)
                              build/sardinia.o (daisy::Switch::Init(dsy_gpio_pin, float))
/Users/dominicfrugoli/Desktop/ProgrammingCode/DaisyCode/DaisyExamples/libDaisy/build/libdaisy.a(adc.o)
                              build/sardinia.o (daisy::AdcChannelConfig::InitMux(dsy_gpio_pin, unsigned int, dsy_gpio_pin, dsy_gpio_pin, dsy_gpio_pin, daisy::AdcChannelConfig::ConversionSpeed))
/Users/dominicfrugoli/Desktop/ProgrammingCode/DaisyCode/DaisyExamples/libDaisy/build/libdaisy.a(gpio.o)
                              /Users/dominicfrugoli/Desktop/ProgrammingCode/DaisyCode/DaisyExamples/libDaisy/build/libdaisy.a(daisy_seed.o) (daisy::GPIO::Init(daisy::Pin, daisy::GPIO::Mode, daisy::GPIO::Pull, daisy::GPIO::Speed))
/Users/dominicfrugoli/Desktop/ProgrammingCode/DaisyCode/DaisyExamples/libDaisy/build/libdaisy.a(i2c.o)
                              /Users/dominicfrugoli/Desktop/ProgrammingCode/DaisyCode/DaisyExamples/libDaisy/build/libdaisy.a(daisy_seed.o) (daisy::I2CHandle::Init(daisy::I2CHandle::Config const&))
/Users/dominicfrugoli/Desktop/ProgrammingCode/DaisyCode/DaisyExamples/libDaisy/build/libdaisy.a(qspi.o)
                              /Users/dominicfrugoli/Desktop/ProgrammingCode/DaisyCode/DaisyExamples/libDaisy/build/libdaisy.a(daisy_seed.o) (daisy::QSPIHandle::Init(daisy::QSPIHandle::Config const&))
/Users/dominicfrugoli/Desktop/ProgrammingCode/DaisyCode/DaisyExamples/libDaisy/build/libdaisy.a(sai.o)
                              /Users/dominicfrugoli/Desktop/ProgrammingCode/DaisyCode/DaisyExamples/libDaisy/build/libdaisy.a(daisy_seed.o) (daisy::SaiHandle::Init(daisy::SaiHandle::Config const&))
/Users/dominicfrugoli/Desktop/ProgrammingCode/DaisyCode/DaisyExamples/libDaisy/build/libdaisy.a(system.o)
                              /Users/dominicfrugoli/Desktop/ProgrammingCode/DaisyCode/DaisyExamples/libDaisy/build/libdaisy.a(daisy_seed.o) (daisy::System::DeInit())
/Users/dominicfrugoli/Desktop/ProgrammingCode/DaisyCode/DaisyExamples/libDaisy/build/libdaisy.a(system_stm32h7xx.o)
                              build/startup_stm32h750xx.o (SystemInit)
/Users/dominicfrugoli/Desktop/ProgrammingCode/DaisyCode/DaisyExamples/libDaisy/build/libdaisy.a(usbd_conf.o)
                              /Users/dominicfrugoli/Desktop/ProgrammingCode/DaisyCode/DaisyExamples/libDaisy/build/libdaisy.a(system.o) (hpcd_USB_OTG_HS)
/Users/dominicfrugoli/Desktop/ProgrammingCode/DaisyCode/DaisyExamples/libDaisy/build/libdaisy.a(usbh_conf.o)
                              /Users/dominicfrugoli/Desktop/ProgrammingCode/DaisyCode/DaisyExamples/libDaisy/build/libdaisy.a(system.o) (hhcd_USB_OTG_HS)
/Users/dominicfrugoli/Desktop/ProgrammingCode/DaisyCode/DaisyExamples/libDaisy/build/libdaisy.a(hal_map.o)
                              /Users/dominicfrugoli/Desktop/ProgrammingCode/DaisyCode/DaisyExamples/libDaisy/build/libdaisy.a(gpio.o) (dsy_hal_map_get_port)
[...]
Memory Configuration

Name             Origin             Length             Attributes
FLASH            0x0000000008000000 0x0000000000020000 xr
DTCMRAM          0x0000000020000000 0x0000000000020000 xrw
SRAM             0x0000000024000000 0x0000000000080000 xrw
RAM_D2           0x0000000030000000 0x0000000000048000 xrw
RAM_D3           0x0000000038000000 0x0000000000010000 xrw
BACKUP_SRAM      0x0000000038800000 0x0000000000001000 xrw
ITCMRAM          0x0000000000000000 0x0000000000010000 xrw
SDRAM            0x00000000c0000000 0x0000000004000000 xrw
QSPIFLASH        0x0000000090000000 0x0000000000800000 xr
*default*        0x0000000000000000 0xffffffffffffffff

Linker script and memory map

LOAD /Applications/ARM/bin/../lib/gcc/arm-none-eabi/10.3.1/thumb/v7e-m+dp/hard/crti.o
LOAD /Applications/ARM/bin/../lib/gcc/arm-none-eabi/10.3.1/thumb/v7e-m+dp/hard/crtbegin.o
LOAD /Applications/ARM/bin/../lib/gcc/arm-none-eabi/10.3.1/../../../../arm-none-eabi/lib/thumb/v7e-m+dp/hard/crt0.o
LOAD build/startup_stm32h750xx.o
LOAD build/sardinia.o
LOAD /Users/dominicfrugoli/Desktop/ProgrammingCode/DaisyCode/DaisyExamples/libDaisy/build/libdaisy.a
LOAD /Applications/ARM/bin/../lib/gcc/arm-none-eabi/10.3.1/../../../../arm-none-eabi/lib/thumb/v7e-m+dp/hard/libnosys.a
LOAD /Users/dominicfrugoli/Desktop/ProgrammingCode/DaisyCode/DaisyExamples/DaisySP/build/libdaisysp.a
LOAD /Applications/ARM/bin/../lib/gcc/arm-none-eabi/10.3.1/../../../../arm-none-eabi/lib/thumb/v7e-m+dp/hard/libstdc++_nano.a
LOAD /Applications/ARM/bin/../lib/gcc/arm-none-eabi/10.3.1/../../../../arm-none-eabi/lib/thumb/v7e-m+dp/hard/libm.a
LOAD /Applications/ARM/bin/../lib/gcc/arm-none-eabi/10.3.1/../../../../arm-none-eabi/lib/thumb/v7e-m+dp/hard/libc_nano.a
START GROUP
LOAD /Applications/ARM/bin/../lib/gcc/arm-none-eabi/10.3.1/thumb/v7e-m+dp/hard/libgcc.a
LOAD /Applications/ARM/bin/../lib/gcc/arm-none-eabi/10.3.1/../../../../arm-none-eabi/lib/thumb/v7e-m+dp/hard/libc_nano.a
END GROUP
START GROUP
LOAD /Applications/ARM/bin/../lib/gcc/arm-none-eabi/10.3.1/thumb/v7e-m+dp/hard/libgcc.a
LOAD /Applications/ARM/bin/../lib/gcc/arm-none-eabi/10.3.1/../../../../arm-none-eabi/lib/thumb/v7e-m+dp/hard/libc_nano.a
LOAD /Applications/ARM/bin/../lib/gcc/arm-none-eabi/10.3.1/../../../../arm-none-eabi/lib/thumb/v7e-m+dp/hard/libnosys.a
END GROUP
START GROUP
LOAD /Applications/ARM/bin/../lib/gcc/arm-none-eabi/10.3.1/thumb/v7e-m+dp/hard/libgcc.a
LOAD /Applications/ARM/bin/../lib/gcc/arm-none-eabi/10.3.1/../../../../arm-none-eabi/lib/thumb/v7e-m+dp/hard/libc_nano.a
LOAD /Applications/ARM/bin/../lib/gcc/arm-none-eabi/10.3.1/../../../../arm-none-eabi/lib/thumb/v7e-m+dp/hard/libnosys.a
END GROUP
LOAD /Applications/ARM/bin/../lib/gcc/arm-none-eabi/10.3.1/thumb/v7e-m+dp/hard/crtend.o
LOAD /Applications/ARM/bin/../lib/gcc/arm-none-eabi/10.3.1/thumb/v7e-m+dp/hard/crtn.o
                0x0000000020020000                _estack = 0x20020000

.isr_vector     0x0000000008000000      0x298
                0x0000000008000000                . = ALIGN (0x4)
 *(.isr_vector)
 .isr_vector    0x0000000008000000      0x298 build/startup_stm32h750xx.o
                0x0000000008000000                g_pfnVectors
                0x0000000008000298                . = ALIGN (0x4)

.text           0x0000000008000298    0x111c0
                0x0000000008000298                . = ALIGN (0x4)
                0x0000000008000298                _stext = .
 *(.text)
 .text          0x0000000008000298       0x40 /Applications/ARM/bin/../lib/gcc/arm-none-eabi/10.3.1/thumb/v7e-m+dp/hard/crtbegin.o
 .text          0x00000000080002d8       0x10 /Applications/ARM/bin/../lib/gcc/arm-none-eabi/10.3.1/../../../../arm-none-eabi/lib/thumb/v7e-m+dp/hard/libc_nano.a(lib_a-strlen.o)
                0x00000000080002d8                strlen
 .text          0x00000000080002e8       0x30 /Applications/ARM/bin/../lib/gcc/arm-none-eabi/10.3.1/thumb/v7e-m+dp/hard/libgcc.a(_aeabi_uldivmod.o)
                0x00000000080002e8                __aeabi_uldivmod
 .text          0x0000000008000318      0x2d0 /Applications/ARM/bin/../lib/gcc/arm-none-eabi/10.3.1/thumb/v7e-m+dp/hard/libgcc.a(_udivmoddi4.o)
                0x0000000008000318                __udivmoddi4
 .text          0x00000000080005e8        0x4 /Applications/ARM/bin/../lib/gcc/arm-none-eabi/10.3.1/thumb/v7e-m+dp/hard/libgcc.a(_dvmd_tls.o)
                0x00000000080005e8                __aeabi_ldiv0
                0x00000000080005e8                __aeabi_idiv0
 *(.text*)
 .text.Default_Handler
                0x00000000080005ec        0x4 build/startup_stm32h750xx.o
                0x00000000080005ec                SAI1_IRQHandler
                0x00000000080005ec                HASH_RNG_IRQHandler
                0x00000000080005ec                EXTI2_IRQHandler
                0x00000000080005ec                TIM8_CC_IRQHandler
                0x00000000080005ec                HRTIM1_Master_IRQHandler
                0x00000000080005ec                DebugMon_Handler
                0x00000000080005ec                TIM1_CC_IRQHandler
                0x00000000080005ec                BDMA_Channel6_IRQHandler
                0x00000000080005ec                DMA2_Stream5_IRQHandler
                0x00000000080005ec                HRTIM1_FLT_IRQHandler
                0x00000000080005ec                JPEG_IRQHandler
                0x00000000080005ec                BDMA_Channel1_IRQHandler
                0x00000000080005ec                HRTIM1_TIMD_IRQHandler
                0x00000000080005ec                TAMP_STAMP_IRQHandler
                0x00000000080005ec                PendSV_Handler
                0x00000000080005ec                NMI_Handler
                0x00000000080005ec                EXTI3_IRQHandler
                0x00000000080005ec                LPTIM4_IRQHandler
                0x00000000080005ec                TIM8_TRG_COM_TIM14_IRQHandler
                0x00000000080005ec                LPTIM2_IRQHandler
                0x00000000080005ec                DFSDM1_FLT1_IRQHandler
                0x00000000080005ec                DMAMUX2_OVR_IRQHandler
                0x00000000080005ec                TIM8_UP_TIM13_IRQHandler
                0x00000000080005ec                I2C3_ER_IRQHandler
                0x00000000080005ec                DFSDM1_FLT2_IRQHandler
                0x00000000080005ec                MDMA_IRQHandler
                0x00000000080005ec                LPTIM3_IRQHandler
                0x00000000080005ec                HSEM1_IRQHandler
                0x00000000080005ec                EXTI0_IRQHandler
                0x00000000080005ec                FPU_IRQHandler
                0x00000000080005ec                OTG_HS_WKUP_IRQHandler
                0x00000000080005ec                FDCAN1_IT1_IRQHandler
                0x00000000080005ec                UsageFault_Handler
                0x00000000080005ec                LTDC_ER_IRQHandler
                0x00000000080005ec                HRTIM1_TIME_IRQHandler
                0x00000000080005ec                TIM6_DAC_IRQHandler
                0x00000000080005ec                DCMI_IRQHandler
                0x00000000080005ec                HRTIM1_TIMC_IRQHandler
                0x00000000080005ec                SAI2_IRQHandler
                0x00000000080005ec                DFSDM1_FLT3_IRQHandler
                0x00000000080005ec                TIM17_IRQHandler
                0x00000000080005ec                CRYP_IRQHandler
                0x00000000080005ec                BDMA_Channel7_IRQHandler
                0x00000000080005ec                LPTIM5_IRQHandler
                0x00000000080005ec                ADC3_IRQHandler
                0x00000000080005ec                DMA2_Stream0_IRQHandler
                0x00000000080005ec                BDMA_Channel2_IRQHandler
                0x00000000080005ec                DMAMUX1_OVR_IRQHandler
                0x00000000080005ec                TIM16_IRQHandler
                0x00000000080005ec                BDMA_Channel5_IRQHandler
                0x00000000080005ec                RCC_IRQHandler
                0x00000000080005ec                TIM8_BRK_TIM12_IRQHandler
                0x00000000080005ec                TIM1_TRG_COM_IRQHandler
                0x00000000080005ec                Default_Handler
                0x00000000080005ec                ECC_IRQHandler
                0x00000000080005ec                CEC_IRQHandler
                0x00000000080005ec                EXTI15_10_IRQHandler
                0x00000000080005ec                BDMA_Channel0_IRQHandler
                0x00000000080005ec                ADC_IRQHandler
                0x00000000080005ec                DMA1_Stream7_IRQHandler
                0x00000000080005ec                HRTIM1_TIMA_IRQHandler
                0x00000000080005ec                TIM7_IRQHandler
                0x00000000080005ec                SDMMC1_IRQHandler
                0x00000000080005ec                DMA2_Stream7_IRQHandler
                0x00000000080005ec                TIM15_IRQHandler
                0x00000000080005ec                PVD_AVD_IRQHandler
                0x00000000080005ec                EXTI9_5_IRQHandler
                0x00000000080005ec                RTC_WKUP_IRQHandler
                0x00000000080005ec                LTDC_IRQHandler
                0x00000000080005ec                SAI3_IRQHandler
                0x00000000080005ec                ETH_WKUP_IRQHandler
                0x00000000080005ec                SPDIF_RX_IRQHandler
                0x00000000080005ec                MemManage_Handler
                0x00000000080005ec                SVC_Handler
                0x00000000080005ec                CRS_IRQHandler
                0x00000000080005ec                EXTI4_IRQHandler
                0x00000000080005ec                HRTIM1_TIMB_IRQHandler
                0x00000000080005ec                FDCAN2_IT1_IRQHandler
                0x00000000080005ec                ETH_IRQHandler
                0x00000000080005ec                TIM1_UP_IRQHandler
                0x00000000080005ec                BDMA_Channel4_IRQHandler
                0x00000000080005ec                WWDG_IRQHandler
                0x00000000080005ec                SPI6_IRQHandler
                0x00000000080005ec                I2C4_EV_IRQHandler
                0x00000000080005ec                MDIOS_IRQHandler
                0x00000000080005ec                FDCAN2_IT0_IRQHandler
                0x00000000080005ec                FDCAN1_IT0_IRQHandler
                0x00000000080005ec                OTG_FS_WKUP_IRQHandler
                0x00000000080005ec                DMA2D_IRQHandler
                0x00000000080005ec                TIM1_BRK_IRQHandler
                0x00000000080005ec                EXTI1_IRQHandler
                0x00000000080005ec                SDMMC2_IRQHandler
                0x00000000080005ec                OTG_FS_EP1_OUT_IRQHandler
                0x00000000080005ec                BDMA_Channel3_IRQHandler
                0x00000000080005ec                MDIOS_WKUP_IRQHandler
                0x00000000080005ec                DFSDM1_FLT0_IRQHandler
                0x00000000080005ec                SAI4_IRQHandler
                0x00000000080005ec                I2C2_ER_IRQHandler
                0x00000000080005ec                DMA2_Stream1_IRQHandler
                0x00000000080005ec                FLASH_IRQHandler
                0x00000000080005ec                BusFault_Handler
                0x00000000080005ec                OTG_FS_IRQHandler
                0x00000000080005ec                WAKEUP_PIN_IRQHandler
                0x00000000080005ec                OTG_FS_EP1_IN_IRQHandler
                0x00000000080005ec                I2C1_ER_IRQHandler
                0x00000000080005ec                FMC_IRQHandler
                0x00000000080005ec                FDCAN_CAL_IRQHandler
                0x00000000080005ec                SWPMI1_IRQHandler
                0x00000000080005ec                COMP1_IRQHandler
                0x00000000080005ec                LPTIM1_IRQHandler
                0x00000000080005ec                I2C4_ER_IRQHandler
                0x00000000080005ec                DMA2_Stream6_IRQHandler
                0x00000000080005ec                RTC_Alarm_IRQHandler
 .text.Reset_Handler
                0x00000000080005f0       0x44 build/startup_stm32h750xx.o
                0x00000000080005f0                Reset_Handler
 .text._ZN5daisy6SwitchD2Ev
                0x0000000008000634        0x4 build/sardinia.o
                0x0000000008000634                daisy::Switch::~Switch()
                0x0000000008000634                daisy::Switch::~Switch()
 .text._ZN5daisy7EncoderD2Ev
                0x0000000008000638        0x4 build/sardinia.o
                0x0000000008000638                daisy::Encoder::~Encoder()
                0x0000000008000638                daisy::Encoder::~Encoder()
 .text._ZN5daisy10LcdHD44780D2Ev
                0x000000000800063c        0x4 build/sardinia.o
                0x000000000800063c                daisy::LcdHD44780::~LcdHD44780()
                0x000000000800063c                daisy::LcdHD44780::~LcdHD44780()
 .text._ZN5daisy9DaisySeedD2Ev
                0x0000000008000640        0x4 build/sardinia.o
                0x0000000008000640                daisy::DaisySeed::~DaisySeed()
                0x0000000008000640                daisy::DaisySeed::~DaisySeed()
 .text._Z12InitControlsv
                0x0000000008000644      0x114 build/sardinia.o
                0x0000000008000644                InitControls()
 .text._Z9GetSamplev
                0x0000000008000758       0x64 build/sardinia.o
                0x0000000008000758                GetSample()
 .text._Z7InitLCDv
                0x00000000080007bc       0x64 build/sardinia.o
                0x00000000080007bc                InitLCD()
 .text._Z9PrintMenuv
                0x0000000008000820       0x3c build/sardinia.o
                0x0000000008000820                PrintMenu()
 .text.startup.main
                0x000000000800085c       0x90 build/sardinia.o
                0x000000000800085c                main
 .text._Z17ProcessControlsKRv
                0x00000000080008ec      0x174 build/sardinia.o
                0x00000000080008ec                ProcessControlsKR()
 .text._Z13AudioCallbackPKPKfPPfj
                0x0000000008000a60      0x13c build/sardinia.o
                0x0000000008000a60                AudioCallback(float const* const*, float**, unsigned int)
 .text.startup._GLOBAL__sub_I_adcConfig
                0x0000000008000b9c       0x6c build/sardinia.o
 .text._ZN5daisy9DaisySeed10StartAudioEPFvPKPKfPPfjE
                0x0000000008000c08        0x8 /Users/dominicfrugoli/Desktop/ProgrammingCode/DaisyCode/DaisyExamples/libDaisy/build/libdaisy.a(daisy_seed.o)
                0x0000000008000c08                daisy::DaisySeed::StartAudio(void (*)(float const* const*, float**, unsigned int))
 .text._ZN5daisy9DaisySeed18SetAudioSampleRateENS_9SaiHandle6Config10SampleRateE
                0x0000000008000c10       0x38 /Users/dominicfrugoli/Desktop/ProgrammingCode/DaisyCode/DaisyExamples/libDaisy/build/libdaisy.a(daisy_seed.o)
                0x0000000008000c10                daisy::DaisySeed::SetAudioSampleRate(daisy::SaiHandle::Config::SampleRate)
 .text._ZN5daisy9DaisySeed17SetAudioBlockSizeEj
                0x0000000008000c48       0x38 /Users/dominicfrugoli/Desktop/ProgrammingCode/DaisyCode/DaisyExamples/libDaisy/build/libdaisy.a(daisy_seed.o)
                0x0000000008000c48                daisy::DaisySeed::SetAudioBlockSize(unsigned int)
 .text._ZN5daisy9DaisySeed17CheckBoardVersionEv
                0x0000000008000c80       0x6c /Users/dominicfrugoli/Desktop/ProgrammingCode/DaisyCode/DaisyExamples/libDaisy/build/libdaisy.a(daisy_seed.o)
                0x0000000008000c80                daisy::DaisySeed::CheckBoardVersion()
 .text._ZN5daisy9DaisySeed14ConfigureAudioEv
                0x0000000008000cec      0x10c /Users/dominicfrugoli/Desktop/ProgrammingCode/DaisyCode/DaisyExamples/libDaisy/build/libdaisy.a(daisy_seed.o)
                0x0000000008000cec                daisy::DaisySeed::ConfigureAudio()
 .text._ZN5daisy9DaisySeed4InitEb
                0x0000000008000df8      0x108 /Users/dominicfrugoli/Desktop/ProgrammingCode/DaisyCode/DaisyExamples/libDaisy/build/libdaisy.a(daisy_seed.o)
                0x0000000008000df8                daisy::DaisySeed::Init(bool)
 .text._ZN5daisy6Ak45564InitE12dsy_gpio_pin
                0x0000000008000f00       0x44 /Users/dominicfrugoli/Desktop/ProgrammingCode/DaisyCode/DaisyExamples/libDaisy/build/libdaisy.a(codec_ak4556.o)
                0x0000000008000f00                daisy::Ak4556::Init(dsy_gpio_pin)
 .text._ZN5daisy6Wm873120WriteControlRegisterEht
                0x0000000008000f44       0x3c /Users/dominicfrugoli/Desktop/ProgrammingCode/DaisyCode/DaisyExamples/libDaisy/build/libdaisy.a(codec_wm8731.o)
                0x0000000008000f44                daisy::Wm8731::WriteControlRegister(unsigned char, unsigned short)
 .text._ZN5daisy6Wm87314InitERKNS0_6ConfigENS_9I2CHandleE
                0x0000000008000f80      0x1bc /Users/dominicfrugoli/Desktop/ProgrammingCode/DaisyCode/DaisyExamples/libDaisy/build/libdaisy.a(codec_wm8731.o)
                0x0000000008000f80                daisy::Wm8731::Init(daisy::Wm8731::Config const&, daisy::I2CHandle)
 .text._ZN5daisy10LcdHD447805PrintEPKc
                0x000000000800113c       0xc0 /Users/dominicfrugoli/Desktop/ProgrammingCode/DaisyCode/DaisyExamples/libDaisy/build/libdaisy.a(lcd_hd44780.o)
                0x000000000800113c                daisy::LcdHD44780::Print(char const*)
 .text._ZN5daisy10LcdHD4478012WriteCommandEh
                0x00000000080011fc       0x84 /Users/dominicfrugoli/Desktop/ProgrammingCode/DaisyCode/DaisyExamples/libDaisy/build/libdaisy.a(lcd_hd44780.o)
                0x00000000080011fc                daisy::LcdHD44780::WriteCommand(unsigned char)
 .text._ZN5daisy10LcdHD447804InitERKNS0_6ConfigE
                0x0000000008001280       0xb0 /Users/dominicfrugoli/Desktop/ProgrammingCode/DaisyCode/DaisyExamples/libDaisy/build/libdaisy.a(lcd_hd44780.o)
                0x0000000008001280                daisy::LcdHD44780::Init(daisy::LcdHD44780::Config const&)
 .text._ZN5daisy10LcdHD447809SetCursorEhh
                0x0000000008001330       0x10 /Users/dominicfrugoli/Desktop/ProgrammingCode/DaisyCode/DaisyExamples/libDaisy/build/libdaisy.a(lcd_hd44780.o)
                0x0000000008001330                daisy::LcdHD44780::SetCursor(unsigned char, unsigned char)
 .text._ZN5daisy10LcdHD447805ClearEv
                0x0000000008001340        0x8 /Users/dominicfrugoli/Desktop/ProgrammingCode/DaisyCode/DaisyExamples/libDaisy/build/libdaisy.a(lcd_hd44780.o)
                0x0000000008001340                daisy::LcdHD44780::Clear()
 .text._ZN11SdramHandle10DeviceInitEv
                0x0000000008001348       0x98 /Users/dominicfrugoli/Desktop/ProgrammingCode/DaisyCode/DaisyExamples/libDaisy/build/libdaisy.a(sdram.o)
                0x0000000008001348                SdramHandle::DeviceInit()
 .text._ZN11SdramHandle4InitEv
                0x00000000080013e0       0x7c /Users/dominicfrugoli/Desktop/ProgrammingCode/DaisyCode/DaisyExamples/libDaisy/build/libdaisy.a(sdram.o)
                0x00000000080013e0                SdramHandle::Init()
 .text.HAL_SDRAM_MspInit
                0x000000000800145c      0x1a8 /Users/dominicfrugoli/Desktop/ProgrammingCode/DaisyCode/DaisyExamples/libDaisy/build/libdaisy.a(sdram.o)
                0x000000000800145c                HAL_SDRAM_MspInit
 .text._ZN5daisy11AudioHandle4Impl16InternalCallbackEPlS2_j
                0x0000000008001604      0xbbc /Users/dominicfrugoli/Desktop/ProgrammingCode/DaisyCode/DaisyExamples/libDaisy/build/libdaisy.a(audio.o)
                0x0000000008001604                daisy::AudioHandle::Impl::InternalCallback(long*, long*, unsigned int)
 .text._ZN5daisy11AudioHandle4InitERKNS0_6ConfigENS_9SaiHandleE
                0x00000000080021c0       0x70 /Users/dominicfrugoli/Desktop/ProgrammingCode/DaisyCode/DaisyExamples/libDaisy/build/libdaisy.a(audio.o)
                0x00000000080021c0                daisy::AudioHandle::Init(daisy::AudioHandle::Config const&, daisy::SaiHandle)
 .text._ZNK5daisy11AudioHandle9GetConfigEv
                0x0000000008002230        0x8 /Users/dominicfrugoli/Desktop/ProgrammingCode/DaisyCode/DaisyExamples/libDaisy/build/libdaisy.a(audio.o)
                0x0000000008002230                daisy::AudioHandle::GetConfig() const
 .text._ZN5daisy11AudioHandle12SetBlockSizeEj
                0x0000000008002238       0x1c /Users/dominicfrugoli/Desktop/ProgrammingCode/DaisyCode/DaisyExamples/libDaisy/build/libdaisy.a(audio.o)
                0x0000000008002238                daisy::AudioHandle::SetBlockSize(unsigned int)
 .text._ZN5daisy11AudioHandle13GetSampleRateEv
                0x0000000008002254        0x8 /Users/dominicfrugoli/Desktop/ProgrammingCode/DaisyCode/DaisyExamples/libDaisy/build/libdaisy.a(audio.o)
                0x0000000008002254                daisy::AudioHandle::GetSampleRate()
 .text._ZN5daisy11AudioHandle13SetSampleRateENS_9SaiHandle6Config10SampleRateE
                0x000000000800225c       0x88 /Users/dominicfrugoli/Desktop/ProgrammingCode/DaisyCode/DaisyExamples/libDaisy/build/libdaisy.a(audio.o)
                0x000000000800225c                daisy::AudioHandle::SetSampleRate(daisy::SaiHandle::Config::SampleRate)
 .text._ZN5daisy11AudioHandle5StartEPFvPKPKfPPfjE
                0x00000000080022e4       0x44 /Users/dominicfrugoli/Desktop/ProgrammingCode/DaisyCode/DaisyExamples/libDaisy/build/libdaisy.a(audio.o)
                0x00000000080022e4                daisy::AudioHandle::Start(void (*)(float const* const*, float**, unsigned int))
 .text.startup._GLOBAL__sub_I__ZN5daisy11AudioHandle4Impl4InitENS0_6ConfigENS_9SaiHandleE
                0x0000000008002328       0x24 /Users/dominicfrugoli/Desktop/ProgrammingCode/DaisyCode/DaisyExamples/libDaisy/build/libdaisy.a(audio.o)
 .text._ZN5daisy7Encoder4InitE12dsy_gpio_pinS1_S1_f
                0x000000000800234c       0x60 /Users/dominicfrugoli/Desktop/ProgrammingCode/DaisyCode/DaisyExamples/libDaisy/build/libdaisy.a(encoder.o)
                0x000000000800234c                daisy::Encoder::Init(dsy_gpio_pin, dsy_gpio_pin, dsy_gpio_pin, float)
 .text._ZN5daisy7Encoder8DebounceEv
                0x00000000080023ac       0x7c /Users/dominicfrugoli/Desktop/ProgrammingCode/DaisyCode/DaisyExamples/libDaisy/build/libdaisy.a(encoder.o)
                0x00000000080023ac                daisy::Encoder::Debounce()
 .text._ZN5daisy6Switch4InitE12dsy_gpio_pinf
                0x0000000008002428       0x34 /Users/dominicfrugoli/Desktop/ProgrammingCode/DaisyCode/DaisyExamples/libDaisy/build/libdaisy.a(switch.o)
                0x0000000008002428                daisy::Switch::Init(dsy_gpio_pin, float)
 .text._ZN5daisy6Switch8DebounceEv
                0x000000000800245c       0x5c /Users/dominicfrugoli/Desktop/ProgrammingCode/DaisyCode/DaisyExamples/libDaisy/build/libdaisy.a(switch.o)
                0x000000000800245c                daisy::Switch::Debounce()
 .text._ZN5daisy16AdcChannelConfig7InitMuxE12dsy_gpio_pinjS1_S1_S1_NS0_15ConversionSpeedE
                0x00000000080024b8       0x74 /Users/dominicfrugoli/Desktop/ProgrammingCode/DaisyCode/DaisyExamples/libDaisy/build/libdaisy.a(adc.o)
                0x00000000080024b8                daisy::AdcChannelConfig::InitMux(dsy_gpio_pin, unsigned int, dsy_gpio_pin, dsy_gpio_pin, dsy_gpio_pin, daisy::AdcChannelConfig::ConversionSpeed)
 .text._ZN5daisy9AdcHandle4InitEPNS_16AdcChannelConfigEjNS0_12OverSamplingE
                0x000000000800252c      0x41c /Users/dominicfrugoli/Desktop/ProgrammingCode/DaisyCode/DaisyExamples/libDaisy/build/libdaisy.a(adc.o)
                0x000000000800252c                daisy::AdcHandle::Init(daisy::AdcChannelConfig*, unsigned int, daisy::AdcHandle::OverSampling)
 .text._ZN5daisy9AdcHandle5StartEv
                0x0000000008002948       0x2c /Users/dominicfrugoli/Desktop/ProgrammingCode/DaisyCode/DaisyExamples/libDaisy/build/libdaisy.a(adc.o)
                0x0000000008002948                daisy::AdcHandle::Start()
 .text._ZNK5daisy9AdcHandle11GetMuxFloatEhh
                0x0000000008002974       0x20 /Users/dominicfrugoli/Desktop/ProgrammingCode/DaisyCode/DaisyExamples/libDaisy/build/libdaisy.a(adc.o)
                0x0000000008002974                daisy::AdcHandle::GetMuxFloat(unsigned char, unsigned char) const
 .text.HAL_ADC_MspInit
                0x0000000008002994       0x98 /Users/dominicfrugoli/Desktop/ProgrammingCode/DaisyCode/DaisyExamples/libDaisy/build/libdaisy.a(adc.o)
                0x0000000008002994                HAL_ADC_MspInit
 .text.DMA1_Stream2_IRQHandler
                0x0000000008002a2c        0xc /Users/dominicfrugoli/Desktop/ProgrammingCode/DaisyCode/DaisyExamples/libDaisy/build/libdaisy.a(adc.o)
                0x0000000008002a2c                DMA1_Stream2_IRQHandler
 .text.HAL_ADC_ConvCpltCallback
                0x0000000008002a38      0x148 /Users/dominicfrugoli/Desktop/ProgrammingCode/DaisyCode/DaisyExamples/libDaisy/build/libdaisy.a(adc.o)
                0x0000000008002a38                HAL_ADC_ConvCpltCallback
 .text.HAL_ADC_ErrorCallback
                0x0000000008002b80        0x4 /Users/dominicfrugoli/Desktop/ProgrammingCode/DaisyCode/DaisyExamples/libDaisy/build/libdaisy.a(adc.o)
                0x0000000008002b80                HAL_ADC_ErrorCallback
 .text._ZN5daisy4GPIO4InitENS_3PinENS0_4ModeENS0_4PullENS0_5SpeedE
                0x0000000008002b84      0x1cc /Users/dominicfrugoli/Desktop/ProgrammingCode/DaisyCode/DaisyExamples/libDaisy/build/libdaisy.a(gpio.o)
                0x0000000008002b84                daisy::GPIO::Init(daisy::Pin, daisy::GPIO::Mode, daisy::GPIO::Pull, daisy::GPIO::Speed)
 .text._ZN5daisy4GPIO4ReadEv
                0x0000000008002d50       0x18 /Users/dominicfrugoli/Desktop/ProgrammingCode/DaisyCode/DaisyExamples/libDaisy/build/libdaisy.a(gpio.o)
                0x0000000008002d50                daisy::GPIO::Read()
 .text._ZN5daisy4GPIO5WriteEb
                0x0000000008002d68       0x14 /Users/dominicfrugoli/Desktop/ProgrammingCode/DaisyCode/DaisyExamples/libDaisy/build/libdaisy.a(gpio.o)
                0x0000000008002d68                daisy::GPIO::Write(bool)
 .text.dsy_gpio_init
                0x0000000008002d7c      0x1b8 /Users/dominicfrugoli/Desktop/ProgrammingCode/DaisyCode/DaisyExamples/libDaisy/build/libdaisy.a(gpio.o)
                0x0000000008002d7c                dsy_gpio_init
 .text.dsy_gpio_read
                0x0000000008002f34       0x1c /Users/dominicfrugoli/Desktop/ProgrammingCode/DaisyCode/DaisyExamples/libDaisy/build/libdaisy.a(gpio.o)
                0x0000000008002f34                dsy_gpio_read
 .text.dsy_gpio_write
                0x0000000008002f50       0x24 /Users/dominicfrugoli/Desktop/ProgrammingCode/DaisyCode/DaisyExamples/libDaisy/build/libdaisy.a(gpio.o)
                0x0000000008002f50                dsy_gpio_write
 .text._ZN5daisy9I2CHandle4Impl8InitPinsEv
                0x0000000008002f74       0x58 /Users/dominicfrugoli/Desktop/ProgrammingCode/DaisyCode/DaisyExamples/libDaisy/build/libdaisy.a(i2c.o)
                0x0000000008002f74                daisy::I2CHandle::Impl::InitPins()
 .text.HAL_I2C_MspInit
                0x0000000008002fcc      0x1b4 /Users/dominicfrugoli/Desktop/ProgrammingCode/DaisyCode/DaisyExamples/libDaisy/build/libdaisy.a(i2c.o)
                0x0000000008002fcc                HAL_I2C_MspInit
 .text.dsy_i2c_global_init
                0x0000000008003180       0x78 /Users/dominicfrugoli/Desktop/ProgrammingCode/DaisyCode/DaisyExamples/libDaisy/build/libdaisy.a(i2c.o)
                0x0000000008003180                dsy_i2c_global_init
 .text.DMA1_Stream6_IRQHandler
                0x00000000080031f8       0x34 /Users/dominicfrugoli/Desktop/ProgrammingCode/DaisyCode/DaisyExamples/libDaisy/build/libdaisy.a(i2c.o)
                0x00000000080031f8                DMA1_Stream6_IRQHandler
 .text.I2C1_EV_IRQHandler
                0x000000000800322c        0xc /Users/dominicfrugoli/Desktop/ProgrammingCode/DaisyCode/DaisyExamples/libDaisy/build/libdaisy.a(i2c.o)
                0x000000000800322c                I2C1_EV_IRQHandler
 .text.I2C2_EV_IRQHandler
                0x0000000008003238        0xc /Users/dominicfrugoli/Desktop/ProgrammingCode/DaisyCode/DaisyExamples/libDaisy/build/libdaisy.a(i2c.o)
                0x0000000008003238                I2C2_EV_IRQHandler
 .text.I2C3_EV_IRQHandler
                0x0000000008003244        0xc /Users/dominicfrugoli/Desktop/ProgrammingCode/DaisyCode/DaisyExamples/libDaisy/build/libdaisy.a(i2c.o)
                0x0000000008003244                I2C3_EV_IRQHandler
 .text._ZN5daisy9I2CHandle4InitERKNS0_6ConfigE
                0x0000000008003250      0x12c /Users/dominicfrugoli/Desktop/ProgrammingCode/DaisyCode/DaisyExamples/libDaisy/build/libdaisy.a(i2c.o)
                0x0000000008003250                daisy::I2CHandle::Init(daisy::I2CHandle::Config const&)
 .text._ZN5daisy9I2CHandle16TransmitBlockingEtPhtm
                0x000000000800337c       0x50 /Users/dominicfrugoli/Desktop/ProgrammingCode/DaisyCode/DaisyExamples/libDaisy/build/libdaisy.a(i2c.o)
                0x000000000800337c                daisy::I2CHandle::TransmitBlocking(unsigned short, unsigned char*, unsigned short, unsigned long)
 .text.startup._GLOBAL__sub_I__ZN5daisy9I2CHandle4Impl10GlobalInitEv
                0x00000000080033cc       0x18 /Users/dominicfrugoli/Desktop/ProgrammingCode/DaisyCode/DaisyExamples/libDaisy/build/libdaisy.a(i2c.o)
 .text._ZN5daisy10QSPIHandle4Impl11WriteEnableEv
                0x00000000080033e4       0x8c /Users/dominicfrugoli/Desktop/ProgrammingCode/DaisyCode/DaisyExamples/libDaisy/build/libdaisy.a(qspi.o)
                0x00000000080033e4                daisy::QSPIHandle::Impl::WriteEnable()
 .text._ZN5daisy10QSPIHandle4Impl17DummyCyclesConfigENS0_6Config6DeviceE
                0x0000000008003470      0x118 /Users/dominicfrugoli/Desktop/ProgrammingCode/DaisyCode/DaisyExamples/libDaisy/build/libdaisy.a(qspi.o)
                0x0000000008003470                daisy::QSPIHandle::Impl::DummyCyclesConfig(daisy::QSPIHandle::Config::Device)
 .text._ZN5daisy10QSPIHandle4Impl10QuadEnableEv
                0x0000000008003588      0x158 /Users/dominicfrugoli/Desktop/ProgrammingCode/DaisyCode/DaisyExamples/libDaisy/build/libdaisy.a(qspi.o)
                0x0000000008003588                daisy::QSPIHandle::Impl::QuadEnable()
 .text._ZN5daisy10QSPIHandle4InitERKNS0_6ConfigE
                0x00000000080036e0      0x198 /Users/dominicfrugoli/Desktop/ProgrammingCode/DaisyCode/DaisyExamples/libDaisy/build/libdaisy.a(qspi.o)
                0x00000000080036e0                daisy::QSPIHandle::Init(daisy::QSPIHandle::Config const&)
 .text.HAL_QSPI_MspInit
                0x0000000008003878      0x11c /Users/dominicfrugoli/Desktop/ProgrammingCode/DaisyCode/DaisyExamples/libDaisy/build/libdaisy.a(qspi.o)
                0x0000000008003878                HAL_QSPI_MspInit
 .text.HAL_QSPI_MspDeInit
                0x0000000008003994       0x54 /Users/dominicfrugoli/Desktop/ProgrammingCode/DaisyCode/DaisyExamples/libDaisy/build/libdaisy.a(qspi.o)
                0x0000000008003994                HAL_QSPI_MspDeInit
 .text.QUADSPI_IRQHandler
                0x00000000080039e8        0xc /Users/dominicfrugoli/Desktop/ProgrammingCode/DaisyCode/DaisyExamples/libDaisy/build/libdaisy.a(qspi.o)
                0x00000000080039e8                QUADSPI_IRQHandler
 .text.startup._GLOBAL__sub_I__ZN5daisy10QSPIHandle4Impl4InitERKNS0_6ConfigE
                0x00000000080039f4       0x28 /Users/dominicfrugoli/Desktop/ProgrammingCode/DaisyCode/DaisyExamples/libDaisy/build/libdaisy.a(qspi.o)
 .text._ZN5daisy9SaiHandle4Impl7InitDmaENS1_15PeripheralBlockE
                0x0000000008003a1c       0xa0 /Users/dominicfrugoli/Desktop/ProgrammingCode/DaisyCode/DaisyExamples/libDaisy/build/libdaisy.a(sai.o)
                0x0000000008003a1c                daisy::SaiHandle::Impl::InitDma(daisy::SaiHandle::Impl::PeripheralBlock)
 .text._ZN5daisy9SaiHandle4Impl8InitPinsEv
                0x0000000008003abc       0xa8 /Users/dominicfrugoli/Desktop/ProgrammingCode/DaisyCode/DaisyExamples/libDaisy/build/libdaisy.a(sai.o)
                0x0000000008003abc                daisy::SaiHandle::Impl::InitPins()
 .text.HAL_SAI_MspInit
                0x0000000008003b64      0x164 /Users/dominicfrugoli/Desktop/ProgrammingCode/DaisyCode/DaisyExamples/libDaisy/build/libdaisy.a(sai.o)
                0x0000000008003b64                HAL_SAI_MspInit
 .text.DMA1_Stream0_IRQHandler
                0x0000000008003cc8        0xc /Users/dominicfrugoli/Desktop/ProgrammingCode/DaisyCode/DaisyExamples/libDaisy/build/libdaisy.a(sai.o)
                0x0000000008003cc8                DMA1_Stream0_IRQHandler
 .text.DMA1_Stream1_IRQHandler
                0x0000000008003cd4        0xc /Users/dominicfrugoli/Desktop/ProgrammingCode/DaisyCode/DaisyExamples/libDaisy/build/libdaisy.a(sai.o)
                0x0000000008003cd4                DMA1_Stream1_IRQHandler
 .text.DMA1_Stream3_IRQHandler
                0x0000000008003ce0        0xc /Users/dominicfrugoli/Desktop/ProgrammingCode/DaisyCode/DaisyExamples/libDaisy/build/libdaisy.a(sai.o)
                0x0000000008003ce0                DMA1_Stream3_IRQHandler
 .text.DMA1_Stream4_IRQHandler
                0x0000000008003cec        0xc /Users/dominicfrugoli/Desktop/ProgrammingCode/DaisyCode/DaisyExamples/libDaisy/build/libdaisy.a(sai.o)
                0x0000000008003cec                DMA1_Stream4_IRQHandler
 .text.HAL_SAI_RxHalfCpltCallback
                0x0000000008003cf8       0x78 /Users/dominicfrugoli/Desktop/ProgrammingCode/DaisyCode/DaisyExamples/libDaisy/build/libdaisy.a(sai.o)
                0x0000000008003cf8                HAL_SAI_RxHalfCpltCallback
 .text.HAL_SAI_RxCpltCallback
                0x0000000008003d70       0x70 /Users/dominicfrugoli/Desktop/ProgrammingCode/DaisyCode/DaisyExamples/libDaisy/build/libdaisy.a(sai.o)
                0x0000000008003d70                HAL_SAI_RxCpltCallback
 .text._ZN5daisy9SaiHandle4InitERKNS0_6ConfigE
                0x0000000008003de0      0x1f0 /Users/dominicfrugoli/Desktop/ProgrammingCode/DaisyCode/DaisyExamples/libDaisy/build/libdaisy.a(sai.o)
                0x0000000008003de0                daisy::SaiHandle::Init(daisy::SaiHandle::Config const&)
 .text._ZNK5daisy9SaiHandle9GetConfigEv
                0x0000000008003fd0        0x4 /Users/dominicfrugoli/Desktop/ProgrammingCode/DaisyCode/DaisyExamples/libDaisy/build/libdaisy.a(sai.o)
                0x0000000008003fd0                daisy::SaiHandle::GetConfig() const
 .text._ZN5daisy9SaiHandle8StartDmaEPlS1_jPFvS1_S1_jE
                0x0000000008003fd4       0xbc /Users/dominicfrugoli/Desktop/ProgrammingCode/DaisyCode/DaisyExamples/libDaisy/build/libdaisy.a(sai.o)
                0x0000000008003fd4                daisy::SaiHandle::StartDma(long*, long*, unsigned int, void (*)(long*, long*, unsigned int))
 .text._ZN5daisy9SaiHandle13GetSampleRateEv
                0x0000000008004090       0x24 /Users/dominicfrugoli/Desktop/ProgrammingCode/DaisyCode/DaisyExamples/libDaisy/build/libdaisy.a(sai.o)
                0x0000000008004090                daisy::SaiHandle::GetSampleRate()
 .text._ZNK5daisy9SaiHandle9GetOffsetEv
                0x00000000080040b4        0x8 /Users/dominicfrugoli/Desktop/ProgrammingCode/DaisyCode/DaisyExamples/libDaisy/build/libdaisy.a(sai.o)
                0x00000000080040b4                daisy::SaiHandle::GetOffset() const
 .text._ZN5daisy11TimerHandleD2Ev
                0x00000000080040bc        0x4 /Users/dominicfrugoli/Desktop/ProgrammingCode/DaisyCode/DaisyExamples/libDaisy/build/libdaisy.a(system.o)
                0x00000000080040bc                daisy::TimerHandle::~TimerHandle()
                0x00000000080040bc                daisy::TimerHandle::~TimerHandle()
 .text.SysTick_Handler
                0x00000000080040c0       0x10 /Users/dominicfrugoli/Desktop/ProgrammingCode/DaisyCode/DaisyExamples/libDaisy/build/libdaisy.a(system.o)
                0x00000000080040c0                SysTick_Handler
 .text.OTG_HS_EP1_OUT_IRQHandler
                0x00000000080040d0       0x24 /Users/dominicfrugoli/Desktop/ProgrammingCode/DaisyCode/DaisyExamples/libDaisy/build/libdaisy.a(system.o)
                0x00000000080040d0                OTG_HS_EP1_OUT_IRQHandler
 .text.OTG_HS_EP1_IN_IRQHandler
                0x00000000080040f4       0x24 /Users/dominicfrugoli/Desktop/ProgrammingCode/DaisyCode/DaisyExamples/libDaisy/build/libdaisy.a(system.o)
                0x00000000080040f4                OTG_HS_EP1_IN_IRQHandler
 .text.OTG_HS_IRQHandler
                0x0000000008004118       0x24 /Users/dominicfrugoli/Desktop/ProgrammingCode/DaisyCode/DaisyExamples/libDaisy/build/libdaisy.a(system.o)
                0x0000000008004118                OTG_HS_IRQHandler
 .text.HardFault_Handler
                0x000000000800413c       0xe0 /Users/dominicfrugoli/Desktop/ProgrammingCode/DaisyCode/DaisyExamples/libDaisy/build/libdaisy.a(system.o)
                0x000000000800413c                HardFault_Handler
 .text._ZN5daisy6System6GetNowEv
                0x000000000800421c        0x4 /Users/dominicfrugoli/Desktop/ProgrammingCode/DaisyCode/DaisyExamples/libDaisy/build/libdaisy.a(system.o)
                0x000000000800421c                daisy::System::GetNow()
 .text._ZN5daisy6System5DelayEm
                0x0000000008004220        0x4 /Users/dominicfrugoli/Desktop/ProgrammingCode/DaisyCode/DaisyExamples/libDaisy/build/libdaisy.a(system.o)
                0x0000000008004220                daisy::System::Delay(unsigned long)
 .text._ZN5daisy6System20GetBootloaderVersionEv
                0x0000000008004224       0x34 /Users/dominicfrugoli/Desktop/ProgrammingCode/DaisyCode/DaisyExamples/libDaisy/build/libdaisy.a(system.o)
                0x0000000008004224                daisy::System::GetBootloaderVersion()
 .text._ZN5daisy6System15ConfigureClocksEv
                0x0000000008004258      0x194 /Users/dominicfrugoli/Desktop/ProgrammingCode/DaisyCode/DaisyExamples/libDaisy/build/libdaisy.a(system.o)
                0x0000000008004258                daisy::System::ConfigureClocks()
 .text._ZN5daisy6System12ConfigureMpuEv
                0x00000000080043ec       0x7c /Users/dominicfrugoli/Desktop/ProgrammingCode/DaisyCode/DaisyExamples/libDaisy/build/libdaisy.a(system.o)
                0x00000000080043ec                daisy::System::ConfigureMpu()
 .text._ZN5daisy6System4InitERKNS0_6ConfigE
                0x0000000008004468       0xec /Users/dominicfrugoli/Desktop/ProgrammingCode/DaisyCode/DaisyExamples/libDaisy/build/libdaisy.a(system.o)
                0x0000000008004468                daisy::System::Init(daisy::System::Config const&)
 .text._ZN5daisy6System12GetPClk1FreqEv
                0x0000000008004554        0x4 /Users/dominicfrugoli/Desktop/ProgrammingCode/DaisyCode/DaisyExamples/libDaisy/build/libdaisy.a(system.o)
                0x0000000008004554                daisy::System::GetPClk1Freq()
 .text._ZN5daisy6System22GetProgramMemoryRegionEv
                0x0000000008004558       0x78 /Users/dominicfrugoli/Desktop/ProgrammingCode/DaisyCode/DaisyExamples/libDaisy/build/libdaisy.a(system.o)
                0x0000000008004558                daisy::System::GetProgramMemoryRegion()
 .text.startup._GLOBAL__sub_I__ZN5daisy9boot_infoE
                0x00000000080045d0       0x1c /Users/dominicfrugoli/Desktop/ProgrammingCode/DaisyCode/DaisyExamples/libDaisy/build/libdaisy.a(system.o)
 .text.SystemInit
                0x00000000080045ec       0x9c /Users/dominicfrugoli/Desktop/ProgrammingCode/DaisyCode/DaisyExamples/libDaisy/build/libdaisy.a(system_stm32h7xx.o)
                0x00000000080045ec                SystemInit
 .text.HAL_PCD_SetupStageCallback
                0x0000000008004688        0xc /Users/dominicfrugoli/Desktop/ProgrammingCode/DaisyCode/DaisyExamples/libDaisy/build/libdaisy.a(usbd_conf.o)
                0x0000000008004688                HAL_PCD_SetupStageCallback
 .text.HAL_PCD_DataOutStageCallback
                0x0000000008004694       0x14 /Users/dominicfrugoli/Desktop/ProgrammingCode/DaisyCode/DaisyExamples/libDaisy/build/libdaisy.a(usbd_conf.o)
                0x0000000008004694                HAL_PCD_DataOutStageCallback
 .text.HAL_PCD_DataInStageCallback
                0x00000000080046a8       0x14 /Users/dominicfrugoli/Desktop/ProgrammingCode/DaisyCode/DaisyExamples/libDaisy/build/libdaisy.a(usbd_conf.o)
                0x00000000080046a8                HAL_PCD_DataInStageCallback
 .text.HAL_PCD_SOFCallback
                0x00000000080046bc        0x8 /Users/dominicfrugoli/Desktop/ProgrammingCode/DaisyCode/DaisyExamples/libDaisy/build/libdaisy.a(usbd_conf.o)
                0x00000000080046bc                HAL_PCD_SOFCallback
 .text.HAL_PCD_ResetCallback
                0x00000000080046c4       0x24 /Users/dominicfrugoli/Desktop/ProgrammingCode/DaisyCode/DaisyExamples/libDaisy/build/libdaisy.a(usbd_conf.o)
                0x00000000080046c4                HAL_PCD_ResetCallback
 .text.HAL_PCD_SuspendCallback
                0x00000000080046e8       0x30 /Users/dominicfrugoli/Desktop/ProgrammingCode/DaisyCode/DaisyExamples/libDaisy/build/libdaisy.a(usbd_conf.o)
                0x00000000080046e8                HAL_PCD_SuspendCallback
 .text.HAL_PCD_ResumeCallback
                0x0000000008004718        0x8 /Users/dominicfrugoli/Desktop/ProgrammingCode/DaisyCode/DaisyExamples/libDaisy/build/libdaisy.a(usbd_conf.o)
                0x0000000008004718                HAL_PCD_ResumeCallback
 .text.HAL_PCD_ISOOUTIncompleteCallback
                0x0000000008004720        0x8 /Users/dominicfrugoli/Desktop/ProgrammingCode/DaisyCode/DaisyExamples/libDaisy/build/libdaisy.a(usbd_conf.o)
                0x0000000008004720                HAL_PCD_ISOOUTIncompleteCallback
 .text.HAL_PCD_ISOINIncompleteCallback
                0x0000000008004728        0x8 /Users/dominicfrugoli/Desktop/ProgrammingCode/DaisyCode/DaisyExamples/libDaisy/build/libdaisy.a(usbd_conf.o)
                0x0000000008004728                HAL_PCD_ISOINIncompleteCallback
 .text.HAL_PCD_ConnectCallback
                0x0000000008004730        0x8 /Users/dominicfrugoli/Desktop/ProgrammingCode/DaisyCode/DaisyExamples/libDaisy/build/libdaisy.a(usbd_conf.o)
                0x0000000008004730                HAL_PCD_ConnectCallback
 .text.HAL_PCD_DisconnectCallback
                0x0000000008004738        0x8 /Users/dominicfrugoli/Desktop/ProgrammingCode/DaisyCode/DaisyExamples/libDaisy/build/libdaisy.a(usbd_conf.o)
                0x0000000008004738                HAL_PCD_DisconnectCallback
 .text.USBD_LL_OpenEP
                0x0000000008004740       0x24 /Users/dominicfrugoli/Desktop/ProgrammingCode/DaisyCode/DaisyExamples/libDaisy/build/libdaisy.a(usbd_conf.o)
                0x0000000008004740                USBD_LL_OpenEP
 .text.USBD_LL_StallEP
                0x0000000008004764       0x1c /Users/dominicfrugoli/Desktop/ProgrammingCode/DaisyCode/DaisyExamples/libDaisy/build/libdaisy.a(usbd_conf.o)
                0x0000000008004764                USBD_LL_StallEP
 .text.USBD_LL_ClearStallEP
                0x0000000008004780       0x1c /Users/dominicfrugoli/Desktop/ProgrammingCode/DaisyCode/DaisyExamples/libDaisy/build/libdaisy.a(usbd_conf.o)
                0x0000000008004780                USBD_LL_ClearStallEP
 .text.USBD_LL_IsStallEP
                0x000000000800479c       0x28 /Users/dominicfrugoli/Desktop/ProgrammingCode/DaisyCode/DaisyExamples/libDaisy/build/libdaisy.a(usbd_conf.o)
                0x000000000800479c                USBD_LL_IsStallEP
 .text.USBD_LL_SetUSBAddress
                0x00000000080047c4       0x1c /Users/dominicfrugoli/Desktop/ProgrammingCode/DaisyCode/DaisyExamples/libDaisy/build/libdaisy.a(usbd_conf.o)
                0x00000000080047c4                USBD_LL_SetUSBAddress
 .text.USBD_LL_Transmit
                0x00000000080047e0       0x1c /Users/dominicfrugoli/Desktop/ProgrammingCode/DaisyCode/DaisyExamples/libDaisy/build/libdaisy.a(usbd_conf.o)
                0x00000000080047e0                USBD_LL_Transmit
 .text.USBD_LL_PrepareReceive
                0x00000000080047fc       0x1c /Users/dominicfrugoli/Desktop/ProgrammingCode/DaisyCode/DaisyExamples/libDaisy/build/libdaisy.a(usbd_conf.o)
                0x00000000080047fc                USBD_LL_PrepareReceive
 .text.HAL_HCD_SOF_Callback
                0x0000000008004818        0x8 /Users/dominicfrugoli/Desktop/ProgrammingCode/DaisyCode/DaisyExamples/libDaisy/build/libdaisy.a(usbh_conf.o)
                0x0000000008004818                HAL_HCD_SOF_Callback
 .text.HAL_HCD_Connect_Callback
                0x0000000008004820        0x8 /Users/dominicfrugoli/Desktop/ProgrammingCode/DaisyCode/DaisyExamples/libDaisy/build/libdaisy.a(usbh_conf.o)
                0x0000000008004820                HAL_HCD_Connect_Callback
 .text.HAL_HCD_Disconnect_Callback
                0x0000000008004828        0x8 /Users/dominicfrugoli/Desktop/ProgrammingCode/DaisyCode/DaisyExamples/libDaisy/build/libdaisy.a(usbh_conf.o)
                0x0000000008004828                HAL_HCD_Disconnect_Callback
 .text.HAL_HCD_HC_NotifyURBChange_Callback
                0x0000000008004830        0x4 /Users/dominicfrugoli/Desktop/ProgrammingCode/DaisyCode/DaisyExamples/libDaisy/build/libdaisy.a(usbh_conf.o)
                0x0000000008004830                HAL_HCD_HC_NotifyURBChange_Callback
 .text.HAL_HCD_PortEnabled_Callback
                0x0000000008004834        0x8 /Users/dominicfrugoli/Desktop/ProgrammingCode/DaisyCode/DaisyExamples/libDaisy/build/libdaisy.a(usbh_conf.o)
                0x0000000008004834                HAL_HCD_PortEnabled_Callback
 .text.HAL_HCD_PortDisabled_Callback
                0x000000000800483c        0x8 /Users/dominicfrugoli/Desktop/ProgrammingCode/DaisyCode/DaisyExamples/libDaisy/build/libdaisy.a(usbh_conf.o)
                0x000000000800483c                HAL_HCD_PortDisabled_Callback
 .text.USBH_LL_Stop
                0x0000000008004844       0x1c /Users/dominicfrugoli/Desktop/ProgrammingCode/DaisyCode/DaisyExamples/libDaisy/build/libdaisy.a(usbh_conf.o)
                0x0000000008004844                USBH_LL_Stop
 .text.dsy_hal_map_get_port
                0x0000000008004860       0x10 /Users/dominicfrugoli/Desktop/ProgrammingCode/DaisyCode/DaisyExamples/libDaisy/build/libdaisy.a(hal_map.o)
                0x0000000008004860                dsy_hal_map_get_port
 .text.dsy_hal_map_get_pin
                0x0000000008004870       0x10 /Users/dominicfrugoli/Desktop/ProgrammingCode/DaisyCode/DaisyExamples/libDaisy/build/libdaisy.a(hal_map.o)
                0x0000000008004870                dsy_hal_map_get_pin
 .text.dsy_hal_map_gpio_clk_enable
                0x0000000008004880      0x150 /Users/dominicfrugoli/Desktop/ProgrammingCode/DaisyCode/DaisyExamples/libDaisy/build/libdaisy.a(hal_map.o)
                0x0000000008004880                dsy_hal_map_gpio_clk_enable
 .text.HAL_MspInit
                0x00000000080049d0        0x4 /Users/dominicfrugoli/Desktop/ProgrammingCode/DaisyCode/DaisyExamples/libDaisy/build/libdaisy.a(stm32h7xx_hal.o)
                0x00000000080049d0                HAL_MspInit
 .text.HAL_InitTick
                0x00000000080049d4       0x4c /Users/dominicfrugoli/Desktop/ProgrammingCode/DaisyCode/DaisyExamples/libDaisy/build/libdaisy.a(stm32h7xx_hal.o)
                0x00000000080049d4                HAL_InitTick
 .text.HAL_Init
                0x0000000008004a20       0x60 /Users/dominicfrugoli/Desktop/ProgrammingCode/DaisyCode/DaisyExamples/libDaisy/build/libdaisy.a(stm32h7xx_hal.o)
                0x0000000008004a20                HAL_Init
 .text.HAL_IncTick
                0x0000000008004a80       0x18 /Users/dominicfrugoli/Desktop/ProgrammingCode/DaisyCode/DaisyExamples/libDaisy/build/libdaisy.a(stm32h7xx_hal.o)
                0x0000000008004a80                HAL_IncTick
 .text.HAL_GetTick
                0x0000000008004a98        0xc /Users/dominicfrugoli/Desktop/ProgrammingCode/DaisyCode/DaisyExamples/libDaisy/build/libdaisy.a(stm32h7xx_hal.o)
                0x0000000008004a98                HAL_GetTick
 .text.HAL_Delay
                0x0000000008004aa4       0x24 /Users/dominicfrugoli/Desktop/ProgrammingCode/DaisyCode/DaisyExamples/libDaisy/build/libdaisy.a(stm32h7xx_hal.o)
                0x0000000008004aa4                HAL_Delay
 .text.HAL_GetREVID
                0x0000000008004ac8        0xc /Users/dominicfrugoli/Desktop/ProgrammingCode/DaisyCode/DaisyExamples/libDaisy/build/libdaisy.a(stm32h7xx_hal.o)
                0x0000000008004ac8                HAL_GetREVID
 .text.HAL_ADC_ConvHalfCpltCallback
                0x0000000008004ad4        0x4 /Users/dominicfrugoli/Desktop/ProgrammingCode/DaisyCode/DaisyExamples/libDaisy/build/libdaisy.a(stm32h7xx_hal_adc.o)
                0x0000000008004ad4                HAL_ADC_ConvHalfCpltCallback
 .text.ADC_DMAHalfConvCplt
                0x0000000008004ad8        0xc /Users/dominicfrugoli/Desktop/ProgrammingCode/DaisyCode/DaisyExamples/libDaisy/build/libdaisy.a(stm32h7xx_hal_adc.o)
                0x0000000008004ad8                ADC_DMAHalfConvCplt
 .text.ADC_DMAConvCplt
                0x0000000008004ae4       0x6c /Users/dominicfrugoli/Desktop/ProgrammingCode/DaisyCode/DaisyExamples/libDaisy/build/libdaisy.a(stm32h7xx_hal_adc.o)
                0x0000000008004ae4                ADC_DMAConvCplt
 .text.ADC_DMAError
                0x0000000008004b50       0x1c /Users/dominicfrugoli/Desktop/ProgrammingCode/DaisyCode/DaisyExamples/libDaisy/build/libdaisy.a(stm32h7xx_hal_adc.o)
                0x0000000008004b50                ADC_DMAError
 .text.HAL_ADC_ConfigChannel
                0x0000000008004b6c      0x3fc /Users/dominicfrugoli/Desktop/ProgrammingCode/DaisyCode/DaisyExamples/libDaisy/build/libdaisy.a(stm32h7xx_hal_adc.o)
                0x0000000008004b6c                HAL_ADC_ConfigChannel
 .text.ADC_Enable
                0x0000000008004f68       0xac /Users/dominicfrugoli/Desktop/ProgrammingCode/DaisyCode/DaisyExamples/libDaisy/build/libdaisy.a(stm32h7xx_hal_adc.o)
                0x0000000008004f68                ADC_Enable
 .text.HAL_ADC_Start_DMA
                0x0000000008005014      0x114 /Users/dominicfrugoli/Desktop/ProgrammingCode/DaisyCode/DaisyExamples/libDaisy/build/libdaisy.a(stm32h7xx_hal_adc.o)
                0x0000000008005014                HAL_ADC_Start_DMA
 .text.ADC_Disable
                0x0000000008005128       0x68 /Users/dominicfrugoli/Desktop/ProgrammingCode/DaisyCode/DaisyExamples/libDaisy/build/libdaisy.a(stm32h7xx_hal_adc.o)
                0x0000000008005128                ADC_Disable
 .text.ADC_ConfigureBoostMode
                0x0000000008005190      0x184 /Users/dominicfrugoli/Desktop/ProgrammingCode/DaisyCode/DaisyExamples/libDaisy/build/libdaisy.a(stm32h7xx_hal_adc.o)
                0x0000000008005190                ADC_ConfigureBoostMode
 .text.HAL_ADC_Init
                0x0000000008005314      0x218 /Users/dominicfrugoli/Desktop/ProgrammingCode/DaisyCode/DaisyExamples/libDaisy/build/libdaisy.a(stm32h7xx_hal_adc.o)
                0x0000000008005314                HAL_ADC_Init
 .text.HAL_ADCEx_Calibration_Start
                0x000000000800552c       0xa4 /Users/dominicfrugoli/Desktop/ProgrammingCode/DaisyCode/DaisyExamples/libDaisy/build/libdaisy.a(stm32h7xx_hal_adc_ex.o)
                0x000000000800552c                HAL_ADCEx_Calibration_Start
 .text.HAL_ADCEx_MultiModeConfigChannel
                0x00000000080055d0       0xc4 /Users/dominicfrugoli/Desktop/ProgrammingCode/DaisyCode/DaisyExamples/libDaisy/build/libdaisy.a(stm32h7xx_hal_adc_ex.o)
                0x00000000080055d0                HAL_ADCEx_MultiModeConfigChannel
 .text.HAL_NVIC_SetPriorityGrouping
                0x0000000008005694       0x24 /Users/dominicfrugoli/Desktop/ProgrammingCode/DaisyCode/DaisyExamples/libDaisy/build/libdaisy.a(stm32h7xx_hal_cortex.o)
                0x0000000008005694                HAL_NVIC_SetPriorityGrouping
 .text.HAL_NVIC_SetPriority
                0x00000000080056b8       0x7c /Users/dominicfrugoli/Desktop/ProgrammingCode/DaisyCode/DaisyExamples/libDaisy/build/libdaisy.a(stm32h7xx_hal_cortex.o)
                0x00000000080056b8                HAL_NVIC_SetPriority
 .text.HAL_NVIC_EnableIRQ
                0x0000000008005734       0x1c /Users/dominicfrugoli/Desktop/ProgrammingCode/DaisyCode/DaisyExamples/libDaisy/build/libdaisy.a(stm32h7xx_hal_cortex.o)
                0x0000000008005734                HAL_NVIC_EnableIRQ
 .text.HAL_NVIC_DisableIRQ
                0x0000000008005750       0x28 /Users/dominicfrugoli/Desktop/ProgrammingCode/DaisyCode/DaisyExamples/libDaisy/build/libdaisy.a(stm32h7xx_hal_cortex.o)
                0x0000000008005750                HAL_NVIC_DisableIRQ
 .text.HAL_SYSTICK_Config
                0x0000000008005778       0x2c /Users/dominicfrugoli/Desktop/ProgrammingCode/DaisyCode/DaisyExamples/libDaisy/build/libdaisy.a(stm32h7xx_hal_cortex.o)
                0x0000000008005778                HAL_SYSTICK_Config
 .text.HAL_MPU_Disable
                0x00000000080057a4       0x1c /Users/dominicfrugoli/Desktop/ProgrammingCode/DaisyCode/DaisyExamples/libDaisy/build/libdaisy.a(stm32h7xx_hal_cortex.o)
                0x00000000080057a4                HAL_MPU_Disable
 .text.HAL_MPU_Enable
                0x00000000080057c0       0x20 /Users/dominicfrugoli/Desktop/ProgrammingCode/DaisyCode/DaisyExamples/libDaisy/build/libdaisy.a(stm32h7xx_hal_cortex.o)
                0x00000000080057c0                HAL_MPU_Enable
 .text.HAL_MPU_ConfigRegion
                0x00000000080057e0       0x64 /Users/dominicfrugoli/Desktop/ProgrammingCode/DaisyCode/DaisyExamples/libDaisy/build/libdaisy.a(stm32h7xx_hal_cortex.o)
                0x00000000080057e0                HAL_MPU_ConfigRegion
 .text.HAL_SYSTICK_Callback
                0x0000000008005844        0x4 /Users/dominicfrugoli/Desktop/ProgrammingCode/DaisyCode/DaisyExamples/libDaisy/build/libdaisy.a(stm32h7xx_hal_cortex.o)
                0x0000000008005844                HAL_SYSTICK_Callback
 .text.HAL_SYSTICK_IRQHandler
                0x0000000008005848        0x8 /Users/dominicfrugoli/Desktop/ProgrammingCode/DaisyCode/DaisyExamples/libDaisy/build/libdaisy.a(stm32h7xx_hal_cortex.o)
                0x0000000008005848                HAL_SYSTICK_IRQHandler
 .text.DMA_CalcBaseAndBitshift
                0x0000000008005850       0xf4 /Users/dominicfrugoli/Desktop/ProgrammingCode/DaisyCode/DaisyExamples/libDaisy/build/libdaisy.a(stm32h7xx_hal_dma.o)
 .text.DMA_CalcDMAMUXChannelBaseAndMask
                0x0000000008005944       0xd8 /Users/dominicfrugoli/Desktop/ProgrammingCode/DaisyCode/DaisyExamples/libDaisy/build/libdaisy.a(stm32h7xx_hal_dma.o)
 .text.HAL_DMA_Init
                0x0000000008005a1c      0x37c /Users/dominicfrugoli/Desktop/ProgrammingCode/DaisyCode/DaisyExamples/libDaisy/build/libdaisy.a(stm32h7xx_hal_dma.o)
                0x0000000008005a1c                HAL_DMA_Init
 .text.HAL_DMA_Start_IT
                0x0000000008005d98      0x240 /Users/dominicfrugoli/Desktop/ProgrammingCode/DaisyCode/DaisyExamples/libDaisy/build/libdaisy.a(stm32h7xx_hal_dma.o)
                0x0000000008005d98                HAL_DMA_Start_IT
 .text.HAL_DMA_Abort_IT
                0x0000000008005fd8      0x134 /Users/dominicfrugoli/Desktop/ProgrammingCode/DaisyCode/DaisyExamples/libDaisy/build/libdaisy.a(stm32h7xx_hal_dma.o)
                0x0000000008005fd8                HAL_DMA_Abort_IT
 .text.HAL_DMA_IRQHandler
                0x000000000800610c      0x6a0 /Users/dominicfrugoli/Desktop/ProgrammingCode/DaisyCode/DaisyExamples/libDaisy/build/libdaisy.a(stm32h7xx_hal_dma.o)
                0x000000000800610c                HAL_DMA_IRQHandler
 .text.HAL_DMA_GetError
                0x00000000080067ac        0x4 /Users/dominicfrugoli/Desktop/ProgrammingCode/DaisyCode/DaisyExamples/libDaisy/build/libdaisy.a(stm32h7xx_hal_dma.o)
                0x00000000080067ac                HAL_DMA_GetError
 .text.HAL_GPIO_Init
                0x00000000080067b0      0x280 /Users/dominicfrugoli/Desktop/ProgrammingCode/DaisyCode/DaisyExamples/libDaisy/build/libdaisy.a(stm32h7xx_hal_gpio.o)
                0x00000000080067b0                HAL_GPIO_Init
 .text.HAL_GPIO_DeInit
                0x0000000008006a30      0x190 /Users/dominicfrugoli/Desktop/ProgrammingCode/DaisyCode/DaisyExamples/libDaisy/build/libdaisy.a(stm32h7xx_hal_gpio.o)
                0x0000000008006a30                HAL_GPIO_DeInit
 .text.HAL_GPIO_ReadPin
                0x0000000008006bc0        0xc /Users/dominicfrugoli/Desktop/ProgrammingCode/DaisyCode/DaisyExamples/libDaisy/build/libdaisy.a(stm32h7xx_hal_gpio.o)
                0x0000000008006bc0                HAL_GPIO_ReadPin
 .text.HAL_GPIO_WritePin
                0x0000000008006bcc        0x8 /Users/dominicfrugoli/Desktop/ProgrammingCode/DaisyCode/DaisyExamples/libDaisy/build/libdaisy.a(stm32h7xx_hal_gpio.o)
                0x0000000008006bcc                HAL_GPIO_WritePin
 .text.HAL_HCD_IRQHandler
                0x0000000008006bd4      0x780 /Users/dominicfrugoli/Desktop/ProgrammingCode/DaisyCode/DaisyExamples/libDaisy/build/libdaisy.a(stm32h7xx_hal_hcd.o)
                0x0000000008006bd4                HAL_HCD_IRQHandler
 .text.HAL_HCD_Stop
                0x0000000008007354       0x28 /Users/dominicfrugoli/Desktop/ProgrammingCode/DaisyCode/DaisyExamples/libDaisy/build/libdaisy.a(stm32h7xx_hal_hcd.o)
                0x0000000008007354                HAL_HCD_Stop
 .text.I2C_WaitOnTXISFlagUntilTimeout
                0x000000000800737c       0xb8 /Users/dominicfrugoli/Desktop/ProgrammingCode/DaisyCode/DaisyExamples/libDaisy/build/libdaisy.a(stm32h7xx_hal_i2c.o)
 .text.I2C_WaitOnSTOPFlagUntilTimeout
                0x0000000008007434       0xac /Users/dominicfrugoli/Desktop/ProgrammingCode/DaisyCode/DaisyExamples/libDaisy/build/libdaisy.a(stm32h7xx_hal_i2c.o)
 .text.HAL_I2C_Init
                0x00000000080074e0       0xac /Users/dominicfrugoli/Desktop/ProgrammingCode/DaisyCode/DaisyExamples/libDaisy/build/libdaisy.a(stm32h7xx_hal_i2c.o)
                0x00000000080074e0                HAL_I2C_Init
 .text.HAL_I2C_Master_Transmit
                0x000000000800758c      0x1a8 /Users/dominicfrugoli/Desktop/ProgrammingCode/DaisyCode/DaisyExamples/libDaisy/build/libdaisy.a(stm32h7xx_hal_i2c.o)
                0x000000000800758c                HAL_I2C_Master_Transmit
 .text.HAL_I2C_Slave_Transmit
                0x0000000008007734      0x1c8 /Users/dominicfrugoli/Desktop/ProgrammingCode/DaisyCode/DaisyExamples/libDaisy/build/libdaisy.a(stm32h7xx_hal_i2c.o)
                0x0000000008007734                HAL_I2C_Slave_Transmit
 .text.HAL_I2C_EV_IRQHandler
                0x00000000080078fc       0x10 /Users/dominicfrugoli/Desktop/ProgrammingCode/DaisyCode/DaisyExamples/libDaisy/build/libdaisy.a(stm32h7xx_hal_i2c.o)
                0x00000000080078fc                HAL_I2C_EV_IRQHandler
 .text.HAL_I2C_GetState
                0x000000000800790c        0x8 /Users/dominicfrugoli/Desktop/ProgrammingCode/DaisyCode/DaisyExamples/libDaisy/build/libdaisy.a(stm32h7xx_hal_i2c.o)
                0x000000000800790c                HAL_I2C_GetState
 .text.HAL_I2CEx_ConfigAnalogFilter
                0x0000000008007914       0x54 /Users/dominicfrugoli/Desktop/ProgrammingCode/DaisyCode/DaisyExamples/libDaisy/build/libdaisy.a(stm32h7xx_hal_i2c_ex.o)
                0x0000000008007914                HAL_I2CEx_ConfigAnalogFilter
 .text.HAL_I2CEx_ConfigDigitalFilter
                0x0000000008007968       0x58 /Users/dominicfrugoli/Desktop/ProgrammingCode/DaisyCode/DaisyExamples/libDaisy/build/libdaisy.a(stm32h7xx_hal_i2c_ex.o)
                0x0000000008007968                HAL_I2CEx_ConfigDigitalFilter
 .text.HAL_PCD_IRQHandler
                0x00000000080079c0      0x69c /Users/dominicfrugoli/Desktop/ProgrammingCode/DaisyCode/DaisyExamples/libDaisy/build/libdaisy.a(stm32h7xx_hal_pcd.o)
                0x00000000080079c0                HAL_PCD_IRQHandler
 .text.HAL_PCD_SetAddress
                0x000000000800805c       0x2c /Users/dominicfrugoli/Desktop/ProgrammingCode/DaisyCode/DaisyExamples/libDaisy/build/libdaisy.a(stm32h7xx_hal_pcd.o)
                0x000000000800805c                HAL_PCD_SetAddress
 .text.HAL_PCD_EP_Open
                0x0000000008008088       0x7c /Users/dominicfrugoli/Desktop/ProgrammingCode/DaisyCode/DaisyExamples/libDaisy/build/libdaisy.a(stm32h7xx_hal_pcd.o)
                0x0000000008008088                HAL_PCD_EP_Open
 .text.HAL_PCD_EP_Receive
                0x0000000008008104       0x50 /Users/dominicfrugoli/Desktop/ProgrammingCode/DaisyCode/DaisyExamples/libDaisy/build/libdaisy.a(stm32h7xx_hal_pcd.o)
                0x0000000008008104                HAL_PCD_EP_Receive
 .text.HAL_PCD_EP_Transmit
                0x0000000008008154       0x50 /Users/dominicfrugoli/Desktop/ProgrammingCode/DaisyCode/DaisyExamples/libDaisy/build/libdaisy.a(stm32h7xx_hal_pcd.o)
                0x0000000008008154                HAL_PCD_EP_Transmit
 .text.HAL_PCD_EP_SetStall
                0x00000000080081a4       0x88 /Users/dominicfrugoli/Desktop/ProgrammingCode/DaisyCode/DaisyExamples/libDaisy/build/libdaisy.a(stm32h7xx_hal_pcd.o)
                0x00000000080081a4                HAL_PCD_EP_SetStall
 .text.HAL_PCD_EP_ClrStall
                0x000000000800822c       0x78 /Users/dominicfrugoli/Desktop/ProgrammingCode/DaisyCode/DaisyExamples/libDaisy/build/libdaisy.a(stm32h7xx_hal_pcd.o)
                0x000000000800822c                HAL_PCD_EP_ClrStall
 .text.HAL_PCDEx_LPM_Callback
                0x00000000080082a4        0x4 /Users/dominicfrugoli/Desktop/ProgrammingCode/DaisyCode/DaisyExamples/libDaisy/build/libdaisy.a(stm32h7xx_hal_pcd_ex.o)
                0x00000000080082a4                HAL_PCDEx_LPM_Callback
 .text.HAL_PWREx_ConfigSupply
                0x00000000080082a8       0x4c /Users/dominicfrugoli/Desktop/ProgrammingCode/DaisyCode/DaisyExamples/libDaisy/build/libdaisy.a(stm32h7xx_hal_pwr_ex.o)
                0x00000000080082a8                HAL_PWREx_ConfigSupply
 .text.HAL_PWREx_EnableUSBVoltageDetector
                0x00000000080082f4       0x10 /Users/dominicfrugoli/Desktop/ProgrammingCode/DaisyCode/DaisyExamples/libDaisy/build/libdaisy.a(stm32h7xx_hal_pwr_ex.o)
                0x00000000080082f4                HAL_PWREx_EnableUSBVoltageDetector
 .text.QSPI_Config
                0x0000000008008304      0x174 /Users/dominicfrugoli/Desktop/ProgrammingCode/DaisyCode/DaisyExamples/libDaisy/build/libdaisy.a(stm32h7xx_hal_qspi.o)
 .text.HAL_QSPI_Init
                0x0000000008008478       0xd8 /Users/dominicfrugoli/Desktop/ProgrammingCode/DaisyCode/DaisyExamples/libDaisy/build/libdaisy.a(stm32h7xx_hal_qspi.o)
                0x0000000008008478                HAL_QSPI_Init
 .text.HAL_QSPI_DeInit
                0x0000000008008550       0x3c /Users/dominicfrugoli/Desktop/ProgrammingCode/DaisyCode/DaisyExamples/libDaisy/build/libdaisy.a(stm32h7xx_hal_qspi.o)
                0x0000000008008550                HAL_QSPI_DeInit
 .text.HAL_QSPI_Command
                0x000000000800858c       0xd4 /Users/dominicfrugoli/Desktop/ProgrammingCode/DaisyCode/DaisyExamples/libDaisy/build/libdaisy.a(stm32h7xx_hal_qspi.o)
                0x000000000800858c                HAL_QSPI_Command
 .text.HAL_QSPI_Transmit
                0x0000000008008660       0xfc /Users/dominicfrugoli/Desktop/ProgrammingCode/DaisyCode/DaisyExamples/libDaisy/build/libdaisy.a(stm32h7xx_hal_qspi.o)
                0x0000000008008660                HAL_QSPI_Transmit
 .text.HAL_QSPI_Receive
                0x000000000800875c      0x108 /Users/dominicfrugoli/Desktop/ProgrammingCode/DaisyCode/DaisyExamples/libDaisy/build/libdaisy.a(stm32h7xx_hal_qspi.o)
                0x000000000800875c                HAL_QSPI_Receive
 .text.HAL_QSPI_AutoPolling
                0x0000000008008864       0xf0 /Users/dominicfrugoli/Desktop/ProgrammingCode/DaisyCode/DaisyExamples/libDaisy/build/libdaisy.a(stm32h7xx_hal_qspi.o)
                0x0000000008008864                HAL_QSPI_AutoPolling
 .text.HAL_QSPI_MemoryMapped
                0x0000000008008954       0xc0 /Users/dominicfrugoli/Desktop/ProgrammingCode/DaisyCode/DaisyExamples/libDaisy/build/libdaisy.a(stm32h7xx_hal_qspi.o)
                0x0000000008008954                HAL_QSPI_MemoryMapped
 .text.HAL_QSPI_ErrorCallback
                0x0000000008008a14        0x4 /Users/dominicfrugoli/Desktop/ProgrammingCode/DaisyCode/DaisyExamples/libDaisy/build/libdaisy.a(stm32h7xx_hal_qspi.o)
                0x0000000008008a14                HAL_QSPI_ErrorCallback
 .text.QSPI_DMAAbortCplt
                0x0000000008008a18       0x38 /Users/dominicfrugoli/Desktop/ProgrammingCode/DaisyCode/DaisyExamples/libDaisy/build/libdaisy.a(stm32h7xx_hal_qspi.o)
 .text.HAL_QSPI_AbortCpltCallback
                0x0000000008008a50        0x4 /Users/dominicfrugoli/Desktop/ProgrammingCode/DaisyCode/DaisyExamples/libDaisy/build/libdaisy.a(stm32h7xx_hal_qspi.o)
                0x0000000008008a50                HAL_QSPI_AbortCpltCallback
 .text.HAL_QSPI_CmdCpltCallback
                0x0000000008008a54        0x4 /Users/dominicfrugoli/Desktop/ProgrammingCode/DaisyCode/DaisyExamples/libDaisy/build/libdaisy.a(stm32h7xx_hal_qspi.o)
                0x0000000008008a54                HAL_QSPI_CmdCpltCallback
 .text.HAL_QSPI_RxCpltCallback
                0x0000000008008a58        0x4 /Users/dominicfrugoli/Desktop/ProgrammingCode/DaisyCode/DaisyExamples/libDaisy/build/libdaisy.a(stm32h7xx_hal_qspi.o)
                0x0000000008008a58                HAL_QSPI_RxCpltCallback
 .text.HAL_QSPI_TxCpltCallback
                0x0000000008008a5c        0x4 /Users/dominicfrugoli/Desktop/ProgrammingCode/DaisyCode/DaisyExamples/libDaisy/build/libdaisy.a(stm32h7xx_hal_qspi.o)
                0x0000000008008a5c                HAL_QSPI_TxCpltCallback
 .text.HAL_QSPI_FifoThresholdCallback
                0x0000000008008a60        0x4 /Users/dominicfrugoli/Desktop/ProgrammingCode/DaisyCode/DaisyExamples/libDaisy/build/libdaisy.a(stm32h7xx_hal_qspi.o)
                0x0000000008008a60                HAL_QSPI_FifoThresholdCallback
 .text.HAL_QSPI_StatusMatchCallback
                0x0000000008008a64        0x4 /Users/dominicfrugoli/Desktop/ProgrammingCode/DaisyCode/DaisyExamples/libDaisy/build/libdaisy.a(stm32h7xx_hal_qspi.o)
                0x0000000008008a64                HAL_QSPI_StatusMatchCallback
 .text.HAL_QSPI_TimeOutCallback
                0x0000000008008a68        0x4 /Users/dominicfrugoli/Desktop/ProgrammingCode/DaisyCode/DaisyExamples/libDaisy/build/libdaisy.a(stm32h7xx_hal_qspi.o)
                0x0000000008008a68                HAL_QSPI_TimeOutCallback
 .text.HAL_QSPI_IRQHandler
                0x0000000008008a6c      0x210 /Users/dominicfrugoli/Desktop/ProgrammingCode/DaisyCode/DaisyExamples/libDaisy/build/libdaisy.a(stm32h7xx_hal_qspi.o)
                0x0000000008008a6c                HAL_QSPI_IRQHandler
 .text.HAL_RCC_OscConfig
                0x0000000008008c7c      0x51c /Users/dominicfrugoli/Desktop/ProgrammingCode/DaisyCode/DaisyExamples/libDaisy/build/libdaisy.a(stm32h7xx_hal_rcc.o)
                0x0000000008008c7c                HAL_RCC_OscConfig
 .text.HAL_RCC_GetSysClockFreq
                0x0000000008009198      0x140 /Users/dominicfrugoli/Desktop/ProgrammingCode/DaisyCode/DaisyExamples/libDaisy/build/libdaisy.a(stm32h7xx_hal_rcc.o)
                0x0000000008009198                HAL_RCC_GetSysClockFreq
 .text.HAL_RCC_ClockConfig
                0x00000000080092d8      0x234 /Users/dominicfrugoli/Desktop/ProgrammingCode/DaisyCode/DaisyExamples/libDaisy/build/libdaisy.a(stm32h7xx_hal_rcc.o)
                0x00000000080092d8                HAL_RCC_ClockConfig
 .text.HAL_RCC_GetHCLKFreq
                0x000000000800950c       0x2c /Users/dominicfrugoli/Desktop/ProgrammingCode/DaisyCode/DaisyExamples/libDaisy/build/libdaisy.a(stm32h7xx_hal_rcc.o)
                0x000000000800950c                HAL_RCC_GetHCLKFreq
 .text.HAL_RCC_GetPCLK1Freq
                0x0000000008009538       0x38 /Users/dominicfrugoli/Desktop/ProgrammingCode/DaisyCode/DaisyExamples/libDaisy/build/libdaisy.a(stm32h7xx_hal_rcc.o)
                0x0000000008009538                HAL_RCC_GetPCLK1Freq
 .text.HAL_RCC_GetPCLK2Freq
                0x0000000008009570       0x38 /Users/dominicfrugoli/Desktop/ProgrammingCode/DaisyCode/DaisyExamples/libDaisy/build/libdaisy.a(stm32h7xx_hal_rcc.o)
                0x0000000008009570                HAL_RCC_GetPCLK2Freq
 .text.RCCEx_PLL2_Config
                0x00000000080095a8       0xf4 /Users/dominicfrugoli/Desktop/ProgrammingCode/DaisyCode/DaisyExamples/libDaisy/build/libdaisy.a(stm32h7xx_hal_rcc_ex.o)
 .text.RCCEx_PLL3_Config
                0x000000000800969c       0xf4 /Users/dominicfrugoli/Desktop/ProgrammingCode/DaisyCode/DaisyExamples/libDaisy/build/libdaisy.a(stm32h7xx_hal_rcc_ex.o)
 .text.HAL_RCCEx_PeriphCLKConfig
                0x0000000008009790      0xa7c /Users/dominicfrugoli/Desktop/ProgrammingCode/DaisyCode/DaisyExamples/libDaisy/build/libdaisy.a(stm32h7xx_hal_rcc_ex.o)
                0x0000000008009790                HAL_RCCEx_PeriphCLKConfig
 .text.HAL_RCCEx_GetD3PCLK1Freq
                0x000000000800a20c       0x24 /Users/dominicfrugoli/Desktop/ProgrammingCode/DaisyCode/DaisyExamples/libDaisy/build/libdaisy.a(stm32h7xx_hal_rcc_ex.o)
                0x000000000800a20c                HAL_RCCEx_GetD3PCLK1Freq
 .text.HAL_RCCEx_GetPLL2ClockFreq
                0x000000000800a230      0x17c /Users/dominicfrugoli/Desktop/ProgrammingCode/DaisyCode/DaisyExamples/libDaisy/build/libdaisy.a(stm32h7xx_hal_rcc_ex.o)
                0x000000000800a230                HAL_RCCEx_GetPLL2ClockFreq
 .text.HAL_RCCEx_GetPLL3ClockFreq
                0x000000000800a3ac      0x17c /Users/dominicfrugoli/Desktop/ProgrammingCode/DaisyCode/DaisyExamples/libDaisy/build/libdaisy.a(stm32h7xx_hal_rcc_ex.o)
                0x000000000800a3ac                HAL_RCCEx_GetPLL3ClockFreq
 .text.HAL_RCCEx_GetPLL1ClockFreq
                0x000000000800a528      0x17c /Users/dominicfrugoli/Desktop/ProgrammingCode/DaisyCode/DaisyExamples/libDaisy/build/libdaisy.a(stm32h7xx_hal_rcc_ex.o)
                0x000000000800a528                HAL_RCCEx_GetPLL1ClockFreq
 .text.HAL_RCCEx_GetPeriphCLKFreq
                0x000000000800a6a4      0x198 /Users/dominicfrugoli/Desktop/ProgrammingCode/DaisyCode/DaisyExamples/libDaisy/build/libdaisy.a(stm32h7xx_hal_rcc_ex.o)
                0x000000000800a6a4                HAL_RCCEx_GetPeriphCLKFreq
 .text.HAL_RCCEx_GetD1SysClockFreq
                0x000000000800a83c       0x2c /Users/dominicfrugoli/Desktop/ProgrammingCode/DaisyCode/DaisyExamples/libDaisy/build/libdaisy.a(stm32h7xx_hal_rcc_ex.o)
                0x000000000800a83c                HAL_RCCEx_GetD1SysClockFreq
 .text.HAL_SAI_Init.part.0
                0x000000000800a868      0x348 /Users/dominicfrugoli/Desktop/ProgrammingCode/DaisyCode/DaisyExamples/libDaisy/build/libdaisy.a(stm32h7xx_hal_sai.o)
 .text.HAL_SAI_InitProtocol
                0x000000000800abb0      0x178 /Users/dominicfrugoli/Desktop/ProgrammingCode/DaisyCode/DaisyExamples/libDaisy/build/libdaisy.a(stm32h7xx_hal_sai.o)
                0x000000000800abb0                HAL_SAI_InitProtocol
 .text.HAL_SAI_Transmit_DMA
                0x000000000800ad28      0x124 /Users/dominicfrugoli/Desktop/ProgrammingCode/DaisyCode/DaisyExamples/libDaisy/build/libdaisy.a(stm32h7xx_hal_sai.o)
                0x000000000800ad28                HAL_SAI_Transmit_DMA
 .text.HAL_SAI_Receive_DMA
                0x000000000800ae4c       0xd0 /Users/dominicfrugoli/Desktop/ProgrammingCode/DaisyCode/DaisyExamples/libDaisy/build/libdaisy.a(stm32h7xx_hal_sai.o)
                0x000000000800ae4c                HAL_SAI_Receive_DMA
 .text.HAL_SAI_TxCpltCallback
                0x000000000800af1c        0x4 /Users/dominicfrugoli/Desktop/ProgrammingCode/DaisyCode/DaisyExamples/libDaisy/build/libdaisy.a(stm32h7xx_hal_sai.o)
                0x000000000800af1c                HAL_SAI_TxCpltCallback
 .text.SAI_DMATxCplt
                0x000000000800af20       0x64 /Users/dominicfrugoli/Desktop/ProgrammingCode/DaisyCode/DaisyExamples/libDaisy/build/libdaisy.a(stm32h7xx_hal_sai.o)
 .text.HAL_SAI_TxHalfCpltCallback
                0x000000000800af84        0x4 /Users/dominicfrugoli/Desktop/ProgrammingCode/DaisyCode/DaisyExamples/libDaisy/build/libdaisy.a(stm32h7xx_hal_sai.o)
                0x000000000800af84                HAL_SAI_TxHalfCpltCallback
 .text.SAI_DMATxHalfCplt
                0x000000000800af88        0xc /Users/dominicfrugoli/Desktop/ProgrammingCode/DaisyCode/DaisyExamples/libDaisy/build/libdaisy.a(stm32h7xx_hal_sai.o)
 .text.SAI_DMARxCplt
                0x000000000800af94       0x64 /Users/dominicfrugoli/Desktop/ProgrammingCode/DaisyCode/DaisyExamples/libDaisy/build/libdaisy.a(stm32h7xx_hal_sai.o)
 .text.SAI_DMARxHalfCplt
                0x000000000800aff8        0xc /Users/dominicfrugoli/Desktop/ProgrammingCode/DaisyCode/DaisyExamples/libDaisy/build/libdaisy.a(stm32h7xx_hal_sai.o)
 .text.HAL_SAI_ErrorCallback
                0x000000000800b004        0x4 /Users/dominicfrugoli/Desktop/ProgrammingCode/DaisyCode/DaisyExamples/libDaisy/build/libdaisy.a(stm32h7xx_hal_sai.o)
                0x000000000800b004                HAL_SAI_ErrorCallback
 .text.SAI_DMAError
                0x000000000800b008       0x6c /Users/dominicfrugoli/Desktop/ProgrammingCode/DaisyCode/DaisyExamples/libDaisy/build/libdaisy.a(stm32h7xx_hal_sai.o)
 .text.HAL_SDRAM_Init
                0x000000000800b074       0x54 /Users/dominicfrugoli/Desktop/ProgrammingCode/DaisyCode/DaisyExamples/libDaisy/build/libdaisy.a(stm32h7xx_hal_sdram.o)
                0x000000000800b074                HAL_SDRAM_Init
 .text.HAL_SDRAM_SendCommand
                0x000000000800b0c8       0x40 /Users/dominicfrugoli/Desktop/ProgrammingCode/DaisyCode/DaisyExamples/libDaisy/build/libdaisy.a(stm32h7xx_hal_sdram.o)
                0x000000000800b0c8                HAL_SDRAM_SendCommand
 .text.HAL_SDRAM_ProgramRefreshRate
                0x000000000800b108       0x30 /Users/dominicfrugoli/Desktop/ProgrammingCode/DaisyCode/DaisyExamples/libDaisy/build/libdaisy.a(stm32h7xx_hal_sdram.o)
                0x000000000800b108                HAL_SDRAM_ProgramRefreshRate
 .text.FMC_SDRAM_Init
                0x000000000800b138       0x7c /Users/dominicfrugoli/Desktop/ProgrammingCode/DaisyCode/DaisyExamples/libDaisy/build/libdaisy.a(stm32h7xx_ll_fmc.o)
                0x000000000800b138                FMC_SDRAM_Init
 .text.FMC_SDRAM_Timing_Init
                0x000000000800b1b4       0x98 /Users/dominicfrugoli/Desktop/ProgrammingCode/DaisyCode/DaisyExamples/libDaisy/build/libdaisy.a(stm32h7xx_ll_fmc.o)
                0x000000000800b1b4                FMC_SDRAM_Timing_Init
 .text.FMC_SDRAM_SendCommand
                0x000000000800b24c       0x28 /Users/dominicfrugoli/Desktop/ProgrammingCode/DaisyCode/DaisyExamples/libDaisy/build/libdaisy.a(stm32h7xx_ll_fmc.o)
                0x000000000800b24c                FMC_SDRAM_SendCommand
 .text.FMC_SDRAM_ProgramRefreshRate
                0x000000000800b274       0x1c /Users/dominicfrugoli/Desktop/ProgrammingCode/DaisyCode/DaisyExamples/libDaisy/build/libdaisy.a(stm32h7xx_ll_fmc.o)
                0x000000000800b274                FMC_SDRAM_ProgramRefreshRate
 .text.USB_SetTurnaroundTime
                0x000000000800b290      0x104 /Users/dominicfrugoli/Desktop/ProgrammingCode/DaisyCode/DaisyExamples/libDaisy/build/libdaisy.a(stm32h7xx_ll_usb.o)
                0x000000000800b290                USB_SetTurnaroundTime
 .text.USB_FlushTxFifo
                0x000000000800b394       0x34 /Users/dominicfrugoli/Desktop/ProgrammingCode/DaisyCode/DaisyExamples/libDaisy/build/libdaisy.a(stm32h7xx_ll_usb.o)
                0x000000000800b394                USB_FlushTxFifo
 .text.USB_GetDevSpeed
                0x000000000800b3c8       0x24 /Users/dominicfrugoli/Desktop/ProgrammingCode/DaisyCode/DaisyExamples/libDaisy/build/libdaisy.a(stm32h7xx_ll_usb.o)
                0x000000000800b3c8                USB_GetDevSpeed
 .text.USB_ActivateEndpoint
                0x000000000800b3ec       0x90 /Users/dominicfrugoli/Desktop/ProgrammingCode/DaisyCode/DaisyExamples/libDaisy/build/libdaisy.a(stm32h7xx_ll_usb.o)
                0x000000000800b3ec                USB_ActivateEndpoint
 .text.USB_EPStartXfer
                0x000000000800b47c      0x230 /Users/dominicfrugoli/Desktop/ProgrammingCode/DaisyCode/DaisyExamples/libDaisy/build/libdaisy.a(stm32h7xx_ll_usb.o)
                0x000000000800b47c                USB_EPStartXfer
 .text.USB_EP0StartXfer
                0x000000000800b6ac      0x174 /Users/dominicfrugoli/Desktop/ProgrammingCode/DaisyCode/DaisyExamples/libDaisy/build/libdaisy.a(stm32h7xx_ll_usb.o)
                0x000000000800b6ac                USB_EP0StartXfer
 .text.USB_WritePacket
                0x000000000800b820       0x2c /Users/dominicfrugoli/Desktop/ProgrammingCode/DaisyCode/DaisyExamples/libDaisy/build/libdaisy.a(stm32h7xx_ll_usb.o)
                0x000000000800b820                USB_WritePacket
 .text.USB_ReadPacket
                0x000000000800b84c       0x20 /Users/dominicfrugoli/Desktop/ProgrammingCode/DaisyCode/DaisyExamples/libDaisy/build/libdaisy.a(stm32h7xx_ll_usb.o)
                0x000000000800b84c                USB_ReadPacket
 .text.USB_EPSetStall
                0x000000000800b86c       0x68 /Users/dominicfrugoli/Desktop/ProgrammingCode/DaisyCode/DaisyExamples/libDaisy/build/libdaisy.a(stm32h7xx_ll_usb.o)
                0x000000000800b86c                USB_EPSetStall
 .text.USB_EPClearStall
                0x000000000800b8d4       0x58 /Users/dominicfrugoli/Desktop/ProgrammingCode/DaisyCode/DaisyExamples/libDaisy/build/libdaisy.a(stm32h7xx_ll_usb.o)
                0x000000000800b8d4                USB_EPClearStall
 .text.USB_SetDevAddress
                0x000000000800b92c       0x24 /Users/dominicfrugoli/Desktop/ProgrammingCode/DaisyCode/DaisyExamples/libDaisy/build/libdaisy.a(stm32h7xx_ll_usb.o)
                0x000000000800b92c                USB_SetDevAddress
 .text.USB_ReadInterrupts
                0x000000000800b950       0x14 /Users/dominicfrugoli/Desktop/ProgrammingCode/DaisyCode/DaisyExamples/libDaisy/build/libdaisy.a(stm32h7xx_ll_usb.o)
                0x000000000800b950                USB_ReadInterrupts
 .text.USB_ReadDevAllOutEpInterrupt
                0x000000000800b964       0x1c /Users/dominicfrugoli/Desktop/ProgrammingCode/DaisyCode/DaisyExamples/libDaisy/build/libdaisy.a(stm32h7xx_ll_usb.o)
                0x000000000800b964                USB_ReadDevAllOutEpInterrupt
 .text.USB_ReadDevAllInEpInterrupt
                0x000000000800b980       0x1c /Users/dominicfrugoli/Desktop/ProgrammingCode/DaisyCode/DaisyExamples/libDaisy/build/libdaisy.a(stm32h7xx_ll_usb.o)
                0x000000000800b980                USB_ReadDevAllInEpInterrupt
 .text.USB_ReadDevOutEPInterrupt
                0x000000000800b99c       0x1c /Users/dominicfrugoli/Desktop/ProgrammingCode/DaisyCode/DaisyExamples/libDaisy/build/libdaisy.a(stm32h7xx_ll_usb.o)
                0x000000000800b99c                USB_ReadDevOutEPInterrupt
 .text.USB_ReadDevInEPInterrupt
                0x000000000800b9b8       0x38 /Users/dominicfrugoli/Desktop/ProgrammingCode/DaisyCode/DaisyExamples/libDaisy/build/libdaisy.a(stm32h7xx_ll_usb.o)
                0x000000000800b9b8                USB_ReadDevInEPInterrupt
 .text.USB_GetMode
                0x000000000800b9f0        0x8 /Users/dominicfrugoli/Desktop/ProgrammingCode/DaisyCode/DaisyExamples/libDaisy/build/libdaisy.a(stm32h7xx_ll_usb.o)
                0x000000000800b9f0                USB_GetMode
 .text.USB_ActivateSetup
                0x000000000800b9f8       0x38 /Users/dominicfrugoli/Desktop/ProgrammingCode/DaisyCode/DaisyExamples/libDaisy/build/libdaisy.a(stm32h7xx_ll_usb.o)
                0x000000000800b9f8                USB_ActivateSetup
 .text.USB_EP0_OutStart
                0x000000000800ba30       0x58 /Users/dominicfrugoli/Desktop/ProgrammingCode/DaisyCode/DaisyExamples/libDaisy/build/libdaisy.a(stm32h7xx_ll_usb.o)
                0x000000000800ba30                USB_EP0_OutStart
 .text.USB_InitFSLSPClkSel
                0x000000000800ba88       0x44 /Users/dominicfrugoli/Desktop/ProgrammingCode/DaisyCode/DaisyExamples/libDaisy/build/libdaisy.a(stm32h7xx_ll_usb.o)
                0x000000000800ba88                USB_InitFSLSPClkSel
 .text.USB_HC_ReadInterrupt
                0x000000000800bacc        0x8 /Users/dominicfrugoli/Desktop/ProgrammingCode/DaisyCode/DaisyExamples/libDaisy/build/libdaisy.a(stm32h7xx_ll_usb.o)
                0x000000000800bacc                USB_HC_ReadInterrupt
 .text.USB_HC_Halt
                0x000000000800bad4       0xc0 /Users/dominicfrugoli/Desktop/ProgrammingCode/DaisyCode/DaisyExamples/libDaisy/build/libdaisy.a(stm32h7xx_ll_usb.o)
                0x000000000800bad4                USB_HC_Halt
 .text.USB_StopHost
                0x000000000800bb94      0x2ec /Users/dominicfrugoli/Desktop/ProgrammingCode/DaisyCode/DaisyExamples/libDaisy/build/libdaisy.a(stm32h7xx_ll_usb.o)
                0x000000000800bb94                USB_StopHost
 .text.USBD_SetClassConfig
                0x000000000800be80       0x14 /Users/dominicfrugoli/Desktop/ProgrammingCode/DaisyCode/DaisyExamples/libDaisy/build/libdaisy.a(usbd_core.o)
                0x000000000800be80                USBD_SetClassConfig
 .text.USBD_ClrClassConfig
                0x000000000800be94       0x10 /Users/dominicfrugoli/Desktop/ProgrammingCode/DaisyCode/DaisyExamples/libDaisy/build/libdaisy.a(usbd_core.o)
                0x000000000800be94                USBD_ClrClassConfig
 .text.USBD_LL_SetupStage
                0x000000000800bea4       0x5c /Users/dominicfrugoli/Desktop/ProgrammingCode/DaisyCode/DaisyExamples/libDaisy/build/libdaisy.a(usbd_core.o)
                0x000000000800bea4                USBD_LL_SetupStage
 .text.USBD_LL_DataOutStage
                0x000000000800bf00       0x7c /Users/dominicfrugoli/Desktop/ProgrammingCode/DaisyCode/DaisyExamples/libDaisy/build/libdaisy.a(usbd_core.o)
                0x000000000800bf00                USBD_LL_DataOutStage
 .text.USBD_LL_DataInStage
                0x000000000800bf7c       0xcc /Users/dominicfrugoli/Desktop/ProgrammingCode/DaisyCode/DaisyExamples/libDaisy/build/libdaisy.a(usbd_core.o)
                0x000000000800bf7c                USBD_LL_DataInStage
 .text.USBD_LL_Reset
                0x000000000800c048       0x50 /Users/dominicfrugoli/Desktop/ProgrammingCode/DaisyCode/DaisyExamples/libDaisy/build/libdaisy.a(usbd_core.o)
                0x000000000800c048                USBD_LL_Reset
 .text.USBD_LL_SetSpeed
                0x000000000800c098        0x8 /Users/dominicfrugoli/Desktop/ProgrammingCode/DaisyCode/DaisyExamples/libDaisy/build/libdaisy.a(usbd_core.o)
                0x000000000800c098                USBD_LL_SetSpeed
 .text.USBD_LL_Suspend
                0x000000000800c0a0       0x14 /Users/dominicfrugoli/Desktop/ProgrammingCode/DaisyCode/DaisyExamples/libDaisy/build/libdaisy.a(usbd_core.o)
                0x000000000800c0a0                USBD_LL_Suspend
 .text.USBD_LL_Resume
                0x000000000800c0b4       0x10 /Users/dominicfrugoli/Desktop/ProgrammingCode/DaisyCode/DaisyExamples/libDaisy/build/libdaisy.a(usbd_core.o)
                0x000000000800c0b4                USBD_LL_Resume
 .text.USBD_LL_SOF
                0x000000000800c0c4       0x1c /Users/dominicfrugoli/Desktop/ProgrammingCode/DaisyCode/DaisyExamples/libDaisy/build/libdaisy.a(usbd_core.o)
                0x000000000800c0c4                USBD_LL_SOF
 .text.USBD_LL_IsoINIncomplete
                0x000000000800c0e0        0x4 /Users/dominicfrugoli/Desktop/ProgrammingCode/DaisyCode/DaisyExamples/libDaisy/build/libdaisy.a(usbd_core.o)
                0x000000000800c0e0                USBD_LL_IsoINIncomplete
 .text.USBD_LL_IsoOUTIncomplete
                0x000000000800c0e4        0x4 /Users/dominicfrugoli/Desktop/ProgrammingCode/DaisyCode/DaisyExamples/libDaisy/build/libdaisy.a(usbd_core.o)
                0x000000000800c0e4                USBD_LL_IsoOUTIncomplete
 .text.USBD_LL_DevConnected
                0x000000000800c0e8        0x4 /Users/dominicfrugoli/Desktop/ProgrammingCode/DaisyCode/DaisyExamples/libDaisy/build/libdaisy.a(usbd_core.o)
                0x000000000800c0e8                USBD_LL_DevConnected
 .text.USBD_LL_DevDisconnected
                0x000000000800c0ec       0x18 /Users/dominicfrugoli/Desktop/ProgrammingCode/DaisyCode/DaisyExamples/libDaisy/build/libdaisy.a(usbd_core.o)
                0x000000000800c0ec                USBD_LL_DevDisconnected
 .text.USBD_StdDevReq
                0x000000000800c104      0x304 /Users/dominicfrugoli/Desktop/ProgrammingCode/DaisyCode/DaisyExamples/libDaisy/build/libdaisy.a(usbd_ctlreq.o)
                0x000000000800c104                USBD_StdDevReq
 .text.USBD_StdItfReq
                0x000000000800c408       0x68 /Users/dominicfrugoli/Desktop/ProgrammingCode/DaisyCode/DaisyExamples/libDaisy/build/libdaisy.a(usbd_ctlreq.o)
                0x000000000800c408                USBD_StdItfReq
 .text.USBD_StdEPReq
                0x000000000800c470      0x13c /Users/dominicfrugoli/Desktop/ProgrammingCode/DaisyCode/DaisyExamples/libDaisy/build/libdaisy.a(usbd_ctlreq.o)
                0x000000000800c470                USBD_StdEPReq
 .text.USBD_ParseSetupRequest
                0x000000000800c5ac       0x28 /Users/dominicfrugoli/Desktop/ProgrammingCode/DaisyCode/DaisyExamples/libDaisy/build/libdaisy.a(usbd_ctlreq.o)
                0x000000000800c5ac                USBD_ParseSetupRequest
 .text.USBD_CtlSendData
                0x000000000800c5d4       0x1c /Users/dominicfrugoli/Desktop/ProgrammingCode/DaisyCode/DaisyExamples/libDaisy/build/libdaisy.a(usbd_ioreq.o)
                0x000000000800c5d4                USBD_CtlSendData
 .text.USBD_CtlContinueSendData
                0x000000000800c5f0       0x14 /Users/dominicfrugoli/Desktop/ProgrammingCode/DaisyCode/DaisyExamples/libDaisy/build/libdaisy.a(usbd_ioreq.o)
                0x000000000800c5f0                USBD_CtlContinueSendData
 .text.USBD_CtlContinueRx
                0x000000000800c604       0x14 /Users/dominicfrugoli/Desktop/ProgrammingCode/DaisyCode/DaisyExamples/libDaisy/build/libdaisy.a(usbd_ioreq.o)
                0x000000000800c604                USBD_CtlContinueRx
 .text.USBD_CtlSendStatus
                0x000000000800c618       0x18 /Users/dominicfrugoli/Desktop/ProgrammingCode/DaisyCode/DaisyExamples/libDaisy/build/libdaisy.a(usbd_ioreq.o)
                0x000000000800c618                USBD_CtlSendStatus
 .text.USBD_CtlReceiveStatus
                0x000000000800c630       0x18 /Users/dominicfrugoli/Desktop/ProgrammingCode/DaisyCode/DaisyExamples/libDaisy/build/libdaisy.a(usbd_ioreq.o)
                0x000000000800c630                USBD_CtlReceiveStatus
 .text.USBH_LL_IncTimer
                0x000000000800c648       0x20 /Users/dominicfrugoli/Desktop/ProgrammingCode/DaisyCode/DaisyExamples/libDaisy/build/libdaisy.a(usbh_core.o)
                0x000000000800c648                USBH_LL_IncTimer
 .text.USBH_LL_PortEnabled
                0x000000000800c668        0x8 /Users/dominicfrugoli/Desktop/ProgrammingCode/DaisyCode/DaisyExamples/libDaisy/build/libdaisy.a(usbh_core.o)
                0x000000000800c668                USBH_LL_PortEnabled
 .text.USBH_LL_PortDisabled
                0x000000000800c670        0x8 /Users/dominicfrugoli/Desktop/ProgrammingCode/DaisyCode/DaisyExamples/libDaisy/build/libdaisy.a(usbh_core.o)
                0x000000000800c670                USBH_LL_PortDisabled
 .text.USBH_LL_Connect
                0x000000000800c678       0x18 /Users/dominicfrugoli/Desktop/ProgrammingCode/DaisyCode/DaisyExamples/libDaisy/build/libdaisy.a(usbh_core.o)
                0x000000000800c678                USBH_LL_Connect
 .text.USBH_LL_Disconnect
                0x000000000800c690       0x2c /Users/dominicfrugoli/Desktop/ProgrammingCode/DaisyCode/DaisyExamples/libDaisy/build/libdaisy.a(usbh_core.o)
                0x000000000800c690                USBH_LL_Disconnect
 .text.USBH_FreePipe
                0x000000000800c6bc       0x18 /Users/dominicfrugoli/Desktop/ProgrammingCode/DaisyCode/DaisyExamples/libDaisy/build/libdaisy.a(usbh_pipes.o)
                0x000000000800c6bc                USBH_FreePipe
 .text._ZN5daisy6Random4InitEv
                0x000000000800c6d4       0x3c /Users/dominicfrugoli/Desktop/ProgrammingCode/DaisyCode/DaisyExamples/libDaisy/build/libdaisy.a(rng.o)
                0x000000000800c6d4                daisy::Random::Init()
 .text._ZN5daisy9SpiHandle4Impl7InitDmaEv
                0x000000000800c710       0xec /Users/dominicfrugoli/Desktop/ProgrammingCode/DaisyCode/DaisyExamples/libDaisy/build/libdaisy.a(spi.o)
                0x000000000800c710                daisy::SpiHandle::Impl::InitDma()
 .text._ZN5daisy9SpiHandle4Impl10StartDmaTxEPhjPFvPvEPFvS3_NS0_6ResultEES3_
                0x000000000800c7fc       0xc8 /Users/dominicfrugoli/Desktop/ProgrammingCode/DaisyCode/DaisyExamples/libDaisy/build/libdaisy.a(spi.o)
                0x000000000800c7fc                daisy::SpiHandle::Impl::StartDmaTx(unsigned char*, unsigned int, void (*)(void*), void (*)(void*, daisy::SpiHandle::Result), void*)
 .text._ZN5daisy9SpiHandle4Impl10StartDmaRxEPhjPFvPvEPFvS3_NS0_6ResultEES3_
                0x000000000800c8c4       0xc8 /Users/dominicfrugoli/Desktop/ProgrammingCode/DaisyCode/DaisyExamples/libDaisy/build/libdaisy.a(spi.o)
                0x000000000800c8c4                daisy::SpiHandle::Impl::StartDmaRx(unsigned char*, unsigned int, void (*)(void*), void (*)(void*, daisy::SpiHandle::Result), void*)
 .text._ZN5daisy9SpiHandle4Impl12StartDmaRxTxEPhS2_jPFvPvEPFvS3_NS0_6ResultEES3_
                0x000000000800c98c       0xcc /Users/dominicfrugoli/Desktop/ProgrammingCode/DaisyCode/DaisyExamples/libDaisy/build/libdaisy.a(spi.o)
                0x000000000800c98c                daisy::SpiHandle::Impl::StartDmaRxTx(unsigned char*, unsigned char*, unsigned int, void (*)(void*), void (*)(void*, daisy::SpiHandle::Result), void*)
 .text._ZN5daisy9SpiHandle4Impl8InitPinsEv
                0x000000000800ca58      0x274 /Users/dominicfrugoli/Desktop/ProgrammingCode/DaisyCode/DaisyExamples/libDaisy/build/libdaisy.a(spi.o)
                0x000000000800ca58                daisy::SpiHandle::Impl::InitPins()
 .text.HAL_SPI_MspInit
                0x000000000800cccc      0x1a8 /Users/dominicfrugoli/Desktop/ProgrammingCode/DaisyCode/DaisyExamples/libDaisy/build/libdaisy.a(spi.o)
                0x000000000800cccc                HAL_SPI_MspInit
 .text.dsy_spi_global_init
                0x000000000800ce74       0x80 /Users/dominicfrugoli/Desktop/ProgrammingCode/DaisyCode/DaisyExamples/libDaisy/build/libdaisy.a(spi.o)
                0x000000000800ce74                dsy_spi_global_init
 .text.SPI1_IRQHandler
                0x000000000800cef4        0xc /Users/dominicfrugoli/Desktop/ProgrammingCode/DaisyCode/DaisyExamples/libDaisy/build/libdaisy.a(spi.o)
                0x000000000800cef4                SPI1_IRQHandler
 .text.SPI2_IRQHandler
                0x000000000800cf00        0xc /Users/dominicfrugoli/Desktop/ProgrammingCode/DaisyCode/DaisyExamples/libDaisy/build/libdaisy.a(spi.o)
                0x000000000800cf00                SPI2_IRQHandler
 .text.SPI3_IRQHandler
                0x000000000800cf0c        0xc /Users/dominicfrugoli/Desktop/ProgrammingCode/DaisyCode/DaisyExamples/libDaisy/build/libdaisy.a(spi.o)
                0x000000000800cf0c                SPI3_IRQHandler
 .text.SPI4_IRQHandler
                0x000000000800cf18        0xc /Users/dominicfrugoli/Desktop/ProgrammingCode/DaisyCode/DaisyExamples/libDaisy/build/libdaisy.a(spi.o)
                0x000000000800cf18                SPI4_IRQHandler
 .text.SPI5_IRQHandler
                0x000000000800cf24        0xc /Users/dominicfrugoli/Desktop/ProgrammingCode/DaisyCode/DaisyExamples/libDaisy/build/libdaisy.a(spi.o)
                0x000000000800cf24                SPI5_IRQHandler
 .text.DMA2_Stream2_IRQHandler
                0x000000000800cf30       0x34 /Users/dominicfrugoli/Desktop/ProgrammingCode/DaisyCode/DaisyExamples/libDaisy/build/libdaisy.a(spi.o)
                0x000000000800cf30                DMA2_Stream2_IRQHandler
 .text.DMA2_Stream3_IRQHandler
                0x000000000800cf64       0x38 /Users/dominicfrugoli/Desktop/ProgrammingCode/DaisyCode/DaisyExamples/libDaisy/build/libdaisy.a(spi.o)
                0x000000000800cf64                DMA2_Stream3_IRQHandler
 .text.HAL_SPI_TxCpltCallback
                0x000000000800cf9c       0xc4 /Users/dominicfrugoli/Desktop/ProgrammingCode/DaisyCode/DaisyExamples/libDaisy/build/libdaisy.a(spi.o)
                0x000000000800cf9c                HAL_SPI_TxCpltCallback
 .text.HAL_SPI_RxCpltCallback
                0x000000000800d060       0xc4 /Users/dominicfrugoli/Desktop/ProgrammingCode/DaisyCode/DaisyExamples/libDaisy/build/libdaisy.a(spi.o)
                0x000000000800d060                HAL_SPI_RxCpltCallback
 .text.HAL_SPI_TxRxCpltCallback
                0x000000000800d124       0xc4 /Users/dominicfrugoli/Desktop/ProgrammingCode/DaisyCode/DaisyExamples/libDaisy/build/libdaisy.a(spi.o)
                0x000000000800d124                HAL_SPI_TxRxCpltCallback
 .text.HAL_SPI_ErrorCallback
                0x000000000800d1e8       0xc8 /Users/dominicfrugoli/Desktop/ProgrammingCode/DaisyCode/DaisyExamples/libDaisy/build/libdaisy.a(spi.o)
                0x000000000800d1e8                HAL_SPI_ErrorCallback
 .text.startup._GLOBAL__sub_I__Z19MapInstanceToHandleP11SPI_TypeDef
                0x000000000800d2b0      0x1b0 /Users/dominicfrugoli/Desktop/ProgrammingCode/DaisyCode/DaisyExamples/libDaisy/build/libdaisy.a(spi.o)
 .text.HAL_TIM_Base_MspInit
                0x000000000800d460      0x1e0 /Users/dominicfrugoli/Desktop/ProgrammingCode/DaisyCode/DaisyExamples/libDaisy/build/libdaisy.a(tim.o)